2017-10-30 19:06:19.698100 INFO [valence.camelot.suite.__init__:86] [MainProcess:MainThread] Local artifacts will be stored at: /home/hnathani/vl_artifacts/TsBulkVolOperationsSFtoSFS3Swift-2017-10-30T14.06.19
2017-10-30 19:06:19.699914 INFO [sf_platform.core.artifacts._copy_artifact:1178] [MainProcess:MainThread] successfully stored artifact: /home/hnathani/vl_artifacts/TsBulkVolOperationsSFtoSFS3Swift-2017-10-30T14.06.19/tmpLSVdmI/suite_resources-kqp7io.json
2017-10-30 19:06:19.700063 DEBUG [sf_platform.core.artifacts._log_artifact:78] [MainProcess:MainThread] ARTIFACT STORED AT: /home/hnathani/vl_artifacts/TsBulkVolOperationsSFtoSFS3Swift-2017-10-30T14.06.19/tmpLSVdmI/suite_resources-kqp7io.json
2017-10-30 19:06:19.700660 INFO [sf_platform.core.artifacts._copy_artifact:1178] [MainProcess:MainThread] successfully stored artifact: /home/hnathani/vl_artifacts/TsBulkVolOperationsSFtoSFS3Swift-2017-10-30T14.06.19/tmpLSVdmI/suite_config-rE8Ufs.json
2017-10-30 19:06:19.700799 DEBUG [sf_platform.core.artifacts._log_artifact:78] [MainProcess:MainThread] ARTIFACT STORED AT: /home/hnathani/vl_artifacts/TsBulkVolOperationsSFtoSFS3Swift-2017-10-30T14.06.19/tmpLSVdmI/suite_config-rE8Ufs.json
2017-10-30 19:06:19.703164 DEBUG [sf_platform.core.http_utils.__init__:255] [MainProcess:MainThread] Authenticating to https://10.117.78.245/json-rpc/1.0 with admin:admin
2017-10-30 19:06:19.704438 DEBUG [sf_platform.core.retry_handlers.retry_wrapper:624] [MainProcess:MainThread] CallContext 0: UUID=0-699a00dc-bda5-11e7-89b9-6c0b84e27010, function=validate_auth, call_stack=[/home/hnathani/repos/suites_refresh/nathaniel/nathaniel-sr-autoplatform/sf_platform/core/http_utils.py:__init__:277, from /home/hnathani/repos/suites_refresh/nathaniel/nathaniel-sr-autoplatform/sf_platform/core/http_utils.py:__init__:441, from /home/hnathani/repos/suites_refresh/nathaniel/nathaniel-sr-autoplatform/sf_platform/core/http_utils.py:__init__:557, from /home/hnathani/repos/suites_refresh/nathaniel/nathaniel-sr-autoplatform/sf_platform/core/http_utils.py:web_auth:686, from /home/hnathani/repos/suites_refresh/nathaniel/nathaniel-sr-autoplatform/sf_platform/core/http_utils.py:cluster_auth:702]
2017-10-30 19:06:19.704609 DEBUG [sf_platform.core.http_utils.validate_auth:344] [MainProcess:MainThread] Authenticating to url https://10.117.78.245/json-rpc/1.0
2017-10-30 19:06:19.704745 DEBUG [autologger.main.log:241] [MainProcess:MainThread] Sending HTTP GET request to server_url: https://10.117.78.245/json-rpc/1.0; None.
2017-10-30 19:06:20.441002 DEBUG [sf_platform.core.retry_handlers.retry_wrapper:636] [MainProcess:MainThread] CallContext 0 SUCCEEDED.
2017-10-30 19:06:20.442997 DEBUG [sf_platform.core.retry_handlers.retry_wrapper:624] [MainProcess:MainThread] CallContext 1: UUID=1-699a00dd-bda5-11e7-89b9-6c0b84e27010, function=update_version, call_stack=[/home/hnathani/repos/suites_refresh/nathaniel/nathaniel-sr-autoplatform/sf_platform/core/http_utils.py:__init__:279, from /home/hnathani/repos/suites_refresh/nathaniel/nathaniel-sr-autoplatform/sf_platform/core/http_utils.py:__init__:441, from /home/hnathani/repos/suites_refresh/nathaniel/nathaniel-sr-autoplatform/sf_platform/core/http_utils.py:__init__:557, from /home/hnathani/repos/suites_refresh/nathaniel/nathaniel-sr-autoplatform/sf_platform/core/http_utils.py:web_auth:686, from /home/hnathani/repos/suites_refresh/nathaniel/nathaniel-sr-autoplatform/sf_platform/core/http_utils.py:cluster_auth:702]
2017-10-30 19:06:20.443407 DEBUG [autologger.main.log:241] [MainProcess:MainThread] JSON-RPC-POST: method=GetAPI, url=https://10.117.78.245/json-rpc/1.0, id=1
2017-10-30 19:06:20.443738 DEBUG [autologger.main.log:241] [MainProcess:MainThread] Sending HTTP POST request to server_url: https://10.117.78.245/json-rpc/1.0; {"params": null, "method": "GetAPI", "id": 1}.
2017-10-30 19:06:21.176747 DEBUG [autologger.main.log:241] [MainProcess:MainThread] JSON-RPC-POST response: {"id": 1, "result": {"supportedVersions": ["1.0", "2.0", "3.0", "4.0", "5.0", "5.1", "6.0", "7.0", "7.1", "7.2", "7.3", "7.4", "8.0", "8.1", "8.2", "8.3", "8.4", "8.5", "8.6", "8.7", "9.0", "9.1", "9.2", "9.3", "10.0"], "currentVersion": "10.0", "1.0": ["AddAccount", "AddClusterAdmin", "AddDrives", "AddNodes", "ClearClusterFaults", "CloneVolume", "CreateVolume", "DeleteVolume", "GetAccountByID", "GetAccountByName", "GetAsyncResult", "GetClusterCapacity", "GetClusterFullThreshold", "GetClusterHardwareInfo", "GetClusterInfo", "GetClusterMasterNodeID", "GetClusterStats", "GetClusterVersionInfo", "GetCompleteStats", "GetDefaultQoS", "GetDriveHardwareInfo", "GetDriveStats", "GetLimits", "GetNodeHardwareInfo", "GetNodeStats", "GetNtpInfo", "GetRawStats", "GetRemoteLoggingHosts", "GetSnmpInfo", "GetVolumeStats", "ListAccounts", "ListActiveNodes", "ListActiveVolumes", "ListAllNodes", "ListCloneJobs", "ListClusterAdmins", "ListClusterCapacityHistory", "ListClusterFaults", "ListDeletedVolumes", "ListDrives", "ListEvents", "ListISCSISessions", "ListPendingNodes", "ListServices", "ListSyncJobs", "ListVolumeStatsByAccount", "ListVolumeStatsByVolume", "ListVolumesForAccount", "ModifyAccount", "ModifyClusterAdmin", "ModifyClusterFullThreshold", "ModifyVolume", "ProtocolVersionUpgrade", "ProtocolVersionUpgradeAvailable", "PurgeDeletedVolume", "RemoveAccount", "RemoveClusterAdmin", "RemoveDrives", "RemoveNodes", "RestoreDeletedVolume", "SetNtpInfo", "SetRemoteLoggingHosts", "SetSnmpInfo", "Shutdown"]}}
2017-10-30 19:06:21.177306 DEBUG [autologger.main.log:241] [MainProcess:MainThread] Sending HTTP POST request to server_url: https://10.117.78.245/json-rpc/10.0; None.
2017-10-30 19:06:21.909988 DEBUG [sf_platform.core.retry_handlers.retry_wrapper:636] [MainProcess:MainThread] CallContext 1 SUCCEEDED.
2017-10-30 19:06:21.913823 DEBUG [sf_platform.core.retry_handlers.retry_wrapper:624] [MainProcess:MainThread] CallContext 2: UUID=2-6aeb1da4-bda5-11e7-89b9-6c0b84e27010, function=call_readonly_cluster_api, call_stack=[/home/hnathani/repos/suites_refresh/nathaniel/nathaniel-sr-autoplatform/sf_platform/cluster_api.py:list_all_nodes:3037, from /home/hnathani/repos/suites_refresh/nathaniel/nathaniel-sr-autotest-content/framework/cluster_helpers/utils.py:auth_nodes:27, from /home/hnathani/repos/suites_refresh/nathaniel/nathaniel-sr-autotest-content/framework/cluster_helpers/utils.py:auth_cluster:21, from /home/hnathani/repos/suites_refresh/nathaniel/nathaniel-sr-autotest-content/tests/bulk_volume/cases/base_test_case.py:__init__:67, from /home/hnathani/repos/suites_refresh/nathaniel/nathaniel-sr-autotest-content/tests/bulk_volume/cases/bulk_volume_operations.py:__init__:76]
2017-10-30 19:06:21.914248 DEBUG [autologger.main.log:241] [MainProcess:MainThread] JSON-RPC-POST: method=ListAllNodes, url=https://10.117.78.245/json-rpc/10.0, id=2
2017-10-30 19:06:21.914560 DEBUG [autologger.main.log:241] [MainProcess:MainThread] Sending HTTP POST request to server_url: https://10.117.78.245/json-rpc/10.0; {"params": {}, "method": "ListAllNodes", "id": 2}.
2017-10-30 19:06:22.648135 DEBUG [autologger.main.log:241] [MainProcess:MainThread] JSON-RPC-POST response: {"id": 2, "result": {"pendingNodes": [], "nodes": [{"sip": "10.117.80.23", "mipi": "Bond1G", "name": "NLABP0719", "platformInfo": {"platformConfigVersion": "10.0.0.282", "nodeType": "SF3010", "cpuModel": "Intel(R) Xeon(R) CPU E5-2640 0 @ 2.50GHz", "nodeMemoryGB": 72, "chassisType": "R620"}, "nodeSlot": "", "virtualNetworks": [], "nodeID": 1, "sipi": "Bond10G", "mip": "10.117.64.23", "softwareVersion": "10.0.0.282", "cip": "10.117.80.23", "fibreChannelTargetPortGroup": null, "attributes": {}, "associatedFServiceID": 0, "associatedMasterServiceID": 1, "cipi": "Bond10G", "uuid": "4C4C4544-0032-3610-8038-B3C04F585631"}], "pendingActiveNodes": []}}
2017-10-30 19:06:22.648583 DEBUG [sf_platform.core.retry_handlers.retry_wrapper:636] [MainProcess:MainThread] CallContext 2 SUCCEEDED.
2017-10-30 19:06:22.649046 DEBUG [sf_platform.core.http_utils.__init__:255] [MainProcess:MainThread] Authenticating to https://10.117.64.23:442/json-rpc/5.0 with admin:admin
2017-10-30 19:06:22.650783 DEBUG [sf_platform.core.retry_handlers.retry_wrapper:624] [MainProcess:MainThread] CallContext 3: UUID=3-6aeb1da5-bda5-11e7-89b9-6c0b84e27010, function=validate_auth, call_stack=[/home/hnathani/repos/suites_refresh/nathaniel/nathaniel-sr-autoplatform/sf_platform/core/http_utils.py:__init__:277, from /home/hnathani/repos/suites_refresh/nathaniel/nathaniel-sr-autoplatform/sf_platform/core/http_utils.py:__init__:441, from /home/hnathani/repos/suites_refresh/nathaniel/nathaniel-sr-autoplatform/sf_platform/core/http_utils.py:web_auth:686, from /home/hnathani/repos/suites_refresh/nathaniel/nathaniel-sr-autoplatform/sf_platform/core/http_utils.py:node_auth:719, from /home/hnathani/repos/suites_refresh/nathaniel/nathaniel-sr-autotest-content/framework/cluster_helpers/utils.py:auth_nodes_1g:38]
2017-10-30 19:06:22.651135 DEBUG [sf_platform.core.http_utils.validate_auth:344] [MainProcess:MainThread] Authenticating to url https://10.117.64.23:442/json-rpc/5.0
2017-10-30 19:06:22.651408 DEBUG [autologger.main.log:241] [MainProcess:MainThread] Sending HTTP GET request to server_url: https://10.117.64.23:442/json-rpc/5.0; None.
2017-10-30 19:06:23.398577 DEBUG [sf_platform.core.retry_handlers.retry_wrapper:636] [MainProcess:MainThread] CallContext 3 SUCCEEDED.
2017-10-30 19:06:23.400438 DEBUG [sf_platform.core.retry_handlers.retry_wrapper:624] [MainProcess:MainThread] CallContext 4: UUID=4-6bcdf50c-bda5-11e7-89b9-6c0b84e27010, function=update_version, call_stack=[/home/hnathani/repos/suites_refresh/nathaniel/nathaniel-sr-autoplatform/sf_platform/core/http_utils.py:__init__:279, from /home/hnathani/repos/suites_refresh/nathaniel/nathaniel-sr-autoplatform/sf_platform/core/http_utils.py:__init__:441, from /home/hnathani/repos/suites_refresh/nathaniel/nathaniel-sr-autoplatform/sf_platform/core/http_utils.py:web_auth:686, from /home/hnathani/repos/suites_refresh/nathaniel/nathaniel-sr-autoplatform/sf_platform/core/http_utils.py:node_auth:719, from /home/hnathani/repos/suites_refresh/nathaniel/nathaniel-sr-autotest-content/framework/cluster_helpers/utils.py:auth_nodes_1g:38]
2017-10-30 19:06:23.400802 DEBUG [autologger.main.log:241] [MainProcess:MainThread] JSON-RPC-POST: method=GetAPI, url=https://10.117.64.23:442/json-rpc/5.0, id=3
2017-10-30 19:06:23.401107 DEBUG [autologger.main.log:241] [MainProcess:MainThread] Sending HTTP POST request to server_url: https://10.117.64.23:442/json-rpc/5.0; {"params": null, "method": "GetAPI", "id": 3}.
2017-10-30 19:06:24.145931 DEBUG [autologger.main.log:241] [MainProcess:MainThread] JSON-RPC-POST response: {"id": 3, "result": {"5.0": ["GetClusterConfig", "GetClusterState", "GetConfig", "GetHardwareConfig", "GetNetworkConfig", "GetNvramInfo", "GetPendingOperation", "GetSystemStatus", "ListTests", "ListUtilities", "ResetNode", "RestartNetworking", "RestartServices", "SetClusterConfig", "SetConfig", "SetNetworkConfig", "TestConnectEnsemble", "TestConnectMvip", "TestConnectSvip", "TestDrives", "TestHardwareConfig", "TestLocateCluster", "TestNetworkConfig", "TestPing"], "supportedVersions": ["4.0", "5.0", "5.1", "6.0", "7.0", "7.1", "7.2", "7.3", "7.4", "8.0", "8.1", "8.2", "8.3", "8.4", "8.5", "8.6", "8.7", "9.0", "9.1", "9.2", "9.3", "10.0"], "currentVersion": "10.0"}}
2017-10-30 19:06:24.146408 DEBUG [autologger.main.log:241] [MainProcess:MainThread] Sending HTTP POST request to server_url: https://10.117.64.23:442/json-rpc/10.0; None.
2017-10-30 19:06:24.890278 DEBUG [sf_platform.core.retry_handlers.retry_wrapper:636] [MainProcess:MainThread] CallContext 4 SUCCEEDED.
2017-10-30 19:06:24.891784 INFO [valence.camelot.suite._verify_runtime:341] [MainProcess:MainThread] TsBulkVolOperationsSFtoSFS3Swift will run the following tests: [TcBulkVolSFtoSFS3Swift]
2017-10-30 19:06:24.892807 DEBUG [valence.camelot.history.record:42] [MainProcess:MainThread] recorded w/stack: _verify_runtime || > UTC[2017-10-30 19:06:24.892556] LOC[2017-10-30 14:06:24.892556] [camelot/suite.py:342]: All Test Case Preconditions
2017-10-30 19:06:24.893106 INFO [valence.camelot.suite._record:310] [MainProcess:MainThread] 

=========================================================================================================
All Test Case Preconditions
=========================================================================================================

2017-10-30 19:06:24.893391 INFO [valence.camelot.case.preconditions:114] [MainProcess:MainThread] Test Case 0: Starting Preconditions of TcBulkVolSFtoSFS3Swift
2017-10-30 19:06:24.894277 DEBUG [valence.camelot.history.record:42] [MainProcess:MainThread] recorded w/stack: execute || > UTC[2017-10-30 19:06:24.894108] LOC[2017-10-30 14:06:24.894108] [camelot/suite.py:143]: Test Suite: Starting Setup of TsBulkVolOperationsSFtoSFS3Swift
2017-10-30 19:06:24.894634 INFO [valence.camelot.suite._record:310] [MainProcess:MainThread] 

=========================================================================================================
Test Suite: Starting Setup of TsBulkVolOperationsSFtoSFS3Swift
=========================================================================================================

2017-10-30 19:06:24.895109 DEBUG [sf_platform.core.http_utils.__init__:255] [MainProcess:MainThread] Authenticating to https://10.117.78.245/json-rpc/1.0 with admin:admin
2017-10-30 19:06:24.896567 DEBUG [sf_platform.core.retry_handlers.retry_wrapper:624] [MainProcess:MainThread] CallContext 5: UUID=5-6bcdf50f-bda5-11e7-89b9-6c0b84e27010, function=validate_auth, call_stack=[/home/hnathani/repos/suites_refresh/nathaniel/nathaniel-sr-autoplatform/sf_platform/core/http_utils.py:__init__:277, from /home/hnathani/repos/suites_refresh/nathaniel/nathaniel-sr-autoplatform/sf_platform/core/http_utils.py:__init__:441, from /home/hnathani/repos/suites_refresh/nathaniel/nathaniel-sr-autoplatform/sf_platform/core/http_utils.py:__init__:557, from /home/hnathani/repos/suites_refresh/nathaniel/nathaniel-sr-autoplatform/sf_platform/core/http_utils.py:web_auth:686, from /home/hnathani/repos/suites_refresh/nathaniel/nathaniel-sr-autoplatform/sf_platform/core/http_utils.py:cluster_auth:702]
2017-10-30 19:06:24.896910 DEBUG [sf_platform.core.http_utils.validate_auth:344] [MainProcess:MainThread] Authenticating to url https://10.117.78.245/json-rpc/1.0
2017-10-30 19:06:24.897185 DEBUG [autologger.main.log:241] [MainProcess:MainThread] Sending HTTP GET request to server_url: https://10.117.78.245/json-rpc/1.0; None.
2017-10-30 19:06:25.627221 DEBUG [sf_platform.core.retry_handlers.retry_wrapper:636] [MainProcess:MainThread] CallContext 5 SUCCEEDED.
2017-10-30 19:06:25.629037 DEBUG [sf_platform.core.retry_handlers.retry_wrapper:624] [MainProcess:MainThread] CallContext 6: UUID=6-6d2203b2-bda5-11e7-89b9-6c0b84e27010, function=update_version, call_stack=[/home/hnathani/repos/suites_refresh/nathaniel/nathaniel-sr-autoplatform/sf_platform/core/http_utils.py:__init__:279, from /home/hnathani/repos/suites_refresh/nathaniel/nathaniel-sr-autoplatform/sf_platform/core/http_utils.py:__init__:441, from /home/hnathani/repos/suites_refresh/nathaniel/nathaniel-sr-autoplatform/sf_platform/core/http_utils.py:__init__:557, from /home/hnathani/repos/suites_refresh/nathaniel/nathaniel-sr-autoplatform/sf_platform/core/http_utils.py:web_auth:686, from /home/hnathani/repos/suites_refresh/nathaniel/nathaniel-sr-autoplatform/sf_platform/core/http_utils.py:cluster_auth:702]
2017-10-30 19:06:25.629399 DEBUG [autologger.main.log:241] [MainProcess:MainThread] JSON-RPC-POST: method=GetAPI, url=https://10.117.78.245/json-rpc/1.0, id=4
2017-10-30 19:06:25.629766 DEBUG [autologger.main.log:241] [MainProcess:MainThread] Sending HTTP POST request to server_url: https://10.117.78.245/json-rpc/1.0; {"params": null, "method": "GetAPI", "id": 4}.
2017-10-30 19:06:26.363903 DEBUG [autologger.main.log:241] [MainProcess:MainThread] JSON-RPC-POST response: {"id": 4, "result": {"supportedVersions": ["1.0", "2.0", "3.0", "4.0", "5.0", "5.1", "6.0", "7.0", "7.1", "7.2", "7.3", "7.4", "8.0", "8.1", "8.2", "8.3", "8.4", "8.5", "8.6", "8.7", "9.0", "9.1", "9.2", "9.3", "10.0"], "currentVersion": "10.0", "1.0": ["AddAccount", "AddClusterAdmin", "AddDrives", "AddNodes", "ClearClusterFaults", "CloneVolume", "CreateVolume", "DeleteVolume", "GetAccountByID", "GetAccountByName", "GetAsyncResult", "GetClusterCapacity", "GetClusterFullThreshold", "GetClusterHardwareInfo", "GetClusterInfo", "GetClusterMasterNodeID", "GetClusterStats", "GetClusterVersionInfo", "GetCompleteStats", "GetDefaultQoS", "GetDriveHardwareInfo", "GetDriveStats", "GetLimits", "GetNodeHardwareInfo", "GetNodeStats", "GetNtpInfo", "GetRawStats", "GetRemoteLoggingHosts", "GetSnmpInfo", "GetVolumeStats", "ListAccounts", "ListActiveNodes", "ListActiveVolumes", "ListAllNodes", "ListCloneJobs", "ListClusterAdmins", "ListClusterCapacityHistory", "ListClusterFaults", "ListDeletedVolumes", "ListDrives", "ListEvents", "ListISCSISessions", "ListPendingNodes", "ListServices", "ListSyncJobs", "ListVolumeStatsByAccount", "ListVolumeStatsByVolume", "ListVolumesForAccount", "ModifyAccount", "ModifyClusterAdmin", "ModifyClusterFullThreshold", "ModifyVolume", "ProtocolVersionUpgrade", "ProtocolVersionUpgradeAvailable", "PurgeDeletedVolume", "RemoveAccount", "RemoveClusterAdmin", "RemoveDrives", "RemoveNodes", "RestoreDeletedVolume", "SetNtpInfo", "SetRemoteLoggingHosts", "SetSnmpInfo", "Shutdown"]}}
2017-10-30 19:06:26.364424 DEBUG [autologger.main.log:241] [MainProcess:MainThread] Sending HTTP POST request to server_url: https://10.117.78.245/json-rpc/10.0; None.
2017-10-30 19:06:27.093896 DEBUG [sf_platform.core.retry_handlers.retry_wrapper:636] [MainProcess:MainThread] CallContext 6 SUCCEEDED.
2017-10-30 19:06:27.095512 DEBUG [sf_platform.core.retry_handlers.retry_wrapper:624] [MainProcess:MainThread] CallContext 7: UUID=7-6e01c7fe-bda5-11e7-89b9-6c0b84e27010, function=call_readonly_cluster_api, call_stack=[/home/hnathani/repos/suites_refresh/nathaniel/nathaniel-sr-autoplatform/sf_platform/cluster_api.py:list_all_nodes:3037, from /home/hnathani/repos/suites_refresh/nathaniel/nathaniel-sr-autotest-content/framework/cluster_helpers/utils.py:auth_nodes:27, from /home/hnathani/repos/suites_refresh/nathaniel/nathaniel-sr-autotest-content/framework/cluster_helpers/utils.py:auth_cluster:21, from /home/hnathani/repos/suites_refresh/nathaniel/nathaniel-sr-autotest-content/tests/bulk_volume/suites/base_test_suite.py:setup:47, from /home/hnathani/repos/suites_refresh/nathaniel/nathaniel-sr-autoplatform/valence_repo/valence/camelot/suite.py:execute:150]
2017-10-30 19:06:27.095916 DEBUG [autologger.main.log:241] [MainProcess:MainThread] JSON-RPC-POST: method=ListAllNodes, url=https://10.117.78.245/json-rpc/10.0, id=5
2017-10-30 19:06:27.096233 DEBUG [autologger.main.log:241] [MainProcess:MainThread] Sending HTTP POST request to server_url: https://10.117.78.245/json-rpc/10.0; {"params": {}, "method": "ListAllNodes", "id": 5}.
2017-10-30 19:06:27.829844 DEBUG [autologger.main.log:241] [MainProcess:MainThread] JSON-RPC-POST response: {"id": 5, "result": {"pendingNodes": [], "nodes": [{"sip": "10.117.80.23", "mipi": "Bond1G", "name": "NLABP0719", "platformInfo": {"platformConfigVersion": "10.0.0.282", "nodeType": "SF3010", "cpuModel": "Intel(R) Xeon(R) CPU E5-2640 0 @ 2.50GHz", "nodeMemoryGB": 72, "chassisType": "R620"}, "nodeSlot": "", "virtualNetworks": [], "nodeID": 1, "sipi": "Bond10G", "mip": "10.117.64.23", "softwareVersion": "10.0.0.282", "cip": "10.117.80.23", "fibreChannelTargetPortGroup": null, "attributes": {}, "associatedFServiceID": 0, "associatedMasterServiceID": 1, "cipi": "Bond10G", "uuid": "4C4C4544-0032-3610-8038-B3C04F585631"}], "pendingActiveNodes": []}}
2017-10-30 19:06:27.830324 DEBUG [sf_platform.core.retry_handlers.retry_wrapper:636] [MainProcess:MainThread] CallContext 7 SUCCEEDED.
2017-10-30 19:06:27.830755 DEBUG [sf_platform.core.http_utils.__init__:255] [MainProcess:MainThread] Authenticating to https://10.117.64.23:442/json-rpc/5.0 with admin:admin
2017-10-30 19:06:27.832362 DEBUG [sf_platform.core.retry_handlers.retry_wrapper:624] [MainProcess:MainThread] CallContext 8: UUID=8-6e01c7ff-bda5-11e7-89b9-6c0b84e27010, function=validate_auth, call_stack=[/home/hnathani/repos/suites_refresh/nathaniel/nathaniel-sr-autoplatform/sf_platform/core/http_utils.py:__init__:277, from /home/hnathani/repos/suites_refresh/nathaniel/nathaniel-sr-autoplatform/sf_platform/core/http_utils.py:__init__:441, from /home/hnathani/repos/suites_refresh/nathaniel/nathaniel-sr-autoplatform/sf_platform/core/http_utils.py:web_auth:686, from /home/hnathani/repos/suites_refresh/nathaniel/nathaniel-sr-autoplatform/sf_platform/core/http_utils.py:node_auth:719, from /home/hnathani/repos/suites_refresh/nathaniel/nathaniel-sr-autotest-content/framework/cluster_helpers/utils.py:auth_nodes_1g:38]
2017-10-30 19:06:27.832728 DEBUG [sf_platform.core.http_utils.validate_auth:344] [MainProcess:MainThread] Authenticating to url https://10.117.64.23:442/json-rpc/5.0
2017-10-30 19:06:27.833010 DEBUG [autologger.main.log:241] [MainProcess:MainThread] Sending HTTP GET request to server_url: https://10.117.64.23:442/json-rpc/5.0; None.
2017-10-30 19:06:28.580239 DEBUG [sf_platform.core.retry_handlers.retry_wrapper:636] [MainProcess:MainThread] CallContext 8 SUCCEEDED.
2017-10-30 19:06:28.581979 DEBUG [sf_platform.core.retry_handlers.retry_wrapper:624] [MainProcess:MainThread] CallContext 9: UUID=9-6e01c800-bda5-11e7-89b9-6c0b84e27010, function=update_version, call_stack=[/home/hnathani/repos/suites_refresh/nathaniel/nathaniel-sr-autoplatform/sf_platform/core/http_utils.py:__init__:279, from /home/hnathani/repos/suites_refresh/nathaniel/nathaniel-sr-autoplatform/sf_platform/core/http_utils.py:__init__:441, from /home/hnathani/repos/suites_refresh/nathaniel/nathaniel-sr-autoplatform/sf_platform/core/http_utils.py:web_auth:686, from /home/hnathani/repos/suites_refresh/nathaniel/nathaniel-sr-autoplatform/sf_platform/core/http_utils.py:node_auth:719, from /home/hnathani/repos/suites_refresh/nathaniel/nathaniel-sr-autotest-content/framework/cluster_helpers/utils.py:auth_nodes_1g:38]
2017-10-30 19:06:28.586556 DEBUG [autologger.main.log:241] [MainProcess:MainThread] JSON-RPC-POST: method=GetAPI, url=https://10.117.64.23:442/json-rpc/5.0, id=6
2017-10-30 19:06:28.586881 DEBUG [autologger.main.log:241] [MainProcess:MainThread] Sending HTTP POST request to server_url: https://10.117.64.23:442/json-rpc/5.0; {"params": null, "method": "GetAPI", "id": 6}.
2017-10-30 19:06:29.330844 DEBUG [autologger.main.log:241] [MainProcess:MainThread] JSON-RPC-POST response: {"id": 6, "result": {"5.0": ["GetClusterConfig", "GetClusterState", "GetConfig", "GetHardwareConfig", "GetNetworkConfig", "GetNvramInfo", "GetPendingOperation", "GetSystemStatus", "ListTests", "ListUtilities", "ResetNode", "RestartNetworking", "RestartServices", "SetClusterConfig", "SetConfig", "SetNetworkConfig", "TestConnectEnsemble", "TestConnectMvip", "TestConnectSvip", "TestDrives", "TestHardwareConfig", "TestLocateCluster", "TestNetworkConfig", "TestPing"], "supportedVersions": ["4.0", "5.0", "5.1", "6.0", "7.0", "7.1", "7.2", "7.3", "7.4", "8.0", "8.1", "8.2", "8.3", "8.4", "8.5", "8.6", "8.7", "9.0", "9.1", "9.2", "9.3", "10.0"], "currentVersion": "10.0"}}
2017-10-30 19:06:29.331347 DEBUG [autologger.main.log:241] [MainProcess:MainThread] Sending HTTP POST request to server_url: https://10.117.64.23:442/json-rpc/10.0; None.
2017-10-30 19:06:30.078820 DEBUG [sf_platform.core.retry_handlers.retry_wrapper:636] [MainProcess:MainThread] CallContext 9 SUCCEEDED.
2017-10-30 19:06:30.080644 DEBUG [sf_platform.core.retry_handlers.retry_wrapper:624] [MainProcess:MainThread] CallContext 10: UUID=10-6fc94634-bda5-11e7-89b9-6c0b84e27010, function=call_cluster_api, call_stack=[/home/hnathani/repos/suites_refresh/nathaniel/nathaniel-sr-autoplatform/sf_platform/cluster_api.py:enable_encryption_at_rest:2586, from /home/hnathani/repos/suites_refresh/nathaniel/nathaniel-sr-autoplatform/sf_platform/api/decorators.py:case_decorator:207, from /home/hnathani/repos/suites_refresh/nathaniel/nathaniel-sr-autotest-content/tests/bulk_volume/suites/base_test_suite.py:setup:53, from /home/hnathani/repos/suites_refresh/nathaniel/nathaniel-sr-autoplatform/valence_repo/valence/camelot/suite.py:execute:150, from /home/hnathani/repos/suites_refresh/nathaniel/nathaniel-sr-autoplatform/valence_repo/valence/driver/main.py:run_suite_from_module:280]
2017-10-30 19:06:30.081101 DEBUG [autologger.main.log:241] [MainProcess:MainThread] JSON-RPC-POST: method=EnableEncryptionAtRest, url=https://10.117.78.245/json-rpc/10.0, id=7
2017-10-30 19:06:30.081454 DEBUG [autologger.main.log:241] [MainProcess:MainThread] Sending HTTP POST request to server_url: https://10.117.78.245/json-rpc/10.0; {"params": {}, "method": "EnableEncryptionAtRest", "id": 7}.
2017-10-30 19:06:30.820443 DEBUG [autologger.main.log:241] [MainProcess:MainThread] JSON-RPC-POST response: {"id": 7, "error": {"message": "EncryptionAtRest is enabled - must be disabled in order to enable.", "code": 500, "name": "xInvalidEncryptionAtRestStateTransition"}}
2017-10-30 19:06:30.821376 WARNING [autologger.main.log:241] [MainProcess:MainThread] CallContext 10: unacceptable exception: Error calling EnableEncryptionAtRest: xInvalidEncryptionAtRestStateTransition. JSON response: {u'id': 7, u'error': {u'message': u'EncryptionAtRest is enabled - must be disabled in order to enable.', u'code': 500, u'name': u'xInvalidEncryptionAtRestStateTransition'}}
Traceback (most recent call last):
  File "/home/hnathani/repos/suites_refresh/nathaniel/nathaniel-sr-autoplatform/sf_platform/core/retry_handlers.py", line 511, in call_with_retries
    self._response = func(*args, **kwargs)
  File "/home/hnathani/repos/suites_refresh/nathaniel/nathaniel-sr-autoplatform/sf_platform/core/http_utils.py", line 1088, in call_cluster_api
    return _call_cluster_api(mvip, method, params, version, retry_faults, auth, **kwargs)
  File "/home/hnathani/repos/suites_refresh/nathaniel/nathaniel-sr-autoplatform/sf_platform/core/http_utils.py", line 1074, in _call_cluster_api
    check_json_rpc_response(json_response, retry_faults, method)
  File "/home/hnathani/repos/suites_refresh/nathaniel/nathaniel-sr-autoplatform/sf_platform/core/http_utils.py", line 1027, in check_json_rpc_response
    response)
ApiCallMethodException: Error calling EnableEncryptionAtRest: xInvalidEncryptionAtRestStateTransition. JSON response: {u'id': 7, u'error': {u'message': u'EncryptionAtRest is enabled - must be disabled in order to enable.', u'code': 500, u'name': u'xInvalidEncryptionAtRestStateTransition'}}
2017-10-30 19:06:30.821910 WARNING [autologger.main.log:241] [MainProcess:MainThread] CallContext 10 FAILED: function=call_cluster_api, args=(u'10.117.78.245', 'EnableEncryptionAtRest'), kwargs={'params': {}, 'retry_faults': ['xDBInvalidState', 'xDBConnectionLoss', 'xDBVersionMismatch', 'xDBSessionExpired', 'xDBOperationTimeout', 'xDBPathExists', 'xDBMultiCommitFailed', 'xDaemonStatusChangeFailed', 'xDBSessionMoved', 'xDBClosing']}, call_stack=[/home/hnathani/repos/suites_refresh/nathaniel/nathaniel-sr-autoplatform/sf_platform/cluster_api.py:enable_encryption_at_rest:2586, from /home/hnathani/repos/suites_refresh/nathaniel/nathaniel-sr-autoplatform/sf_platform/api/decorators.py:case_decorator:207, from /home/hnathani/repos/suites_refresh/nathaniel/nathaniel-sr-autotest-content/tests/bulk_volume/suites/base_test_suite.py:setup:53, from /home/hnathani/repos/suites_refresh/nathaniel/nathaniel-sr-autoplatform/valence_repo/valence/camelot/suite.py:execute:150, from /home/hnathani/repos/suites_refresh/nathaniel/nathaniel-sr-autoplatform/valence_repo/valence/driver/main.py:run_suite_from_module:280, from /home/hnathani/repos/suites_refresh/nathaniel/nathaniel-sr-autoplatform/valence_repo/valence/driver/main.py:run:431, from /home/hnathani/.virtualenvs/nathaniel/bin/vl:run_subcommand:31, from /home/hnathani/.virtualenvs/nathaniel/bin/vl:<module>:174]
2017-10-30 19:06:30.822202 WARNING [sf_platform.api.decorators.case_decorator:213] [MainProcess:MainThread] EaR enabling -> enabled workaround, case 8309
2017-10-30 19:06:30.823423 DEBUG [sf_platform.core.retry_handlers.retry_wrapper:624] [MainProcess:MainThread] CallContext 11: UUID=11-6fc94635-bda5-11e7-89b9-6c0b84e27010, function=call_readonly_cluster_api, call_stack=[/home/hnathani/repos/suites_refresh/nathaniel/nathaniel-sr-autoplatform/sf_platform/cluster_api.py:get_cluster_info:2537, from /home/hnathani/repos/suites_refresh/nathaniel/nathaniel-sr-autoplatform/sf_platform/api/decorators.py:case_decorator:216, from /home/hnathani/repos/suites_refresh/nathaniel/nathaniel-sr-autotest-content/tests/bulk_volume/suites/base_test_suite.py:setup:53, from /home/hnathani/repos/suites_refresh/nathaniel/nathaniel-sr-autoplatform/valence_repo/valence/camelot/suite.py:execute:150, from /home/hnathani/repos/suites_refresh/nathaniel/nathaniel-sr-autoplatform/valence_repo/valence/driver/main.py:run_suite_from_module:280]
2017-10-30 19:06:30.823796 DEBUG [autologger.main.log:241] [MainProcess:MainThread] JSON-RPC-POST: method=GetClusterInfo, url=https://10.117.78.245/json-rpc/10.0, id=8
2017-10-30 19:06:30.824065 DEBUG [autologger.main.log:241] [MainProcess:MainThread] Sending HTTP POST request to server_url: https://10.117.78.245/json-rpc/10.0; {"params": {}, "method": "GetClusterInfo", "id": 8}.
2017-10-30 19:06:31.556164 DEBUG [autologger.main.log:241] [MainProcess:MainThread] JSON-RPC-POST response: {"id": 8, "result": {"clusterInfo": {"uniqueID": "922m", "name": "AutoTest2-1gPr-FOR-TEST-ONLY", "repCount": 1, "uuid": "1c8f9f8f-6506-4f60-b572-c1f770e0dcb2", "svipInterface": "Bond10G", "svip": "10.117.94.251", "mvipNodeID": 1, "mvipInterface": "Bond1G", "encryptionAtRestState": "enabled", "attributes": {}, "mvip": "10.117.78.245", "mvipVlanTag": "0", "ensemble": ["10.117.80.23"], "svipVlanTag": "0", "svipNodeID": 1}}}
2017-10-30 19:06:31.556698 DEBUG [sf_platform.core.retry_handlers.retry_wrapper:636] [MainProcess:MainThread] CallContext 11 SUCCEEDED.
2017-10-30 19:06:31.557022 INFO [valence.camelot.case._internal_setup:265] [MainProcess:MainThread] 

=========================================================================================================
Test Case 0: Starting Setup of TcBulkVolSFtoSFS3Swift
=========================================================================================================

2017-10-30 19:06:31.557293 INFO [tests.bulk_volume.cases.bulk_volume_operations._setup:107] [MainProcess:MainThread] Create source and target accounts
2017-10-30 19:06:31.558994 DEBUG [sf_platform.core.retry_handlers.retry_wrapper:624] [MainProcess:MainThread] CallContext 12: UUID=12-6fc94636-bda5-11e7-89b9-6c0b84e27010, function=call_cluster_api, call_stack=[/home/hnathani/repos/suites_refresh/nathaniel/nathaniel-sr-autoplatform/sf_platform/cluster_api.py:add_account:5026, from /home/hnathani/repos/suites_refresh/nathaniel/nathaniel-sr-autotest-content/steps/AutotestAccount.py:create_accounts:97, from /home/hnathani/repos/suites_refresh/nathaniel/nathaniel-sr-autotest-content/tests/bulk_volume/cases/bulk_volume_operations.py:_setup:110, from /home/hnathani/repos/suites_refresh/nathaniel/nathaniel-sr-autoplatform/valence_repo/valence/camelot/case.py:_internal_setup:266, from /home/hnathani/repos/suites_refresh/nathaniel/nathaniel-sr-autoplatform/valence_repo/valence/camelot/case.py:execute:183]
2017-10-30 19:06:31.559422 DEBUG [autologger.main.log:241] [MainProcess:MainThread] JSON-RPC-POST: method=AddAccount, url=https://10.117.78.245/json-rpc/10.0, id=9
2017-10-30 19:06:31.559726 DEBUG [autologger.main.log:241] [MainProcess:MainThread] Sending HTTP POST request to server_url: https://10.117.78.245/json-rpc/10.0; {"params": {"username": "3CXYWmnc0N6gpKaX", "initiatorSecret": "QtO0U7Rs2H9dNAZt", "targetSecret": "QptZ4RnBJyFKhrYr"}, "method": "AddAccount", "id": 9}.
2017-10-30 19:06:32.309369 DEBUG [autologger.main.log:241] [MainProcess:MainThread] JSON-RPC-POST response: {"id": 9, "result": {"account": {"status": "active", "storageContainerID": "00000000-0000-0000-0000-000000000000", "initiatorSecret": "QtO0U7Rs2H9dNAZt", "username": "3CXYWmnc0N6gpKaX", "targetSecret": "QptZ4RnBJyFKhrYr", "volumes": [], "attributes": {}, "accountID": 216}, "accountID": 216}}
2017-10-30 19:06:32.309898 DEBUG [sf_platform.core.retry_handlers.retry_wrapper:636] [MainProcess:MainThread] CallContext 12 SUCCEEDED.
2017-10-30 19:06:32.311719 DEBUG [sf_platform.core.retry_handlers.retry_wrapper:624] [MainProcess:MainThread] CallContext 13: UUID=13-711db59c-bda5-11e7-89b9-6c0b84e27010, function=call_cluster_api, call_stack=[/home/hnathani/repos/suites_refresh/nathaniel/nathaniel-sr-autoplatform/sf_platform/cluster_api.py:add_account:5026, from /home/hnathani/repos/suites_refresh/nathaniel/nathaniel-sr-autotest-content/steps/AutotestAccount.py:create_accounts:97, from /home/hnathani/repos/suites_refresh/nathaniel/nathaniel-sr-autotest-content/tests/bulk_volume/cases/bulk_volume_operations.py:_setup:110, from /home/hnathani/repos/suites_refresh/nathaniel/nathaniel-sr-autoplatform/valence_repo/valence/camelot/case.py:_internal_setup:266, from /home/hnathani/repos/suites_refresh/nathaniel/nathaniel-sr-autoplatform/valence_repo/valence/camelot/case.py:execute:183]
2017-10-30 19:06:32.312172 DEBUG [autologger.main.log:241] [MainProcess:MainThread] JSON-RPC-POST: method=AddAccount, url=https://10.117.78.245/json-rpc/10.0, id=10
2017-10-30 19:06:32.312500 DEBUG [autologger.main.log:241] [MainProcess:MainThread] Sending HTTP POST request to server_url: https://10.117.78.245/json-rpc/10.0; {"params": {"username": "heBwAhtZNMENsyT1", "initiatorSecret": "oedXniu5WslP8aMX", "targetSecret": "Yc0qHd0zK0OPMGsd"}, "method": "AddAccount", "id": 10}.
2017-10-30 19:06:33.051410 DEBUG [autologger.main.log:241] [MainProcess:MainThread] JSON-RPC-POST response: {"id": 10, "result": {"account": {"status": "active", "storageContainerID": "00000000-0000-0000-0000-000000000000", "initiatorSecret": "oedXniu5WslP8aMX", "username": "heBwAhtZNMENsyT1", "targetSecret": "Yc0qHd0zK0OPMGsd", "volumes": [], "attributes": {}, "accountID": 217}, "accountID": 217}}
2017-10-30 19:06:33.051865 DEBUG [sf_platform.core.retry_handlers.retry_wrapper:636] [MainProcess:MainThread] CallContext 13 SUCCEEDED.
2017-10-30 19:06:33.053364 DEBUG [sf_platform.core.retry_handlers.retry_wrapper:624] [MainProcess:MainThread] CallContext 14: UUID=14-711db59d-bda5-11e7-89b9-6c0b84e27010, function=call_cluster_api, call_stack=[/home/hnathani/repos/suites_refresh/nathaniel/nathaniel-sr-autoplatform/sf_platform/cluster_api.py:add_account:5026, from /home/hnathani/repos/suites_refresh/nathaniel/nathaniel-sr-autotest-content/steps/AutotestAccount.py:create_accounts:97, from /home/hnathani/repos/suites_refresh/nathaniel/nathaniel-sr-autotest-content/tests/bulk_volume/cases/bulk_volume_operations.py:_setup:110, from /home/hnathani/repos/suites_refresh/nathaniel/nathaniel-sr-autoplatform/valence_repo/valence/camelot/case.py:_internal_setup:266, from /home/hnathani/repos/suites_refresh/nathaniel/nathaniel-sr-autoplatform/valence_repo/valence/camelot/case.py:execute:183]
2017-10-30 19:06:33.053796 DEBUG [autologger.main.log:241] [MainProcess:MainThread] JSON-RPC-POST: method=AddAccount, url=https://10.117.78.245/json-rpc/10.0, id=11
2017-10-30 19:06:33.054100 DEBUG [autologger.main.log:241] [MainProcess:MainThread] Sending HTTP POST request to server_url: https://10.117.78.245/json-rpc/10.0; {"params": {"username": "BaVWhjGDaxxNeVCz", "initiatorSecret": "WqZzncCxeXQho4pA", "targetSecret": "kux26uAwXxg9zMs2"}, "method": "AddAccount", "id": 11}.
2017-10-30 19:06:33.788952 DEBUG [autologger.main.log:241] [MainProcess:MainThread] JSON-RPC-POST response: {"id": 11, "result": {"account": {"status": "active", "storageContainerID": "00000000-0000-0000-0000-000000000000", "initiatorSecret": "WqZzncCxeXQho4pA", "username": "BaVWhjGDaxxNeVCz", "targetSecret": "kux26uAwXxg9zMs2", "volumes": [], "attributes": {}, "accountID": 218}, "accountID": 218}}
2017-10-30 19:06:33.789398 DEBUG [sf_platform.core.retry_handlers.retry_wrapper:636] [MainProcess:MainThread] CallContext 14 SUCCEEDED.
2017-10-30 19:06:33.790872 DEBUG [sf_platform.core.retry_handlers.retry_wrapper:624] [MainProcess:MainThread] CallContext 15: UUID=15-711db59e-bda5-11e7-89b9-6c0b84e27010, function=call_cluster_api, call_stack=[/home/hnathani/repos/suites_refresh/nathaniel/nathaniel-sr-autoplatform/sf_platform/cluster_api.py:add_account:5026, from /home/hnathani/repos/suites_refresh/nathaniel/nathaniel-sr-autotest-content/steps/AutotestAccount.py:create_accounts:97, from /home/hnathani/repos/suites_refresh/nathaniel/nathaniel-sr-autotest-content/tests/bulk_volume/cases/bulk_volume_operations.py:_setup:110, from /home/hnathani/repos/suites_refresh/nathaniel/nathaniel-sr-autoplatform/valence_repo/valence/camelot/case.py:_internal_setup:266, from /home/hnathani/repos/suites_refresh/nathaniel/nathaniel-sr-autoplatform/valence_repo/valence/camelot/case.py:execute:183]
2017-10-30 19:06:33.791261 DEBUG [autologger.main.log:241] [MainProcess:MainThread] JSON-RPC-POST: method=AddAccount, url=https://10.117.78.245/json-rpc/10.0, id=12
2017-10-30 19:06:33.791547 DEBUG [autologger.main.log:241] [MainProcess:MainThread] Sending HTTP POST request to server_url: https://10.117.78.245/json-rpc/10.0; {"params": {"username": "mTLGjXnvut6BRoBg", "initiatorSecret": "PyMZvndDIsawRJI1", "targetSecret": "CoZbe3QDQN2r9tmu"}, "method": "AddAccount", "id": 12}.
2017-10-30 19:06:34.525727 DEBUG [autologger.main.log:241] [MainProcess:MainThread] JSON-RPC-POST response: {"id": 12, "result": {"account": {"status": "active", "storageContainerID": "00000000-0000-0000-0000-000000000000", "initiatorSecret": "PyMZvndDIsawRJI1", "username": "mTLGjXnvut6BRoBg", "targetSecret": "CoZbe3QDQN2r9tmu", "volumes": [], "attributes": {}, "accountID": 219}, "accountID": 219}}
2017-10-30 19:06:34.526155 DEBUG [sf_platform.core.retry_handlers.retry_wrapper:636] [MainProcess:MainThread] CallContext 15 SUCCEEDED.
2017-10-30 19:06:34.527747 DEBUG [sf_platform.core.retry_handlers.retry_wrapper:624] [MainProcess:MainThread] CallContext 16: UUID=16-726fd97a-bda5-11e7-89b9-6c0b84e27010, function=call_cluster_api, call_stack=[/home/hnathani/repos/suites_refresh/nathaniel/nathaniel-sr-autoplatform/sf_platform/cluster_api.py:add_account:5026, from /home/hnathani/repos/suites_refresh/nathaniel/nathaniel-sr-autotest-content/steps/AutotestAccount.py:create_accounts:97, from /home/hnathani/repos/suites_refresh/nathaniel/nathaniel-sr-autotest-content/tests/bulk_volume/cases/bulk_volume_operations.py:_setup:110, from /home/hnathani/repos/suites_refresh/nathaniel/nathaniel-sr-autoplatform/valence_repo/valence/camelot/case.py:_internal_setup:266, from /home/hnathani/repos/suites_refresh/nathaniel/nathaniel-sr-autoplatform/valence_repo/valence/camelot/case.py:execute:183]
2017-10-30 19:06:34.528163 DEBUG [autologger.main.log:241] [MainProcess:MainThread] JSON-RPC-POST: method=AddAccount, url=https://10.117.78.245/json-rpc/10.0, id=13
2017-10-30 19:06:34.528457 DEBUG [autologger.main.log:241] [MainProcess:MainThread] Sending HTTP POST request to server_url: https://10.117.78.245/json-rpc/10.0; {"params": {"username": "Ldc5EGxJ6391KnSU", "initiatorSecret": "VDfSmbzrQ5OVge9S", "targetSecret": "vPHfqvZF7pjjcrUc"}, "method": "AddAccount", "id": 13}.
2017-10-30 19:06:35.263112 DEBUG [autologger.main.log:241] [MainProcess:MainThread] JSON-RPC-POST response: {"id": 13, "result": {"account": {"status": "active", "storageContainerID": "00000000-0000-0000-0000-000000000000", "initiatorSecret": "VDfSmbzrQ5OVge9S", "username": "Ldc5EGxJ6391KnSU", "targetSecret": "vPHfqvZF7pjjcrUc", "volumes": [], "attributes": {}, "accountID": 220}, "accountID": 220}}
2017-10-30 19:06:35.263714 DEBUG [sf_platform.core.retry_handlers.retry_wrapper:636] [MainProcess:MainThread] CallContext 16 SUCCEEDED.
2017-10-30 19:06:35.265370 DEBUG [sf_platform.core.retry_handlers.retry_wrapper:624] [MainProcess:MainThread] CallContext 17: UUID=17-726fd97b-bda5-11e7-89b9-6c0b84e27010, function=call_cluster_api, call_stack=[/home/hnathani/repos/suites_refresh/nathaniel/nathaniel-sr-autoplatform/sf_platform/cluster_api.py:add_account:5026, from /home/hnathani/repos/suites_refresh/nathaniel/nathaniel-sr-autotest-content/steps/AutotestAccount.py:create_accounts:97, from /home/hnathani/repos/suites_refresh/nathaniel/nathaniel-sr-autotest-content/tests/bulk_volume/cases/bulk_volume_operations.py:_setup:116, from /home/hnathani/repos/suites_refresh/nathaniel/nathaniel-sr-autoplatform/valence_repo/valence/camelot/case.py:_internal_setup:266, from /home/hnathani/repos/suites_refresh/nathaniel/nathaniel-sr-autoplatform/valence_repo/valence/camelot/case.py:execute:183]
2017-10-30 19:06:35.265851 DEBUG [autologger.main.log:241] [MainProcess:MainThread] JSON-RPC-POST: method=AddAccount, url=https://10.117.78.245/json-rpc/10.0, id=14
2017-10-30 19:06:35.266210 DEBUG [autologger.main.log:241] [MainProcess:MainThread] Sending HTTP POST request to server_url: https://10.117.78.245/json-rpc/10.0; {"params": {"username": "jZ40BsCcve2YjGxC", "initiatorSecret": "9e6jE6aDSxsNH3AJ", "targetSecret": "b9fzDKiueSofpZwd"}, "method": "AddAccount", "id": 14}.
2017-10-30 19:06:35.999990 DEBUG [autologger.main.log:241] [MainProcess:MainThread] JSON-RPC-POST response: {"id": 14, "result": {"account": {"status": "active", "storageContainerID": "00000000-0000-0000-0000-000000000000", "initiatorSecret": "9e6jE6aDSxsNH3AJ", "username": "jZ40BsCcve2YjGxC", "targetSecret": "b9fzDKiueSofpZwd", "volumes": [], "attributes": {}, "accountID": 221}, "accountID": 221}}
2017-10-30 19:06:36.000310 DEBUG [sf_platform.core.retry_handlers.retry_wrapper:636] [MainProcess:MainThread] CallContext 17 SUCCEEDED.
2017-10-30 19:06:36.001237 DEBUG [sf_platform.core.retry_handlers.retry_wrapper:624] [MainProcess:MainThread] CallContext 18: UUID=18-726fd97c-bda5-11e7-89b9-6c0b84e27010, function=call_cluster_api, call_stack=[/home/hnathani/repos/suites_refresh/nathaniel/nathaniel-sr-autoplatform/sf_platform/cluster_api.py:add_account:5026, from /home/hnathani/repos/suites_refresh/nathaniel/nathaniel-sr-autotest-content/steps/AutotestAccount.py:create_accounts:97, from /home/hnathani/repos/suites_refresh/nathaniel/nathaniel-sr-autotest-content/tests/bulk_volume/cases/bulk_volume_operations.py:_setup:116, from /home/hnathani/repos/suites_refresh/nathaniel/nathaniel-sr-autoplatform/valence_repo/valence/camelot/case.py:_internal_setup:266, from /home/hnathani/repos/suites_refresh/nathaniel/nathaniel-sr-autoplatform/valence_repo/valence/camelot/case.py:execute:183]
2017-10-30 19:06:36.001498 DEBUG [autologger.main.log:241] [MainProcess:MainThread] JSON-RPC-POST: method=AddAccount, url=https://10.117.78.245/json-rpc/10.0, id=15
2017-10-30 19:06:36.001732 DEBUG [autologger.main.log:241] [MainProcess:MainThread] Sending HTTP POST request to server_url: https://10.117.78.245/json-rpc/10.0; {"params": {"username": "PuUYdIlaEw7U26NS", "initiatorSecret": "DxLQKgLpsJ2G3V5d", "targetSecret": "2pZaG80XWYRXrdyg"}, "method": "AddAccount", "id": 15}.
2017-10-30 19:06:36.734825 DEBUG [autologger.main.log:241] [MainProcess:MainThread] JSON-RPC-POST response: {"id": 15, "result": {"account": {"status": "active", "storageContainerID": "00000000-0000-0000-0000-000000000000", "initiatorSecret": "DxLQKgLpsJ2G3V5d", "username": "PuUYdIlaEw7U26NS", "targetSecret": "2pZaG80XWYRXrdyg", "volumes": [], "attributes": {}, "accountID": 222}, "accountID": 222}}
2017-10-30 19:06:36.735300 DEBUG [sf_platform.core.retry_handlers.retry_wrapper:636] [MainProcess:MainThread] CallContext 18 SUCCEEDED.
2017-10-30 19:06:36.736931 DEBUG [sf_platform.core.retry_handlers.retry_wrapper:624] [MainProcess:MainThread] CallContext 19: UUID=19-73c0f1e2-bda5-11e7-89b9-6c0b84e27010, function=call_cluster_api, call_stack=[/home/hnathani/repos/suites_refresh/nathaniel/nathaniel-sr-autoplatform/sf_platform/cluster_api.py:add_account:5026, from /home/hnathani/repos/suites_refresh/nathaniel/nathaniel-sr-autotest-content/steps/AutotestAccount.py:create_accounts:97, from /home/hnathani/repos/suites_refresh/nathaniel/nathaniel-sr-autotest-content/tests/bulk_volume/cases/bulk_volume_operations.py:_setup:116, from /home/hnathani/repos/suites_refresh/nathaniel/nathaniel-sr-autoplatform/valence_repo/valence/camelot/case.py:_internal_setup:266, from /home/hnathani/repos/suites_refresh/nathaniel/nathaniel-sr-autoplatform/valence_repo/valence/camelot/case.py:execute:183]
2017-10-30 19:06:36.737352 DEBUG [autologger.main.log:241] [MainProcess:MainThread] JSON-RPC-POST: method=AddAccount, url=https://10.117.78.245/json-rpc/10.0, id=16
2017-10-30 19:06:36.737704 DEBUG [autologger.main.log:241] [MainProcess:MainThread] Sending HTTP POST request to server_url: https://10.117.78.245/json-rpc/10.0; {"params": {"username": "DPVpaLtisE3P0AIa", "initiatorSecret": "b676MzkNwEUTbUQz", "targetSecret": "bggaRaNDBUcLhG0p"}, "method": "AddAccount", "id": 16}.
2017-10-30 19:06:37.498484 DEBUG [autologger.main.log:241] [MainProcess:MainThread] JSON-RPC-POST response: {"id": 16, "result": {"account": {"status": "active", "storageContainerID": "00000000-0000-0000-0000-000000000000", "initiatorSecret": "b676MzkNwEUTbUQz", "username": "DPVpaLtisE3P0AIa", "targetSecret": "bggaRaNDBUcLhG0p", "volumes": [], "attributes": {}, "accountID": 223}, "accountID": 223}}
2017-10-30 19:06:37.498950 DEBUG [sf_platform.core.retry_handlers.retry_wrapper:636] [MainProcess:MainThread] CallContext 19 SUCCEEDED.
2017-10-30 19:06:37.499253 INFO [tests.bulk_volume.cases.bulk_volume_operations._setup:117] [MainProcess:MainThread] Create source and target volumes
2017-10-30 19:06:37.499565 INFO [sf_platform.api.ApiVolume.create_volumes:282] [MainProcess:MainThread] Verifying that volumesPerAccountCountMax will not be violated by this operation
2017-10-30 19:06:37.500038 INFO [sf_platform.api.ApiVolume.create_volumes:301] [MainProcess:MainThread] Creating 1 volumes of size: 10 GB for each account in [218]
2017-10-30 19:06:37.503736 DEBUG [sf_platform.core.retry_handlers.retry_wrapper:624] [MainProcess:MainThread] CallContext 20: UUID=20-73c0f1e3-bda5-11e7-89b9-6c0b84e27010, function=call_readonly_cluster_api, call_stack=[/home/hnathani/repos/suites_refresh/nathaniel/nathaniel-sr-autoplatform/sf_platform/cluster_api.py:get_api:852, from /home/hnathani/repos/suites_refresh/nathaniel/nathaniel-sr-autoplatform/sf_platform/api/ApiVolume.py:create_volumes:313, from /home/hnathani/repos/suites_refresh/nathaniel/nathaniel-sr-autotest-content/steps/AutotestVolume.py:create_volumes:1169, from /home/hnathani/repos/suites_refresh/nathaniel/nathaniel-sr-autotest-content/tests/bulk_volume/cases/bulk_volume_operations.py:_setup:206, from /home/hnathani/repos/suites_refresh/nathaniel/nathaniel-sr-autoplatform/valence_repo/valence/camelot/case.py:_internal_setup:266]
2017-10-30 19:06:37.504169 DEBUG [autologger.main.log:241] [MainProcess:MainThread] JSON-RPC-POST: method=GetAPI, url=https://10.117.78.245/json-rpc/10.0, id=17
2017-10-30 19:06:37.504522 DEBUG [autologger.main.log:241] [MainProcess:MainThread] Sending HTTP POST request to server_url: https://10.117.78.245/json-rpc/10.0; {"params": {"__includeSecretMethods": true}, "method": "GetAPI", "id": 17}.
2017-10-30 19:06:38.238069 DEBUG [autologger.main.log:241] [MainProcess:MainThread] JSON-RPC-POST response: {"id": 17, "result": {"supportedVersions": ["1.0", "2.0", "3.0", "4.0", "5.0", "5.1", "6.0", "7.0", "7.1", "7.2", "7.3", "7.4", "8.0", "8.1", "8.2", "8.3", "8.4", "8.5", "8.6", "8.7", "9.0", "9.1", "9.2", "9.3", "10.0"], "10.0": ["APIWriteBlock", "AddAccount", "AddBlockToBS", "AddClusterAdmin", "AddDrives", "AddInitiatorsToVolumeAccessGroup", "AddLdapClusterAdmin", "AddLocalAdmin", "AddNodes", "AddVirtualNetwork", "AddVlanDevice", "AddVolumesToVolumeAccessGroup", "AptClearCache", "AptInstall", "AptPurgeOldKernels", "AptSearch", "AptUpdate", "AptUpgrade", "BDTPipeline", "BindVirtualVolumes", "BreakSnapMirrorVolume", "CancelClone", "CancelGroupClone", "CancelVirtualVolumeTask", "CheckBlock", "ClearClusterFaults", "CloneMultipleVolumes", "CloneVirtualVolume", "CloneVolume", "CloneVolumeFromDead", "ComparePlatformConfig", "CompleteClusterPairing", "CompleteVolumePairing", "ComputeVolumeChecksum", "CopyDiffsToVirtualVolume", "CopyVolume", "CopyVolumeToSnapshot", "CreateBackupTarget", "CreateClusterSupportBundle", "CreateDatabaseEntry", "CreateGroupSnapshot", "CreateInitiators", "CreateMultipleVolumes", "CreateQoSPolicy", "CreateSchedule", "CreateSnapMirrorEndpoint", "CreateSnapshot", "CreateStorageContainer", "CreateSupportBundle", "CreateVirtualVolume", "CreateVirtualVolumeHost", "CreateVolume", "CreateVolumeAccessGroup", "DebPkgGetControlInfo", "DeleteAllSupportBundles", "DeleteDatabaseEntry", "DeleteDownloads", "DeleteGroupSnapshot", "DeleteInitiators", "DeleteQoSPolicy", "DeleteSnapMirrorEndpoints", "DeleteSnapshot", "DeleteStorageContainers", "DeleteVirtualVolumeHosts", "DeleteVirtualVolumes", "DeleteVolume", "DeleteVolumeAccessGroup", "DeleteVolumes", "DemoteClusterMaster", "DisableBmcColdReset", "DisableEncryptionAtRest", "DisableLdapAuthentication", "DisableSnmp", "DisconnectISCSISessions", "Download", "EnableBmcColdReset", "EnableEncryptionAtRest", "EnableFeature", "EnableLdapAuthentication", "EnableSnmp", "FastCloneVirtualVolume", "FillSlice", "FindMismatchedSliceLBAs", "FinishUpgrade", "ForceRecycle", "ForceWholeFileSync", "GetAccountByID", "GetAccountByName", "GetAccountEfficiency", "GetAptSourceLinesFromPackage", "GetAptSourceLinesFromSystem", "GetAsyncResult", "GetBackupTarget", "GetBinAssignments", "GetClusterCapacity", "GetClusterConfig", "GetClusterFullThreshold", "GetClusterHardwareInfo", "GetClusterInfo", "GetClusterMasterNodeID", "GetClusterSettings", "GetClusterState", "GetClusterStats", "GetClusterVersionInfo", "GetCodeTimings", "GetCompleteStats", "GetConfig", "GetConnectivityReport", "GetConstants", "GetCurrentClusterAdmin", "GetDaemonStatus", "GetDatabaseEntry", "GetDebugOptions", "GetDefaultQoS", "GetDriveConfig", "GetDriveHardwareInfo", "GetDriveStats", "GetEncryptionAtRestInfo", "GetEnsembleConfig", "GetFeatureStatus", "GetFibreChannelVolumeAccessInfo", "GetFirewallRules", "GetGCStatus", "GetHardwareConfig", "GetHardwareInfo", "GetImmutableValues", "GetInterruptInfo", "GetIpmiConfig", "GetIpmiInfo", "GetLdapConfiguration", "GetLimits", "GetLocalAdmin", "GetLocalStats", "GetLoginBanner", "GetLoginSessionInfo", "GetNTPStatus", "GetNetworkConfig", "GetNetworkInterface", "GetNetworkInterfaceStats", "GetNetworkInterfaceStatus", "GetNodeConfig", "GetNodeConstants", "GetNodeHardwareInfo", "GetNodeSSLCertificate", "GetNodeStats", "GetNtpInfo", "GetNvramInfo", "GetOrigin", "GetPendingOperation", "GetPlatformConfig", "GetProcessInfo", "GetQoSPolicy", "GetRawHardwareInfo", "GetRawStats", "GetRemoteLoggingHosts", "GetReport", "GetRsyslogInfo", "GetRtfiGeneration", "GetRtfiGenerationNext", "GetSSLCertificate", "GetSchedule", "GetServiceManagerState", "GetServiceStatus", "GetSliceFileSizeReport", "GetSliceInfo", "GetSliceReserveUsedThresholdPct", "GetSnmpACL", "GetSnmpInfo", "GetSnmpState", "GetSnmpTrapInfo", "GetStartupFlags", "GetStorageContainerEfficiency", "GetSystemStatus", "GetTemporaryDBVersion", "GetThreadBacktraces", "GetTime", "GetTimezone", "GetTracingConfig", "GetVasaProviderInfo", "GetVersionInfo", "GetVirtualVolumeAllocatedBitmap", "GetVirtualVolumeCount", "GetVirtualVolumeTaskUpdate", "GetVirtualVolumeUnsharedBitmap", "GetVirtualVolumeUnsharedChunks", "GetVolumeAccessGroupEfficiency", "GetVolumeAccessGroupLunAssignments", "GetVolumeCount", "GetVolumeEfficiency", "GetVolumeSetEfficiency", "GetVolumeStats", "InstallCleanup", "InstallPlatformConfig", "InvokeSetVersion", "IsUpgradeInProgress", "KillProcesses", "ListAccounts", "ListActiveNodes", "ListActivePairedVolumes", "ListActiveVolumes", "ListAllNodes", "ListAptSourceLines", "ListAsyncResults", "ListBackupTargets", "ListBulkVolumeJobs", "ListClusterAdmins", "ListClusterFaults", "ListClusterPairs", "ListCoreFiles", "ListDatabaseChildren", "ListDatabaseChildrenData", "ListDeletedVolumes", "ListDownloads", "ListDriveHardware", "ListDriveStats", "ListDrives", "ListEvents", "ListFibreChannelPortInfo", "ListFibreChannelSessions", "ListGroupSnapshots", "ListISCSISessions", "ListInitiators", "ListMountedFileSystems", "ListNetworkInterfaces", "ListNetworkNamespaceInfo", "ListNodeFibreChannelPortInfo", "ListNodeStats", "ListPendingActiveNodes", "ListPendingNodes", "ListProtocolEndpoints", "ListQoSPolicies", "ListRepositories", "ListSchedules", "ListServices", "ListSliceBranchesByService", "ListSnapMirrorEndpoints", "ListSnapshots", "ListStorageContainers", "ListSyncJobs", "ListTests", "ListUtilities", "ListVirtualNetworks", "ListVirtualVolumeBindings", "ListVirtualVolumeHosts", "ListVirtualVolumeTasks", "ListVirtualVolumes", "ListVolumeAccessGroups", "ListVolumeStats", "ListVolumeStatsByAccount", "ListVolumeStatsByVirtualVolume", "ListVolumeStatsByVolume", "ListVolumeStatsByVolumeAccessGroup", "ListVolumes", "ListVolumesForAccount", "ModifyAccount", "ModifyBackupTarget", "ModifyClusterAdmin", "ModifyClusterFullThreshold", "ModifyGroupSnapshot", "ModifyInitiators", "ModifyQoSPolicy", "ModifySchedule", "ModifySliceReserveUsedThresholdPct", "ModifySnapMirrorEndpoint", "ModifySnapshot", "ModifyStorageContainer", "ModifyVasaProviderInfo", "ModifyVirtualNetwork", "ModifyVirtualVolume", "ModifyVirtualVolumeHost", "ModifyVirtualVolumeMetadata", "ModifyVlanDevice", "ModifyVolume", "ModifyVolumeAccessGroup", "ModifyVolumeAccessGroupLunAssignments", "ModifyVolumePair", "ModifyVolumes", "MovePrimariesAwayFromNode", "NotifyIntentToRestart", "PrepareVirtualSnapshot", "PurgeAllDeletedVolumes", "PurgeDeletedVolume", "PurgeDeletedVolumes", "QueryVirtualVolumeMetadata", "ReadLink", "ReadSliceLBA", "ReadSliceLBAChecksum", "ReassignSlice", "RebalanceSlices", "RebootNode", "ReconfigureEnsemble", "RegenerateClusterUuid", "ReleaseFreeMemory", "RemoveAccount", "RemoveBackupTarget", "RemoveBlockFromBS", "RemoveClusterAdmin", "RemoveClusterPair", "RemoveCoreFiles", "RemoveDrives", "RemoveInitiatorsFromVolumeAccessGroup", "RemoveNodeSSLCertificate", "RemoveNodes", "RemoveSSLCertificate", "RemoveVirtualNetwork", "RemoveVlanDevice", "RemoveVolumePair", "RemoveVolumesFromVolumeAccessGroup", "RenameNetworkInterfaces", "ResetConstants", "ResetDrives", "ResetNode", "ResetNodeConstants", "RestartNetworking", "RestartServices", "RestoreDeletedVolume", "RollbackToGroupSnapshot", "RollbackToSnapshot", "RollbackVirtualVolume", "RotateLogs", "SecureEraseDrives", "SetAptSourceLines", "SetClusterConfig", "SetClusterFullThresholds", "SetClusterSettings", "SetConfig", "SetConstants", "SetDaemonStatus", "SetDatabaseEntry", "SetDebugOptions", "SetDefaultQoS", "SetInitiatorID", "SetLoginBanner", "SetLoginSessionInfo", "SetNetworkConfig", "SetNetworkInterfaceStatus", "SetNodeConstants", "SetNodeSSLCertificate", "SetNtpInfo", "SetPlatformConfig", "SetRemoteLoggingHosts", "SetRepositories", "SetRsyslogInfo", "SetSSLCertificate", "SetSnmpACL", "SetSnmpInfo", "SetSnmpTrapInfo", "SetStartupFlags", "SetTemporaryDBVersion", "SetTime", "SetTimezone", "SetTracingConfig", "SetUpgradeNodeId", "Shutdown", "SnapshotVirtualVolume", "SnmpSendTestTraps", "StartBulkVolumeRead", "StartBulkVolumeWrite", "StartClusterBSCheck", "StartClusterPairing", "StartGC", "StartRtfi", "StartUpgrade", "StartVolumePairing", "StopClusterBSCheck", "TestClientConnectivity", "TestConnectEnsemble", "TestConnectMvip", "TestConnectSvip", "TestDrives", "TestHardwareConfig", "TestLdapAuthentication", "TestLocalConnectivity", "TestLocateCluster", "TestNetworkConfig", "TestPing", "TestRemoteConnectivity", "UnbindAllVirtualVolumesFromHost", "UnbindVirtualVolumes", "UpdateBulkVolumeStatus", "UpgradeStartupFlags"], "currentVersion": "10.0"}}
2017-10-30 19:06:38.238744 DEBUG [sf_platform.core.retry_handlers.retry_wrapper:636] [MainProcess:MainThread] CallContext 20 SUCCEEDED.
2017-10-30 19:06:38.240500 DEBUG [sf_platform.core.retry_handlers.retry_wrapper:624] [MainProcess:MainThread] CallContext 21: UUID=21-74a65ef8-bda5-11e7-89b9-6c0b84e27010, function=call_cluster_api, call_stack=[/home/hnathani/repos/suites_refresh/nathaniel/nathaniel-sr-autoplatform/sf_platform/cluster_api.py:create_multiple_volumes:716, from /home/hnathani/repos/suites_refresh/nathaniel/nathaniel-sr-autoplatform/sf_platform/api/decorators.py:assured_type_method:80, from /home/hnathani/repos/suites_refresh/nathaniel/nathaniel-sr-autoplatform/sf_platform/api/ApiVolume.py:create_volumes:323, from /home/hnathani/repos/suites_refresh/nathaniel/nathaniel-sr-autotest-content/steps/AutotestVolume.py:create_volumes:1169, from /home/hnathani/repos/suites_refresh/nathaniel/nathaniel-sr-autotest-content/tests/bulk_volume/cases/bulk_volume_operations.py:_setup:206]
2017-10-30 19:06:38.240902 DEBUG [autologger.main.log:241] [MainProcess:MainThread] JSON-RPC-POST: method=CreateMultipleVolumes, url=https://10.117.78.245/json-rpc/10.0, id=18
2017-10-30 19:06:38.241213 DEBUG [autologger.main.log:241] [MainProcess:MainThread] Sending HTTP POST request to server_url: https://10.117.78.245/json-rpc/10.0; {"params": {"enable512e": false, "qos": {}, "totalSize": 10000000000, "names": ["S3-Domestic-src-1"], "sliceCount": 1, "enableSnapMirrorReplication": false, "accountID": 218}, "method": "CreateMultipleVolumes", "id": 18}.
2017-10-30 19:06:39.201000 DEBUG [autologger.main.log:241] [MainProcess:MainThread] JSON-RPC-POST response: {"warning": {"unusedParameters": {"sliceCount": 1}}, "id": 18, "result": {"volumeIDs": [203], "volumes": [{"lastAccessTimeIO": null, "qos": {"burstIOPS": 15000, "curve": {"8192": 160, "32768": 500, "4096": 100, "1048576": 15000, "131072": 1950, "262144": 3900, "16384": 270, "65536": 1000, "524288": 7600}, "minIOPS": 50, "burstTime": 60, "maxIOPS": 15000}, "scsiEUIDeviceID": "3932326d000000cbf47acc0100000000", "qosPolicyID": null, "deleteTime": "", "enable512e": false, "volumeUUID": "07f5841e-9d47-4d43-bce9-536465d6590b", "volumeAccessGroups": [], "totalSize": 10000269312, "blockSize": 4096, "access": "readWrite", "purgeTime": "", "accountID": 218, "status": "active", "lastAccessTime": null, "attributes": {}, "volumeConsistencyGroupUUID": "a989e846-fd49-4a37-b7e4-b8a6a71b8ec1", "volumePairs": [], "scsiNAADeviceID": "6f47acc1000000003932326d000000cb", "createTime": "2017-10-30T19:06:38Z", "virtualVolumeID": null, "name": "S3-Domestic-src-1", "volumeID": 203, "iqn": "iqn.2010-01.com.solidfire:922m.s3-domestic-src-1.203", "sliceCount": 0, "enableSnapMirrorReplication": false}]}}
2017-10-30 19:06:39.201489 DEBUG [sf_platform.core.retry_handlers.retry_wrapper:636] [MainProcess:MainThread] CallContext 21 SUCCEEDED.
2017-10-30 19:06:39.203138 DEBUG [sf_platform.core.retry_handlers.retry_wrapper:624] [MainProcess:MainThread] CallContext 22: UUID=22-74a65ef9-bda5-11e7-89b9-6c0b84e27010, function=call_readonly_cluster_api, call_stack=[/home/hnathani/repos/suites_refresh/nathaniel/nathaniel-sr-autoplatform/sf_platform/cluster_api.py:list_active_volumes:987, from /home/hnathani/repos/suites_refresh/nathaniel/nathaniel-sr-autoplatform/sf_platform/api/ApiVolume.py:create_volumes:338, from /home/hnathani/repos/suites_refresh/nathaniel/nathaniel-sr-autotest-content/steps/AutotestVolume.py:create_volumes:1169, from /home/hnathani/repos/suites_refresh/nathaniel/nathaniel-sr-autotest-content/tests/bulk_volume/cases/bulk_volume_operations.py:_setup:206, from /home/hnathani/repos/suites_refresh/nathaniel/nathaniel-sr-autoplatform/valence_repo/valence/camelot/case.py:_internal_setup:266]
2017-10-30 19:06:39.203606 DEBUG [autologger.main.log:241] [MainProcess:MainThread] JSON-RPC-POST: method=ListActiveVolumes, url=https://10.117.78.245/json-rpc/10.0, id=19
2017-10-30 19:06:39.203931 DEBUG [autologger.main.log:241] [MainProcess:MainThread] Sending HTTP POST request to server_url: https://10.117.78.245/json-rpc/10.0; {"params": {"startVolumeID": 0}, "method": "ListActiveVolumes", "id": 19}.
2017-10-30 19:06:39.937414 DEBUG [autologger.main.log:241] [MainProcess:MainThread] JSON-RPC-POST response: {"id": 19, "result": {"volumes": [{"lastAccessTimeIO": null, "qos": {"burstIOPS": 15000, "curve": {"8192": 160, "32768": 500, "4096": 100, "1048576": 15000, "131072": 1950, "262144": 3900, "16384": 270, "65536": 1000, "524288": 7600}, "minIOPS": 50, "burstTime": 60, "maxIOPS": 15000}, "scsiEUIDeviceID": "3932326d00000048f47acc0100000000", "qosPolicyID": null, "deleteTime": "", "enable512e": false, "volumeUUID": "b48931ae-ea6c-41de-bb72-4c66721c4930", "volumeAccessGroups": [], "totalSize": 10000269312, "blockSize": 4096, "access": "readWrite", "purgeTime": "", "accountID": 62, "status": "active", "lastAccessTime": null, "attributes": {}, "volumeConsistencyGroupUUID": "45ca5a7d-baa6-4bea-b738-25889f51dda5", "volumePairs": [], "scsiNAADeviceID": "6f47acc1000000003932326d00000048", "createTime": "2017-10-30T15:41:11Z", "virtualVolumeID": null, "name": "Test-src-1", "volumeID": 72, "iqn": "iqn.2010-01.com.solidfire:922m.test-src-1.72", "sliceCount": 1, "enableSnapMirrorReplication": false}, {"lastAccessTimeIO": null, "qos": {"burstIOPS": 15000, "curve": {"8192": 160, "32768": 500, "4096": 100, "1048576": 15000, "131072": 1950, "262144": 3900, "16384": 270, "65536": 1000, "524288": 7600}, "minIOPS": 50, "burstTime": 60, "maxIOPS": 15000}, "scsiEUIDeviceID": "3932326d00000049f47acc0100000000", "qosPolicyID": null, "deleteTime": "", "enable512e": false, "volumeUUID": "a873bc3c-a9f1-4518-814e-bdce76600968", "volumeAccessGroups": [], "totalSize": 10000269312, "blockSize": 4096, "access": "readWrite", "purgeTime": "", "accountID": 63, "status": "active", "lastAccessTime": null, "attributes": {}, "volumeConsistencyGroupUUID": "3065f335-7091-47aa-b787-3ee23d0c21ef", "volumePairs": [], "scsiNAADeviceID": "6f47acc1000000003932326d00000049", "createTime": "2017-10-30T15:41:42Z", "virtualVolumeID": null, "name": "Test-tgt-1", "volumeID": 73, "iqn": "iqn.2010-01.com.solidfire:922m.test-tgt-1.73", "sliceCount": 1, "enableSnapMirrorReplication": false}, {"lastAccessTimeIO": null, "qos": {"burstIOPS": 15000, "curve": {"8192": 160, "32768": 500, "4096": 100, "1048576": 15000, "131072": 1950, "262144": 3900, "16384": 270, "65536": 1000, "524288": 7600}, "minIOPS": 50, "burstTime": 60, "maxIOPS": 15000}, "scsiEUIDeviceID": "3932326d000000cbf47acc0100000000", "qosPolicyID": null, "deleteTime": "", "enable512e": false, "volumeUUID": "07f5841e-9d47-4d43-bce9-536465d6590b", "volumeAccessGroups": [], "totalSize": 10000269312, "blockSize": 4096, "access": "readWrite", "purgeTime": "", "accountID": 218, "status": "active", "lastAccessTime": null, "attributes": {}, "volumeConsistencyGroupUUID": "a989e846-fd49-4a37-b7e4-b8a6a71b8ec1", "volumePairs": [], "scsiNAADeviceID": "6f47acc1000000003932326d000000cb", "createTime": "2017-10-30T19:06:38Z", "virtualVolumeID": null, "name": "S3-Domestic-src-1", "volumeID": 203, "iqn": "iqn.2010-01.com.solidfire:922m.s3-domestic-src-1.203", "sliceCount": 1, "enableSnapMirrorReplication": false}]}}
2017-10-30 19:06:39.937845 DEBUG [sf_platform.core.retry_handlers.retry_wrapper:636] [MainProcess:MainThread] CallContext 22 SUCCEEDED.
2017-10-30 19:06:39.938085 DEBUG [sf_platform.core.http_utils.web_auth:683] [MainProcess:MainThread] Already authenticated to 10.117.78.245
2017-10-30 19:06:39.938297 DEBUG [sf_platform.core.http_utils.web_auth:683] [MainProcess:MainThread] Already authenticated to 10.117.78.245
2017-10-30 19:06:39.938515 DEBUG [autologger.main.log:241] [MainProcess:MainThread] Sending HTTP GET request to server_url: https://10.117.78.245/reports/slices.json; None.
2017-10-30 19:06:40.680481 DEBUG [sf_platform.core.retry_handlers.retry_wrapper:624] [MainProcess:MainThread] CallContext 23: UUID=23-761aafb4-bda5-11e7-89b9-6c0b84e27010, function=call_readonly_cluster_api, call_stack=[/home/hnathani/repos/suites_refresh/nathaniel/nathaniel-sr-autoplatform/sf_platform/cluster_api.py:get_cluster_info:2537, from /home/hnathani/repos/suites_refresh/nathaniel/nathaniel-sr-autoplatform/sf_platform/api/ApiCluster.py:is_slice_syncing:397, from /home/hnathani/repos/suites_refresh/nathaniel/nathaniel-sr-autoplatform/sf_platform/api/ApiCluster.py:wait_for_slice_sync:440, from /home/hnathani/repos/suites_refresh/nathaniel/nathaniel-sr-autoplatform/sf_platform/api/ApiVolume.py:create_volumes:340, from /home/hnathani/repos/suites_refresh/nathaniel/nathaniel-sr-autotest-content/steps/AutotestVolume.py:create_volumes:1169]
2017-10-30 19:06:40.680833 DEBUG [autologger.main.log:241] [MainProcess:MainThread] JSON-RPC-POST: method=GetClusterInfo, url=https://10.117.78.245/json-rpc/10.0, id=20
2017-10-30 19:06:40.681045 DEBUG [autologger.main.log:241] [MainProcess:MainThread] Sending HTTP POST request to server_url: https://10.117.78.245/json-rpc/10.0; {"params": {}, "method": "GetClusterInfo", "id": 20}.
2017-10-30 19:06:41.411289 DEBUG [autologger.main.log:241] [MainProcess:MainThread] JSON-RPC-POST response: {"id": 20, "result": {"clusterInfo": {"uniqueID": "922m", "name": "AutoTest2-1gPr-FOR-TEST-ONLY", "repCount": 1, "uuid": "1c8f9f8f-6506-4f60-b572-c1f770e0dcb2", "svipInterface": "Bond10G", "svip": "10.117.94.251", "mvipNodeID": 1, "mvipInterface": "Bond1G", "encryptionAtRestState": "enabled", "attributes": {}, "mvip": "10.117.78.245", "mvipVlanTag": "0", "ensemble": ["10.117.80.23"], "svipVlanTag": "0", "svipNodeID": 1}}}
2017-10-30 19:06:41.411640 DEBUG [sf_platform.core.retry_handlers.retry_wrapper:636] [MainProcess:MainThread] CallContext 23 SUCCEEDED.
2017-10-30 19:06:41.411835 INFO [sf_platform.api.ApiCluster.is_slice_syncing:418] [MainProcess:MainThread] Syncing slices: set([])
2017-10-30 19:06:41.412841 DEBUG [sf_platform.core.retry_handlers.retry_wrapper:624] [MainProcess:MainThread] CallContext 24: UUID=24-761aafb5-bda5-11e7-89b9-6c0b84e27010, function=call_readonly_cluster_api, call_stack=[/home/hnathani/repos/suites_refresh/nathaniel/nathaniel-sr-autoplatform/sf_platform/cluster_api.py:list_active_volumes:987, from /home/hnathani/repos/suites_refresh/nathaniel/nathaniel-sr-autoplatform/sf_platform/api/ApiVolume.py:create_volumes:341, from /home/hnathani/repos/suites_refresh/nathaniel/nathaniel-sr-autotest-content/steps/AutotestVolume.py:create_volumes:1169, from /home/hnathani/repos/suites_refresh/nathaniel/nathaniel-sr-autotest-content/tests/bulk_volume/cases/bulk_volume_operations.py:_setup:206, from /home/hnathani/repos/suites_refresh/nathaniel/nathaniel-sr-autoplatform/valence_repo/valence/camelot/case.py:_internal_setup:266]
2017-10-30 19:06:41.413086 DEBUG [autologger.main.log:241] [MainProcess:MainThread] JSON-RPC-POST: method=ListActiveVolumes, url=https://10.117.78.245/json-rpc/10.0, id=21
2017-10-30 19:06:41.413276 DEBUG [autologger.main.log:241] [MainProcess:MainThread] Sending HTTP POST request to server_url: https://10.117.78.245/json-rpc/10.0; {"params": {"startVolumeID": 0}, "method": "ListActiveVolumes", "id": 21}.
2017-10-30 19:06:42.147010 DEBUG [autologger.main.log:241] [MainProcess:MainThread] JSON-RPC-POST response: {"id": 21, "result": {"volumes": [{"lastAccessTimeIO": null, "qos": {"burstIOPS": 15000, "curve": {"8192": 160, "32768": 500, "4096": 100, "1048576": 15000, "131072": 1950, "262144": 3900, "16384": 270, "65536": 1000, "524288": 7600}, "minIOPS": 50, "burstTime": 60, "maxIOPS": 15000}, "scsiEUIDeviceID": "3932326d00000048f47acc0100000000", "qosPolicyID": null, "deleteTime": "", "enable512e": false, "volumeUUID": "b48931ae-ea6c-41de-bb72-4c66721c4930", "volumeAccessGroups": [], "totalSize": 10000269312, "blockSize": 4096, "access": "readWrite", "purgeTime": "", "accountID": 62, "status": "active", "lastAccessTime": null, "attributes": {}, "volumeConsistencyGroupUUID": "45ca5a7d-baa6-4bea-b738-25889f51dda5", "volumePairs": [], "scsiNAADeviceID": "6f47acc1000000003932326d00000048", "createTime": "2017-10-30T15:41:11Z", "virtualVolumeID": null, "name": "Test-src-1", "volumeID": 72, "iqn": "iqn.2010-01.com.solidfire:922m.test-src-1.72", "sliceCount": 1, "enableSnapMirrorReplication": false}, {"lastAccessTimeIO": null, "qos": {"burstIOPS": 15000, "curve": {"8192": 160, "32768": 500, "4096": 100, "1048576": 15000, "131072": 1950, "262144": 3900, "16384": 270, "65536": 1000, "524288": 7600}, "minIOPS": 50, "burstTime": 60, "maxIOPS": 15000}, "scsiEUIDeviceID": "3932326d00000049f47acc0100000000", "qosPolicyID": null, "deleteTime": "", "enable512e": false, "volumeUUID": "a873bc3c-a9f1-4518-814e-bdce76600968", "volumeAccessGroups": [], "totalSize": 10000269312, "blockSize": 4096, "access": "readWrite", "purgeTime": "", "accountID": 63, "status": "active", "lastAccessTime": null, "attributes": {}, "volumeConsistencyGroupUUID": "3065f335-7091-47aa-b787-3ee23d0c21ef", "volumePairs": [], "scsiNAADeviceID": "6f47acc1000000003932326d00000049", "createTime": "2017-10-30T15:41:42Z", "virtualVolumeID": null, "name": "Test-tgt-1", "volumeID": 73, "iqn": "iqn.2010-01.com.solidfire:922m.test-tgt-1.73", "sliceCount": 1, "enableSnapMirrorReplication": false}, {"lastAccessTimeIO": null, "qos": {"burstIOPS": 15000, "curve": {"8192": 160, "32768": 500, "4096": 100, "1048576": 15000, "131072": 1950, "262144": 3900, "16384": 270, "65536": 1000, "524288": 7600}, "minIOPS": 50, "burstTime": 60, "maxIOPS": 15000}, "scsiEUIDeviceID": "3932326d000000cbf47acc0100000000", "qosPolicyID": null, "deleteTime": "", "enable512e": false, "volumeUUID": "07f5841e-9d47-4d43-bce9-536465d6590b", "volumeAccessGroups": [], "totalSize": 10000269312, "blockSize": 4096, "access": "readWrite", "purgeTime": "", "accountID": 218, "status": "active", "lastAccessTime": null, "attributes": {}, "volumeConsistencyGroupUUID": "a989e846-fd49-4a37-b7e4-b8a6a71b8ec1", "volumePairs": [], "scsiNAADeviceID": "6f47acc1000000003932326d000000cb", "createTime": "2017-10-30T19:06:38Z", "virtualVolumeID": null, "name": "S3-Domestic-src-1", "volumeID": 203, "iqn": "iqn.2010-01.com.solidfire:922m.s3-domestic-src-1.203", "sliceCount": 1, "enableSnapMirrorReplication": false}]}}
2017-10-30 19:06:42.147561 DEBUG [sf_platform.core.retry_handlers.retry_wrapper:636] [MainProcess:MainThread] CallContext 24 SUCCEEDED.
2017-10-30 19:06:42.147867 INFO [sf_platform.api.ApiVolume.create_volumes:282] [MainProcess:MainThread] Verifying that volumesPerAccountCountMax will not be violated by this operation
2017-10-30 19:06:42.148123 INFO [sf_platform.api.ApiVolume.create_volumes:301] [MainProcess:MainThread] Creating 1 volumes of size: 10 GB for each account in [221]
2017-10-30 19:06:42.149698 DEBUG [sf_platform.core.retry_handlers.retry_wrapper:624] [MainProcess:MainThread] CallContext 25: UUID=25-76fadd32-bda5-11e7-89b9-6c0b84e27010, function=call_readonly_cluster_api, call_stack=[/home/hnathani/repos/suites_refresh/nathaniel/nathaniel-sr-autoplatform/sf_platform/cluster_api.py:get_api:852, from /home/hnathani/repos/suites_refresh/nathaniel/nathaniel-sr-autoplatform/sf_platform/api/ApiVolume.py:create_volumes:313, from /home/hnathani/repos/suites_refresh/nathaniel/nathaniel-sr-autotest-content/steps/AutotestVolume.py:create_volumes:1169, from /home/hnathani/repos/suites_refresh/nathaniel/nathaniel-sr-autotest-content/tests/bulk_volume/cases/bulk_volume_operations.py:_setup:228, from /home/hnathani/repos/suites_refresh/nathaniel/nathaniel-sr-autoplatform/valence_repo/valence/camelot/case.py:_internal_setup:266]
2017-10-30 19:06:42.150097 DEBUG [autologger.main.log:241] [MainProcess:MainThread] JSON-RPC-POST: method=GetAPI, url=https://10.117.78.245/json-rpc/10.0, id=22
2017-10-30 19:06:42.150396 DEBUG [autologger.main.log:241] [MainProcess:MainThread] Sending HTTP POST request to server_url: https://10.117.78.245/json-rpc/10.0; {"params": {"__includeSecretMethods": true}, "method": "GetAPI", "id": 22}.
2017-10-30 19:06:42.883303 DEBUG [autologger.main.log:241] [MainProcess:MainThread] JSON-RPC-POST response: {"id": 22, "result": {"supportedVersions": ["1.0", "2.0", "3.0", "4.0", "5.0", "5.1", "6.0", "7.0", "7.1", "7.2", "7.3", "7.4", "8.0", "8.1", "8.2", "8.3", "8.4", "8.5", "8.6", "8.7", "9.0", "9.1", "9.2", "9.3", "10.0"], "10.0": ["APIWriteBlock", "AddAccount", "AddBlockToBS", "AddClusterAdmin", "AddDrives", "AddInitiatorsToVolumeAccessGroup", "AddLdapClusterAdmin", "AddLocalAdmin", "AddNodes", "AddVirtualNetwork", "AddVlanDevice", "AddVolumesToVolumeAccessGroup", "AptClearCache", "AptInstall", "AptPurgeOldKernels", "AptSearch", "AptUpdate", "AptUpgrade", "BDTPipeline", "BindVirtualVolumes", "BreakSnapMirrorVolume", "CancelClone", "CancelGroupClone", "CancelVirtualVolumeTask", "CheckBlock", "ClearClusterFaults", "CloneMultipleVolumes", "CloneVirtualVolume", "CloneVolume", "CloneVolumeFromDead", "ComparePlatformConfig", "CompleteClusterPairing", "CompleteVolumePairing", "ComputeVolumeChecksum", "CopyDiffsToVirtualVolume", "CopyVolume", "CopyVolumeToSnapshot", "CreateBackupTarget", "CreateClusterSupportBundle", "CreateDatabaseEntry", "CreateGroupSnapshot", "CreateInitiators", "CreateMultipleVolumes", "CreateQoSPolicy", "CreateSchedule", "CreateSnapMirrorEndpoint", "CreateSnapshot", "CreateStorageContainer", "CreateSupportBundle", "CreateVirtualVolume", "CreateVirtualVolumeHost", "CreateVolume", "CreateVolumeAccessGroup", "DebPkgGetControlInfo", "DeleteAllSupportBundles", "DeleteDatabaseEntry", "DeleteDownloads", "DeleteGroupSnapshot", "DeleteInitiators", "DeleteQoSPolicy", "DeleteSnapMirrorEndpoints", "DeleteSnapshot", "DeleteStorageContainers", "DeleteVirtualVolumeHosts", "DeleteVirtualVolumes", "DeleteVolume", "DeleteVolumeAccessGroup", "DeleteVolumes", "DemoteClusterMaster", "DisableBmcColdReset", "DisableEncryptionAtRest", "DisableLdapAuthentication", "DisableSnmp", "DisconnectISCSISessions", "Download", "EnableBmcColdReset", "EnableEncryptionAtRest", "EnableFeature", "EnableLdapAuthentication", "EnableSnmp", "FastCloneVirtualVolume", "FillSlice", "FindMismatchedSliceLBAs", "FinishUpgrade", "ForceRecycle", "ForceWholeFileSync", "GetAccountByID", "GetAccountByName", "GetAccountEfficiency", "GetAptSourceLinesFromPackage", "GetAptSourceLinesFromSystem", "GetAsyncResult", "GetBackupTarget", "GetBinAssignments", "GetClusterCapacity", "GetClusterConfig", "GetClusterFullThreshold", "GetClusterHardwareInfo", "GetClusterInfo", "GetClusterMasterNodeID", "GetClusterSettings", "GetClusterState", "GetClusterStats", "GetClusterVersionInfo", "GetCodeTimings", "GetCompleteStats", "GetConfig", "GetConnectivityReport", "GetConstants", "GetCurrentClusterAdmin", "GetDaemonStatus", "GetDatabaseEntry", "GetDebugOptions", "GetDefaultQoS", "GetDriveConfig", "GetDriveHardwareInfo", "GetDriveStats", "GetEncryptionAtRestInfo", "GetEnsembleConfig", "GetFeatureStatus", "GetFibreChannelVolumeAccessInfo", "GetFirewallRules", "GetGCStatus", "GetHardwareConfig", "GetHardwareInfo", "GetImmutableValues", "GetInterruptInfo", "GetIpmiConfig", "GetIpmiInfo", "GetLdapConfiguration", "GetLimits", "GetLocalAdmin", "GetLocalStats", "GetLoginBanner", "GetLoginSessionInfo", "GetNTPStatus", "GetNetworkConfig", "GetNetworkInterface", "GetNetworkInterfaceStats", "GetNetworkInterfaceStatus", "GetNodeConfig", "GetNodeConstants", "GetNodeHardwareInfo", "GetNodeSSLCertificate", "GetNodeStats", "GetNtpInfo", "GetNvramInfo", "GetOrigin", "GetPendingOperation", "GetPlatformConfig", "GetProcessInfo", "GetQoSPolicy", "GetRawHardwareInfo", "GetRawStats", "GetRemoteLoggingHosts", "GetReport", "GetRsyslogInfo", "GetRtfiGeneration", "GetRtfiGenerationNext", "GetSSLCertificate", "GetSchedule", "GetServiceManagerState", "GetServiceStatus", "GetSliceFileSizeReport", "GetSliceInfo", "GetSliceReserveUsedThresholdPct", "GetSnmpACL", "GetSnmpInfo", "GetSnmpState", "GetSnmpTrapInfo", "GetStartupFlags", "GetStorageContainerEfficiency", "GetSystemStatus", "GetTemporaryDBVersion", "GetThreadBacktraces", "GetTime", "GetTimezone", "GetTracingConfig", "GetVasaProviderInfo", "GetVersionInfo", "GetVirtualVolumeAllocatedBitmap", "GetVirtualVolumeCount", "GetVirtualVolumeTaskUpdate", "GetVirtualVolumeUnsharedBitmap", "GetVirtualVolumeUnsharedChunks", "GetVolumeAccessGroupEfficiency", "GetVolumeAccessGroupLunAssignments", "GetVolumeCount", "GetVolumeEfficiency", "GetVolumeSetEfficiency", "GetVolumeStats", "InstallCleanup", "InstallPlatformConfig", "InvokeSetVersion", "IsUpgradeInProgress", "KillProcesses", "ListAccounts", "ListActiveNodes", "ListActivePairedVolumes", "ListActiveVolumes", "ListAllNodes", "ListAptSourceLines", "ListAsyncResults", "ListBackupTargets", "ListBulkVolumeJobs", "ListClusterAdmins", "ListClusterFaults", "ListClusterPairs", "ListCoreFiles", "ListDatabaseChildren", "ListDatabaseChildrenData", "ListDeletedVolumes", "ListDownloads", "ListDriveHardware", "ListDriveStats", "ListDrives", "ListEvents", "ListFibreChannelPortInfo", "ListFibreChannelSessions", "ListGroupSnapshots", "ListISCSISessions", "ListInitiators", "ListMountedFileSystems", "ListNetworkInterfaces", "ListNetworkNamespaceInfo", "ListNodeFibreChannelPortInfo", "ListNodeStats", "ListPendingActiveNodes", "ListPendingNodes", "ListProtocolEndpoints", "ListQoSPolicies", "ListRepositories", "ListSchedules", "ListServices", "ListSliceBranchesByService", "ListSnapMirrorEndpoints", "ListSnapshots", "ListStorageContainers", "ListSyncJobs", "ListTests", "ListUtilities", "ListVirtualNetworks", "ListVirtualVolumeBindings", "ListVirtualVolumeHosts", "ListVirtualVolumeTasks", "ListVirtualVolumes", "ListVolumeAccessGroups", "ListVolumeStats", "ListVolumeStatsByAccount", "ListVolumeStatsByVirtualVolume", "ListVolumeStatsByVolume", "ListVolumeStatsByVolumeAccessGroup", "ListVolumes", "ListVolumesForAccount", "ModifyAccount", "ModifyBackupTarget", "ModifyClusterAdmin", "ModifyClusterFullThreshold", "ModifyGroupSnapshot", "ModifyInitiators", "ModifyQoSPolicy", "ModifySchedule", "ModifySliceReserveUsedThresholdPct", "ModifySnapMirrorEndpoint", "ModifySnapshot", "ModifyStorageContainer", "ModifyVasaProviderInfo", "ModifyVirtualNetwork", "ModifyVirtualVolume", "ModifyVirtualVolumeHost", "ModifyVirtualVolumeMetadata", "ModifyVlanDevice", "ModifyVolume", "ModifyVolumeAccessGroup", "ModifyVolumeAccessGroupLunAssignments", "ModifyVolumePair", "ModifyVolumes", "MovePrimariesAwayFromNode", "NotifyIntentToRestart", "PrepareVirtualSnapshot", "PurgeAllDeletedVolumes", "PurgeDeletedVolume", "PurgeDeletedVolumes", "QueryVirtualVolumeMetadata", "ReadLink", "ReadSliceLBA", "ReadSliceLBAChecksum", "ReassignSlice", "RebalanceSlices", "RebootNode", "ReconfigureEnsemble", "RegenerateClusterUuid", "ReleaseFreeMemory", "RemoveAccount", "RemoveBackupTarget", "RemoveBlockFromBS", "RemoveClusterAdmin", "RemoveClusterPair", "RemoveCoreFiles", "RemoveDrives", "RemoveInitiatorsFromVolumeAccessGroup", "RemoveNodeSSLCertificate", "RemoveNodes", "RemoveSSLCertificate", "RemoveVirtualNetwork", "RemoveVlanDevice", "RemoveVolumePair", "RemoveVolumesFromVolumeAccessGroup", "RenameNetworkInterfaces", "ResetConstants", "ResetDrives", "ResetNode", "ResetNodeConstants", "RestartNetworking", "RestartServices", "RestoreDeletedVolume", "RollbackToGroupSnapshot", "RollbackToSnapshot", "RollbackVirtualVolume", "RotateLogs", "SecureEraseDrives", "SetAptSourceLines", "SetClusterConfig", "SetClusterFullThresholds", "SetClusterSettings", "SetConfig", "SetConstants", "SetDaemonStatus", "SetDatabaseEntry", "SetDebugOptions", "SetDefaultQoS", "SetInitiatorID", "SetLoginBanner", "SetLoginSessionInfo", "SetNetworkConfig", "SetNetworkInterfaceStatus", "SetNodeConstants", "SetNodeSSLCertificate", "SetNtpInfo", "SetPlatformConfig", "SetRemoteLoggingHosts", "SetRepositories", "SetRsyslogInfo", "SetSSLCertificate", "SetSnmpACL", "SetSnmpInfo", "SetSnmpTrapInfo", "SetStartupFlags", "SetTemporaryDBVersion", "SetTime", "SetTimezone", "SetTracingConfig", "SetUpgradeNodeId", "Shutdown", "SnapshotVirtualVolume", "SnmpSendTestTraps", "StartBulkVolumeRead", "StartBulkVolumeWrite", "StartClusterBSCheck", "StartClusterPairing", "StartGC", "StartRtfi", "StartUpgrade", "StartVolumePairing", "StopClusterBSCheck", "TestClientConnectivity", "TestConnectEnsemble", "TestConnectMvip", "TestConnectSvip", "TestDrives", "TestHardwareConfig", "TestLdapAuthentication", "TestLocalConnectivity", "TestLocateCluster", "TestNetworkConfig", "TestPing", "TestRemoteConnectivity", "UnbindAllVirtualVolumesFromHost", "UnbindVirtualVolumes", "UpdateBulkVolumeStatus", "UpgradeStartupFlags"], "currentVersion": "10.0"}}
2017-10-30 19:06:42.883880 DEBUG [sf_platform.core.retry_handlers.retry_wrapper:636] [MainProcess:MainThread] CallContext 25 SUCCEEDED.
2017-10-30 19:06:42.885258 DEBUG [sf_platform.core.retry_handlers.retry_wrapper:624] [MainProcess:MainThread] CallContext 26: UUID=26-76fadd33-bda5-11e7-89b9-6c0b84e27010, function=call_cluster_api, call_stack=[/home/hnathani/repos/suites_refresh/nathaniel/nathaniel-sr-autoplatform/sf_platform/cluster_api.py:create_multiple_volumes:716, from /home/hnathani/repos/suites_refresh/nathaniel/nathaniel-sr-autoplatform/sf_platform/api/decorators.py:assured_type_method:80, from /home/hnathani/repos/suites_refresh/nathaniel/nathaniel-sr-autoplatform/sf_platform/api/ApiVolume.py:create_volumes:323, from /home/hnathani/repos/suites_refresh/nathaniel/nathaniel-sr-autotest-content/steps/AutotestVolume.py:create_volumes:1169, from /home/hnathani/repos/suites_refresh/nathaniel/nathaniel-sr-autotest-content/tests/bulk_volume/cases/bulk_volume_operations.py:_setup:228]
2017-10-30 19:06:42.885608 DEBUG [autologger.main.log:241] [MainProcess:MainThread] JSON-RPC-POST: method=CreateMultipleVolumes, url=https://10.117.78.245/json-rpc/10.0, id=23
2017-10-30 19:06:42.885876 DEBUG [autologger.main.log:241] [MainProcess:MainThread] Sending HTTP POST request to server_url: https://10.117.78.245/json-rpc/10.0; {"params": {"enable512e": false, "qos": {}, "totalSize": 10000000000, "names": ["S3-Domestic-tgt-1"], "sliceCount": 1, "enableSnapMirrorReplication": false, "accountID": 221}, "method": "CreateMultipleVolumes", "id": 23}.
2017-10-30 19:06:43.844638 DEBUG [autologger.main.log:241] [MainProcess:MainThread] JSON-RPC-POST response: {"warning": {"unusedParameters": {"sliceCount": 1}}, "id": 23, "result": {"volumeIDs": [204], "volumes": [{"lastAccessTimeIO": null, "qos": {"burstIOPS": 15000, "curve": {"8192": 160, "32768": 500, "4096": 100, "1048576": 15000, "131072": 1950, "262144": 3900, "16384": 270, "65536": 1000, "524288": 7600}, "minIOPS": 50, "burstTime": 60, "maxIOPS": 15000}, "scsiEUIDeviceID": "3932326d000000ccf47acc0100000000", "qosPolicyID": null, "deleteTime": "", "enable512e": false, "volumeUUID": "5257e882-7870-43be-bce5-b031a063b0dc", "volumeAccessGroups": [], "totalSize": 10000269312, "blockSize": 4096, "access": "readWrite", "purgeTime": "", "accountID": 221, "status": "active", "lastAccessTime": null, "attributes": {}, "volumeConsistencyGroupUUID": "ba41943f-5e4b-42dc-b245-e479b919b91a", "volumePairs": [], "scsiNAADeviceID": "6f47acc1000000003932326d000000cc", "createTime": "2017-10-30T19:06:43Z", "virtualVolumeID": null, "name": "S3-Domestic-tgt-1", "volumeID": 204, "iqn": "iqn.2010-01.com.solidfire:922m.s3-domestic-tgt-1.204", "sliceCount": 0, "enableSnapMirrorReplication": false}]}}
2017-10-30 19:06:43.845047 DEBUG [sf_platform.core.retry_handlers.retry_wrapper:636] [MainProcess:MainThread] CallContext 26 SUCCEEDED.
2017-10-30 19:06:43.846434 DEBUG [sf_platform.core.retry_handlers.retry_wrapper:624] [MainProcess:MainThread] CallContext 27: UUID=27-76fadd34-bda5-11e7-89b9-6c0b84e27010, function=call_readonly_cluster_api, call_stack=[/home/hnathani/repos/suites_refresh/nathaniel/nathaniel-sr-autoplatform/sf_platform/cluster_api.py:list_active_volumes:987, from /home/hnathani/repos/suites_refresh/nathaniel/nathaniel-sr-autoplatform/sf_platform/api/ApiVolume.py:create_volumes:338, from /home/hnathani/repos/suites_refresh/nathaniel/nathaniel-sr-autotest-content/steps/AutotestVolume.py:create_volumes:1169, from /home/hnathani/repos/suites_refresh/nathaniel/nathaniel-sr-autotest-content/tests/bulk_volume/cases/bulk_volume_operations.py:_setup:228, from /home/hnathani/repos/suites_refresh/nathaniel/nathaniel-sr-autoplatform/valence_repo/valence/camelot/case.py:_internal_setup:266]
2017-10-30 19:06:43.846783 DEBUG [autologger.main.log:241] [MainProcess:MainThread] JSON-RPC-POST: method=ListActiveVolumes, url=https://10.117.78.245/json-rpc/10.0, id=24
2017-10-30 19:06:43.847086 DEBUG [autologger.main.log:241] [MainProcess:MainThread] Sending HTTP POST request to server_url: https://10.117.78.245/json-rpc/10.0; {"params": {"startVolumeID": 0}, "method": "ListActiveVolumes", "id": 24}.
2017-10-30 19:06:44.581920 DEBUG [autologger.main.log:241] [MainProcess:MainThread] JSON-RPC-POST response: {"id": 24, "result": {"volumes": [{"lastAccessTimeIO": null, "qos": {"burstIOPS": 15000, "curve": {"8192": 160, "32768": 500, "4096": 100, "1048576": 15000, "131072": 1950, "262144": 3900, "16384": 270, "65536": 1000, "524288": 7600}, "minIOPS": 50, "burstTime": 60, "maxIOPS": 15000}, "scsiEUIDeviceID": "3932326d00000048f47acc0100000000", "qosPolicyID": null, "deleteTime": "", "enable512e": false, "volumeUUID": "b48931ae-ea6c-41de-bb72-4c66721c4930", "volumeAccessGroups": [], "totalSize": 10000269312, "blockSize": 4096, "access": "readWrite", "purgeTime": "", "accountID": 62, "status": "active", "lastAccessTime": null, "attributes": {}, "volumeConsistencyGroupUUID": "45ca5a7d-baa6-4bea-b738-25889f51dda5", "volumePairs": [], "scsiNAADeviceID": "6f47acc1000000003932326d00000048", "createTime": "2017-10-30T15:41:11Z", "virtualVolumeID": null, "name": "Test-src-1", "volumeID": 72, "iqn": "iqn.2010-01.com.solidfire:922m.test-src-1.72", "sliceCount": 1, "enableSnapMirrorReplication": false}, {"lastAccessTimeIO": null, "qos": {"burstIOPS": 15000, "curve": {"8192": 160, "32768": 500, "4096": 100, "1048576": 15000, "131072": 1950, "262144": 3900, "16384": 270, "65536": 1000, "524288": 7600}, "minIOPS": 50, "burstTime": 60, "maxIOPS": 15000}, "scsiEUIDeviceID": "3932326d00000049f47acc0100000000", "qosPolicyID": null, "deleteTime": "", "enable512e": false, "volumeUUID": "a873bc3c-a9f1-4518-814e-bdce76600968", "volumeAccessGroups": [], "totalSize": 10000269312, "blockSize": 4096, "access": "readWrite", "purgeTime": "", "accountID": 63, "status": "active", "lastAccessTime": null, "attributes": {}, "volumeConsistencyGroupUUID": "3065f335-7091-47aa-b787-3ee23d0c21ef", "volumePairs": [], "scsiNAADeviceID": "6f47acc1000000003932326d00000049", "createTime": "2017-10-30T15:41:42Z", "virtualVolumeID": null, "name": "Test-tgt-1", "volumeID": 73, "iqn": "iqn.2010-01.com.solidfire:922m.test-tgt-1.73", "sliceCount": 1, "enableSnapMirrorReplication": false}, {"lastAccessTimeIO": null, "qos": {"burstIOPS": 15000, "curve": {"8192": 160, "32768": 500, "4096": 100, "1048576": 15000, "131072": 1950, "262144": 3900, "16384": 270, "65536": 1000, "524288": 7600}, "minIOPS": 50, "burstTime": 60, "maxIOPS": 15000}, "scsiEUIDeviceID": "3932326d000000cbf47acc0100000000", "qosPolicyID": null, "deleteTime": "", "enable512e": false, "volumeUUID": "07f5841e-9d47-4d43-bce9-536465d6590b", "volumeAccessGroups": [], "totalSize": 10000269312, "blockSize": 4096, "access": "readWrite", "purgeTime": "", "accountID": 218, "status": "active", "lastAccessTime": null, "attributes": {}, "volumeConsistencyGroupUUID": "a989e846-fd49-4a37-b7e4-b8a6a71b8ec1", "volumePairs": [], "scsiNAADeviceID": "6f47acc1000000003932326d000000cb", "createTime": "2017-10-30T19:06:38Z", "virtualVolumeID": null, "name": "S3-Domestic-src-1", "volumeID": 203, "iqn": "iqn.2010-01.com.solidfire:922m.s3-domestic-src-1.203", "sliceCount": 1, "enableSnapMirrorReplication": false}, {"lastAccessTimeIO": null, "qos": {"burstIOPS": 15000, "curve": {"8192": 160, "32768": 500, "4096": 100, "1048576": 15000, "131072": 1950, "262144": 3900, "16384": 270, "65536": 1000, "524288": 7600}, "minIOPS": 50, "burstTime": 60, "maxIOPS": 15000}, "scsiEUIDeviceID": "3932326d000000ccf47acc0100000000", "qosPolicyID": null, "deleteTime": "", "enable512e": false, "volumeUUID": "5257e882-7870-43be-bce5-b031a063b0dc", "volumeAccessGroups": [], "totalSize": 10000269312, "blockSize": 4096, "access": "readWrite", "purgeTime": "", "accountID": 221, "status": "active", "lastAccessTime": null, "attributes": {}, "volumeConsistencyGroupUUID": "ba41943f-5e4b-42dc-b245-e479b919b91a", "volumePairs": [], "scsiNAADeviceID": "6f47acc1000000003932326d000000cc", "createTime": "2017-10-30T19:06:43Z", "virtualVolumeID": null, "name": "S3-Domestic-tgt-1", "volumeID": 204, "iqn": "iqn.2010-01.com.solidfire:922m.s3-domestic-tgt-1.204", "sliceCount": 1, "enableSnapMirrorReplication": false}]}}
2017-10-30 19:06:44.582485 DEBUG [sf_platform.core.retry_handlers.retry_wrapper:636] [MainProcess:MainThread] CallContext 27 SUCCEEDED.
2017-10-30 19:06:44.588608 DEBUG [sf_platform.core.http_utils.web_auth:683] [MainProcess:MainThread] Already authenticated to 10.117.78.245
2017-10-30 19:06:44.588940 DEBUG [sf_platform.core.http_utils.web_auth:683] [MainProcess:MainThread] Already authenticated to 10.117.78.245
2017-10-30 19:06:44.589243 DEBUG [autologger.main.log:241] [MainProcess:MainThread] Sending HTTP GET request to server_url: https://10.117.78.245/reports/slices.json; None.
2017-10-30 19:06:45.335566 DEBUG [sf_platform.core.retry_handlers.retry_wrapper:624] [MainProcess:MainThread] CallContext 28: UUID=28-78e0fd0c-bda5-11e7-89b9-6c0b84e27010, function=call_readonly_cluster_api, call_stack=[/home/hnathani/repos/suites_refresh/nathaniel/nathaniel-sr-autoplatform/sf_platform/cluster_api.py:get_cluster_info:2537, from /home/hnathani/repos/suites_refresh/nathaniel/nathaniel-sr-autoplatform/sf_platform/api/ApiCluster.py:is_slice_syncing:397, from /home/hnathani/repos/suites_refresh/nathaniel/nathaniel-sr-autoplatform/sf_platform/api/ApiCluster.py:wait_for_slice_sync:440, from /home/hnathani/repos/suites_refresh/nathaniel/nathaniel-sr-autoplatform/sf_platform/api/ApiVolume.py:create_volumes:340, from /home/hnathani/repos/suites_refresh/nathaniel/nathaniel-sr-autotest-content/steps/AutotestVolume.py:create_volumes:1169]
2017-10-30 19:06:45.336076 DEBUG [autologger.main.log:241] [MainProcess:MainThread] JSON-RPC-POST: method=GetClusterInfo, url=https://10.117.78.245/json-rpc/10.0, id=25
2017-10-30 19:06:45.336389 DEBUG [autologger.main.log:241] [MainProcess:MainThread] Sending HTTP POST request to server_url: https://10.117.78.245/json-rpc/10.0; {"params": {}, "method": "GetClusterInfo", "id": 25}.
2017-10-30 19:06:46.069049 DEBUG [autologger.main.log:241] [MainProcess:MainThread] JSON-RPC-POST response: {"id": 25, "result": {"clusterInfo": {"uniqueID": "922m", "name": "AutoTest2-1gPr-FOR-TEST-ONLY", "repCount": 1, "uuid": "1c8f9f8f-6506-4f60-b572-c1f770e0dcb2", "svipInterface": "Bond10G", "svip": "10.117.94.251", "mvipNodeID": 1, "mvipInterface": "Bond1G", "encryptionAtRestState": "enabled", "attributes": {}, "mvip": "10.117.78.245", "mvipVlanTag": "0", "ensemble": ["10.117.80.23"], "svipVlanTag": "0", "svipNodeID": 1}}}
2017-10-30 19:06:46.069463 DEBUG [sf_platform.core.retry_handlers.retry_wrapper:636] [MainProcess:MainThread] CallContext 28 SUCCEEDED.
2017-10-30 19:06:46.069762 INFO [sf_platform.api.ApiCluster.is_slice_syncing:418] [MainProcess:MainThread] Syncing slices: set([])
2017-10-30 19:06:46.071037 DEBUG [sf_platform.core.retry_handlers.retry_wrapper:624] [MainProcess:MainThread] CallContext 29: UUID=29-78e0fd0d-bda5-11e7-89b9-6c0b84e27010, function=call_readonly_cluster_api, call_stack=[/home/hnathani/repos/suites_refresh/nathaniel/nathaniel-sr-autoplatform/sf_platform/cluster_api.py:list_active_volumes:987, from /home/hnathani/repos/suites_refresh/nathaniel/nathaniel-sr-autoplatform/sf_platform/api/ApiVolume.py:create_volumes:341, from /home/hnathani/repos/suites_refresh/nathaniel/nathaniel-sr-autotest-content/steps/AutotestVolume.py:create_volumes:1169, from /home/hnathani/repos/suites_refresh/nathaniel/nathaniel-sr-autotest-content/tests/bulk_volume/cases/bulk_volume_operations.py:_setup:228, from /home/hnathani/repos/suites_refresh/nathaniel/nathaniel-sr-autoplatform/valence_repo/valence/camelot/case.py:_internal_setup:266]
2017-10-30 19:06:46.071371 DEBUG [autologger.main.log:241] [MainProcess:MainThread] JSON-RPC-POST: method=ListActiveVolumes, url=https://10.117.78.245/json-rpc/10.0, id=26
2017-10-30 19:06:46.071627 DEBUG [autologger.main.log:241] [MainProcess:MainThread] Sending HTTP POST request to server_url: https://10.117.78.245/json-rpc/10.0; {"params": {"startVolumeID": 0}, "method": "ListActiveVolumes", "id": 26}.
2017-10-30 19:06:46.807542 DEBUG [autologger.main.log:241] [MainProcess:MainThread] JSON-RPC-POST response: {"id": 26, "result": {"volumes": [{"lastAccessTimeIO": null, "qos": {"burstIOPS": 15000, "curve": {"8192": 160, "32768": 500, "4096": 100, "1048576": 15000, "131072": 1950, "262144": 3900, "16384": 270, "65536": 1000, "524288": 7600}, "minIOPS": 50, "burstTime": 60, "maxIOPS": 15000}, "scsiEUIDeviceID": "3932326d00000048f47acc0100000000", "qosPolicyID": null, "deleteTime": "", "enable512e": false, "volumeUUID": "b48931ae-ea6c-41de-bb72-4c66721c4930", "volumeAccessGroups": [], "totalSize": 10000269312, "blockSize": 4096, "access": "readWrite", "purgeTime": "", "accountID": 62, "status": "active", "lastAccessTime": null, "attributes": {}, "volumeConsistencyGroupUUID": "45ca5a7d-baa6-4bea-b738-25889f51dda5", "volumePairs": [], "scsiNAADeviceID": "6f47acc1000000003932326d00000048", "createTime": "2017-10-30T15:41:11Z", "virtualVolumeID": null, "name": "Test-src-1", "volumeID": 72, "iqn": "iqn.2010-01.com.solidfire:922m.test-src-1.72", "sliceCount": 1, "enableSnapMirrorReplication": false}, {"lastAccessTimeIO": null, "qos": {"burstIOPS": 15000, "curve": {"8192": 160, "32768": 500, "4096": 100, "1048576": 15000, "131072": 1950, "262144": 3900, "16384": 270, "65536": 1000, "524288": 7600}, "minIOPS": 50, "burstTime": 60, "maxIOPS": 15000}, "scsiEUIDeviceID": "3932326d00000049f47acc0100000000", "qosPolicyID": null, "deleteTime": "", "enable512e": false, "volumeUUID": "a873bc3c-a9f1-4518-814e-bdce76600968", "volumeAccessGroups": [], "totalSize": 10000269312, "blockSize": 4096, "access": "readWrite", "purgeTime": "", "accountID": 63, "status": "active", "lastAccessTime": null, "attributes": {}, "volumeConsistencyGroupUUID": "3065f335-7091-47aa-b787-3ee23d0c21ef", "volumePairs": [], "scsiNAADeviceID": "6f47acc1000000003932326d00000049", "createTime": "2017-10-30T15:41:42Z", "virtualVolumeID": null, "name": "Test-tgt-1", "volumeID": 73, "iqn": "iqn.2010-01.com.solidfire:922m.test-tgt-1.73", "sliceCount": 1, "enableSnapMirrorReplication": false}, {"lastAccessTimeIO": null, "qos": {"burstIOPS": 15000, "curve": {"8192": 160, "32768": 500, "4096": 100, "1048576": 15000, "131072": 1950, "262144": 3900, "16384": 270, "65536": 1000, "524288": 7600}, "minIOPS": 50, "burstTime": 60, "maxIOPS": 15000}, "scsiEUIDeviceID": "3932326d000000cbf47acc0100000000", "qosPolicyID": null, "deleteTime": "", "enable512e": false, "volumeUUID": "07f5841e-9d47-4d43-bce9-536465d6590b", "volumeAccessGroups": [], "totalSize": 10000269312, "blockSize": 4096, "access": "readWrite", "purgeTime": "", "accountID": 218, "status": "active", "lastAccessTime": null, "attributes": {}, "volumeConsistencyGroupUUID": "a989e846-fd49-4a37-b7e4-b8a6a71b8ec1", "volumePairs": [], "scsiNAADeviceID": "6f47acc1000000003932326d000000cb", "createTime": "2017-10-30T19:06:38Z", "virtualVolumeID": null, "name": "S3-Domestic-src-1", "volumeID": 203, "iqn": "iqn.2010-01.com.solidfire:922m.s3-domestic-src-1.203", "sliceCount": 1, "enableSnapMirrorReplication": false}, {"lastAccessTimeIO": null, "qos": {"burstIOPS": 15000, "curve": {"8192": 160, "32768": 500, "4096": 100, "1048576": 15000, "131072": 1950, "262144": 3900, "16384": 270, "65536": 1000, "524288": 7600}, "minIOPS": 50, "burstTime": 60, "maxIOPS": 15000}, "scsiEUIDeviceID": "3932326d000000ccf47acc0100000000", "qosPolicyID": null, "deleteTime": "", "enable512e": false, "volumeUUID": "5257e882-7870-43be-bce5-b031a063b0dc", "volumeAccessGroups": [], "totalSize": 10000269312, "blockSize": 4096, "access": "readWrite", "purgeTime": "", "accountID": 221, "status": "active", "lastAccessTime": null, "attributes": {}, "volumeConsistencyGroupUUID": "ba41943f-5e4b-42dc-b245-e479b919b91a", "volumePairs": [], "scsiNAADeviceID": "6f47acc1000000003932326d000000cc", "createTime": "2017-10-30T19:06:43Z", "virtualVolumeID": null, "name": "S3-Domestic-tgt-1", "volumeID": 204, "iqn": "iqn.2010-01.com.solidfire:922m.s3-domestic-tgt-1.204", "sliceCount": 1, "enableSnapMirrorReplication": false}]}}
2017-10-30 19:06:46.807870 DEBUG [sf_platform.core.retry_handlers.retry_wrapper:636] [MainProcess:MainThread] CallContext 29 SUCCEEDED.
2017-10-30 19:06:46.808063 INFO [valence.camelot.case._internal_test:285] [MainProcess:MainThread] 

=========================================================================================================
Test Case 0: Starting Test of TcBulkVolSFtoSFS3Swift
=========================================================================================================

2017-10-30 19:06:46.808213 INFO [valence.camelot.case._log_step:218] [MainProcess:MainThread] 

---------------------------------------------------------------------------------------------------------
Starting Step 0 for TcBulkVolSFtoSFS3Swift: In parallel, backup/restore/verify using SFtoSF, SFtoSF 512e, S3-Domestic, S3-Foreign, and Swift
Expect: Pass
---------------------------------------------------------------------------------------------------------

2017-10-30 19:06:46.808361 INFO [tests.bulk_volume.cases.bulk_volume_operations.backup_restore_verify_S3:485] [MainProcess:MainThread] Domestic S3: Back up starting with the following settings: data format=native, use snapshots=True
2017-10-30 19:06:46.809647 DEBUG [sf_platform.core.retry_handlers.retry_wrapper:624] [MainProcess:MainThread] CallContext 30: UUID=30-78e0fd0e-bda5-11e7-89b9-6c0b84e27010, function=call_readonly_cluster_api, call_stack=[/home/hnathani/repos/suites_refresh/nathaniel/nathaniel-sr-autoplatform/sf_platform/cluster_api.py:get_cluster_version_info:2893, from /home/hnathani/repos/suites_refresh/nathaniel/nathaniel-sr-autoplatform/sf_platform/api/ApiCluster.py:get_cluster_version:1177, from /home/hnathani/repos/suites_refresh/nathaniel/nathaniel-sr-autotest-content/steps/AutotestCluster.py:get_cluster_version:2082, from /home/hnathani/repos/suites_refresh/nathaniel/nathaniel-sr-autotest-content/tests/bulk_volume/cases/bulk_volume_operations.py:bv_remote_transfer:598, from /home/hnathani/repos/suites_refresh/nathaniel/nathaniel-sr-autotest-content/tests/bulk_volume/cases/bulk_volume_operations.py:backup_restore_verify_S3:486]
2017-10-30 19:06:46.809889 DEBUG [autologger.main.log:241] [MainProcess:MainThread] JSON-RPC-POST: method=GetClusterVersionInfo, url=https://10.117.78.245/json-rpc/1.0, id=27
2017-10-30 19:06:46.810082 DEBUG [autologger.main.log:241] [MainProcess:MainThread] Sending HTTP POST request to server_url: https://10.117.78.245/json-rpc/1.0; {"params": {}, "method": "GetClusterVersionInfo", "id": 27}.
2017-10-30 19:06:47.541820 DEBUG [autologger.main.log:241] [MainProcess:MainThread] JSON-RPC-POST response: {"id": 27, "result": {"clusterVersionInfo": [{"nodeVersion": "10.0.0.282", "nodeInternalRevision": "BuildType=Release Element=neon Release=neon ReleaseShort=neon Version=10.0.0.282 sfdev=9.62 Repository=neon VCS=hg Revision=8241475a9d90 Options=timing,timing BuildDate=2017-09-15T18:41:46UTC md5=fa20b67a65fb7daac0ec81450e7b38f9", "nodeID": 1}], "softwareVersionInfo": {"pendingVersion": "10.0.0.282", "packageName": "", "currentVersion": "10.0.0.282", "nodeID": 0, "startTime": ""}, "clusterVersion": "10.0.0.282", "clusterAPIVersion": "10.0"}}
2017-10-30 19:06:47.542143 DEBUG [sf_platform.core.retry_handlers.retry_wrapper:636] [MainProcess:MainThread] CallContext 30 SUCCEEDED.
2017-10-30 19:06:47.543414 DEBUG [sf_platform.core.retry_handlers.retry_wrapper:624] [MainProcess:MainThread] CallContext 31: UUID=31-7a31e414-bda5-11e7-89b9-6c0b84e27010, function=call_readonly_cluster_api, call_stack=[/home/hnathani/repos/suites_refresh/nathaniel/nathaniel-sr-autoplatform/sf_platform/cluster_api.py:get_version_info:4148, from /home/hnathani/repos/suites_refresh/nathaniel/nathaniel-sr-autoplatform/sf_platform/api/ApiCluster.py:get_cluster_version:1185, from /home/hnathani/repos/suites_refresh/nathaniel/nathaniel-sr-autotest-content/steps/AutotestCluster.py:get_cluster_version:2082, from /home/hnathani/repos/suites_refresh/nathaniel/nathaniel-sr-autotest-content/tests/bulk_volume/cases/bulk_volume_operations.py:bv_remote_transfer:598, from /home/hnathani/repos/suites_refresh/nathaniel/nathaniel-sr-autotest-content/tests/bulk_volume/cases/bulk_volume_operations.py:backup_restore_verify_S3:486]
2017-10-30 19:06:47.543685 DEBUG [autologger.main.log:241] [MainProcess:MainThread] JSON-RPC-POST: method=GetVersionInfo, url=https://10.117.78.245/json-rpc/10.0, id=28
2017-10-30 19:06:47.543886 DEBUG [autologger.main.log:241] [MainProcess:MainThread] Sending HTTP POST request to server_url: https://10.117.78.245/json-rpc/10.0; {"params": {"force": true}, "method": "GetVersionInfo", "id": 28}.
2017-10-30 19:06:49.701821 DEBUG [autologger.main.log:241] [MainProcess:MainThread] JSON-RPC-POST response: {"id": 28, "result": {"nodes": [{"nodeID": 1, "result": {"versionInfo": {"sfapp": {"BuildType": "Release", "ReleaseShort": "neon", "Version": "10.0.0.282", "BuildDate": "2017-09-15T18:41:46UTC", "Repository": "neon", "Element": "neon", "VCS": "hg", "Release": "neon", "sfdev": "9.62", "md5": "fa20b67a65fb7daac0ec81450e7b38f9", "Options": "timing,timing", "Revision": "8241475a9d90"}, "sfsvcmgr": {"BuildType": "Release", "ReleaseShort": "neon", "Version": "10.0.0.282", "BuildDate": "2017-09-15T18:40:38UTC", "Repository": "neon", "Element": "neon", "VCS": "hg", "Release": "neon", "sfdev": "9.62", "md5": "ceebd7a62a6f157b023c9f76fdcfc95c", "Options": "timing,timing", "Revision": "8241475a9d90"}, "sfnetwd": {"BuildType": "Release", "ReleaseShort": "neon", "Version": "10.0.0.282", "BuildDate": "2017-09-15T18:40:39UTC", "Repository": "neon", "Element": "neon", "VCS": "hg", "Release": "neon", "sfdev": "9.62", "md5": "8508e75f74b01f9481c59a65e5f91a15", "Options": "timing,timing", "Revision": "8241475a9d90"}, "sfbasiciocheck": {"BuildType": "Release", "ReleaseShort": "neon", "Version": "10.0.0.282", "BuildDate": "2017-09-15T18:40:37UTC", "Repository": "neon", "Element": "neon", "VCS": "hg", "Release": "neon", "sfdev": "9.62", "md5": "cf7cfc28a4c343a68b71cad0fff54f95", "Options": "timing,timing", "Revision": "8241475a9d90"}}}}]}}
2017-10-30 19:06:49.702269 DEBUG [sf_platform.core.retry_handlers.retry_wrapper:636] [MainProcess:MainThread] CallContext 31 SUCCEEDED.
2017-10-30 19:06:49.702573 INFO [steps.AutotestCluster.get_cluster_version:2083] [MainProcess:MainThread] cluster version: neon-10.0.0.282
2017-10-30 19:06:49.704188 DEBUG [sf_platform.core.retry_handlers.retry_wrapper:624] [MainProcess:MainThread] CallContext 32: UUID=32-7b7b9824-bda5-11e7-89b9-6c0b84e27010, function=call_cluster_api, call_stack=[/home/hnathani/repos/suites_refresh/nathaniel/nathaniel-sr-autoplatform/sf_platform/cluster_api.py:create_snapshot:1666, from /home/hnathani/repos/suites_refresh/nathaniel/nathaniel-sr-autoplatform/sf_platform/api/decorators.py:assured_type_method:80, from /home/hnathani/repos/suites_refresh/nathaniel/nathaniel-sr-autotest-content/steps/AutotestVolume.py:create_snapshots:921, from /home/hnathani/repos/suites_refresh/nathaniel/nathaniel-sr-autotest-content/tests/bulk_volume/cases/bulk_volume_operations.py:bv_remote_transfer:608, from /home/hnathani/repos/suites_refresh/nathaniel/nathaniel-sr-autotest-content/tests/bulk_volume/cases/bulk_volume_operations.py:backup_restore_verify_S3:486]
2017-10-30 19:06:49.704528 DEBUG [autologger.main.log:241] [MainProcess:MainThread] JSON-RPC-POST: method=CreateSnapshot, url=https://10.117.78.245/json-rpc/10.0, id=29
2017-10-30 19:06:49.704786 DEBUG [autologger.main.log:241] [MainProcess:MainThread] Sending HTTP POST request to server_url: https://10.117.78.245/json-rpc/10.0; {"params": {"snapshotID": 0, "volumeID": 203}, "method": "CreateSnapshot", "id": 29}.
2017-10-30 19:06:50.520545 DEBUG [autologger.main.log:241] [MainProcess:MainThread] JSON-RPC-POST response: {"id": 29, "result": {"checksum": "0x0", "snapshot": {"status": "done", "totalSize": 10000269312, "name": "2017-10-30T19:06:50Z", "snapshotUUID": "6512b384-bf63-4e77-8c73-81d18393a233", "checksum": "0x0", "expirationReason": "None", "enableRemoteReplication": false, "volumeID": 203, "groupID": 0, "volumeName": "S3-Domestic-src-1", "groupSnapshotUUID": "00000000-0000-0000-0000-000000000000", "instanceCreateTime": "2017-10-30T19:06:50Z", "snapMirrorLabel": null, "snapshotID": 220, "attributes": {}, "expirationTime": null, "virtualVolumeID": null, "createTime": "2017-10-30T19:06:50Z", "instanceSnapshotUUID": "6512b384-bf63-4e77-8c73-81d18393a233"}, "snapshotID": 220}}
2017-10-30 19:06:50.521036 DEBUG [sf_platform.core.retry_handlers.retry_wrapper:636] [MainProcess:MainThread] CallContext 32 SUCCEEDED.
2017-10-30 19:06:50.522826 DEBUG [sf_platform.core.retry_handlers.retry_wrapper:624] [MainProcess:MainThread] CallContext 33: UUID=33-7b7b9825-bda5-11e7-89b9-6c0b84e27010, function=call_readonly_cluster_api, call_stack=[/home/hnathani/repos/suites_refresh/nathaniel/nathaniel-sr-autoplatform/sf_platform/cluster_api.py:list_snapshots:1792, from /home/hnathani/repos/suites_refresh/nathaniel/nathaniel-sr-autoplatform/sf_platform/api/decorators.py:case_decorator:319, from /home/hnathani/repos/suites_refresh/nathaniel/nathaniel-sr-autotest-content/steps/AutotestVolume.py:create_snapshots:927, from /home/hnathani/repos/suites_refresh/nathaniel/nathaniel-sr-autotest-content/tests/bulk_volume/cases/bulk_volume_operations.py:bv_remote_transfer:608, from /home/hnathani/repos/suites_refresh/nathaniel/nathaniel-sr-autotest-content/tests/bulk_volume/cases/bulk_volume_operations.py:backup_restore_verify_S3:486]
2017-10-30 19:06:50.523269 DEBUG [autologger.main.log:241] [MainProcess:MainThread] JSON-RPC-POST: method=ListSnapshots, url=https://10.117.78.245/json-rpc/10.0, id=30
2017-10-30 19:06:50.523625 DEBUG [autologger.main.log:241] [MainProcess:MainThread] Sending HTTP POST request to server_url: https://10.117.78.245/json-rpc/10.0; {"params": {"internal": false, "volumeID": 0}, "method": "ListSnapshots", "id": 30}.
2017-10-30 19:06:51.257167 DEBUG [autologger.main.log:241] [MainProcess:MainThread] JSON-RPC-POST response: {"id": 30, "result": {"snapshots": [{"status": "done", "totalSize": 10000269312, "name": "2017-10-30T19:06:50Z", "snapshotUUID": "6512b384-bf63-4e77-8c73-81d18393a233", "checksum": "0x0", "expirationReason": "None", "enableRemoteReplication": false, "volumeID": 203, "groupID": 0, "volumeName": "S3-Domestic-src-1", "groupSnapshotUUID": "00000000-0000-0000-0000-000000000000", "instanceCreateTime": "2017-10-30T19:06:50Z", "snapMirrorLabel": null, "snapshotID": 220, "attributes": {}, "expirationTime": null, "virtualVolumeID": null, "createTime": "2017-10-30T19:06:50Z", "instanceSnapshotUUID": "6512b384-bf63-4e77-8c73-81d18393a233"}]}}
2017-10-30 19:06:51.257698 DEBUG [sf_platform.core.retry_handlers.retry_wrapper:636] [MainProcess:MainThread] CallContext 33 SUCCEEDED.
2017-10-30 19:06:51.258199 DEBUG [steps.AutotestVolume.bulk_volume_script_arguments_dict:333] [MainProcess:MainThread] {
    "read": {
        "endpoint": "SolidFire", 
        "format": "native"
    }, 
    "write": {
        "endpoint": "s3", 
        "format": "native", 
        "hostname": "s3-us-west-2.amazonaws.com", 
        "bucket": "sfbv-test-oregon", 
        "prefix": "AutoTest2-1gPr-FOR-TEST-ONLY/S3-Domestic-src-1-203", 
        "aws_secret_access_key": "Gqpg9AdLNL1sFcjHfVrOszwtlq/FLGH8ds3kjM6m", 
        "aws_access_key_id": "AKIAJUATABHMFBILLFZQ"
    }, 
    "range": {
        "lba": 0, 
        "blocks": null, 
        "blocks_per_transfer": 4096
    }, 
    "logfile": true
}
2017-10-30 19:06:51.260182 DEBUG [sf_platform.core.retry_handlers.retry_wrapper:624] [MainProcess:MainThread] CallContext 34: UUID=34-7c6903f2-bda5-11e7-89b9-6c0b84e27010, function=call_cluster_api, call_stack=[/home/hnathani/repos/suites_refresh/nathaniel/nathaniel-sr-autoplatform/sf_platform/cluster_api.py:start_bulk_volume_read:2195, from /home/hnathani/repos/suites_refresh/nathaniel/nathaniel-sr-autoplatform/sf_platform/api/decorators.py:assured_type_method:80, from /home/hnathani/repos/suites_refresh/nathaniel/nathaniel-sr-autotest-content/steps/AutotestVolume.py:start_bulk_volume_read_jobs:3757, from /home/hnathani/repos/suites_refresh/nathaniel/nathaniel-sr-autotest-content/tests/bulk_volume/cases/bulk_volume_operations.py:bv_remote_transfer:627, from /home/hnathani/repos/suites_refresh/nathaniel/nathaniel-sr-autotest-content/tests/bulk_volume/cases/bulk_volume_operations.py:backup_restore_verify_S3:486]
2017-10-30 19:06:51.260615 DEBUG [autologger.main.log:241] [MainProcess:MainThread] JSON-RPC-POST: method=StartBulkVolumeRead, url=https://10.117.78.245/json-rpc/10.0, id=31
2017-10-30 19:06:51.260981 DEBUG [autologger.main.log:241] [MainProcess:MainThread] Sending HTTP POST request to server_url: https://10.117.78.245/json-rpc/10.0; {"params": {"parameters": {"read": {"endpoint": "SolidFire", "format": "native"}, "write": {"endpoint": "s3", "format": "native", "hostname": "s3-us-west-2.amazonaws.com", "bucket": "sfbv-test-oregon", "prefix": "AutoTest2-1gPr-FOR-TEST-ONLY/S3-Domestic-src-1-203", "aws_secret_access_key": "Gqpg9AdLNL1sFcjHfVrOszwtlq/FLGH8ds3kjM6m", "aws_access_key_id": "AKIAJUATABHMFBILLFZQ"}, "range": {"lba": 0, "blocks": 2441472, "blocks_per_transfer": 4096}, "logfile": true}, "format": "native", "scriptParameters": {"read": {"endpoint": "SolidFire", "format": "native"}, "write": {"endpoint": "s3", "format": "native", "hostname": "s3-us-west-2.amazonaws.com", "bucket": "sfbv-test-oregon", "prefix": "AutoTest2-1gPr-FOR-TEST-ONLY/S3-Domestic-src-1-203", "aws_secret_access_key": "Gqpg9AdLNL1sFcjHfVrOszwtlq/FLGH8ds3kjM6m", "aws_access_key_id": "AKIAJUATABHMFBILLFZQ"}, "range": {"lba": 0, "blocks": 2441472, "blocks_per_transfer": 4096}, "logfile": true}, "script": "bv_internal.py", "volumeID": 203, "snapshotID": 220}, "method": "StartBulkVolumeRead", "id": 31}.
2017-10-30 19:06:52.007451 DEBUG [autologger.main.log:241] [MainProcess:MainThread] JSON-RPC-POST response: {"warning": {"unusedParameters": {"parameters": {"read": {"endpoint": "SolidFire", "format": "native"}, "write": {"endpoint": "s3", "format": "native", "hostname": "s3-us-west-2.amazonaws.com", "bucket": "sfbv-test-oregon", "prefix": "AutoTest2-1gPr-FOR-TEST-ONLY/S3-Domestic-src-1-203", "aws_secret_access_key": "Gqpg9AdLNL1sFcjHfVrOszwtlq/FLGH8ds3kjM6m", "aws_access_key_id": "AKIAJUATABHMFBILLFZQ"}, "range": {"lba": 0, "blocks": 2441472, "blocks_per_transfer": 4096}, "logfile": true}}}, "id": 31, "result": {"url": "https://10.117.80.23:8443/", "asyncHandle": 30, "key": "a657bf3173f7b9a4e034d9c1f1e580f7"}}
2017-10-30 19:06:52.007927 DEBUG [sf_platform.core.retry_handlers.retry_wrapper:636] [MainProcess:MainThread] CallContext 34 SUCCEEDED.
2017-10-30 19:06:52.009752 DEBUG [sf_platform.core.retry_handlers.retry_wrapper:624] [MainProcess:MainThread] CallContext 35: UUID=35-7c6903f3-bda5-11e7-89b9-6c0b84e27010, function=call_readonly_cluster_api, call_stack=[/home/hnathani/repos/suites_refresh/nathaniel/nathaniel-sr-autoplatform/sf_platform/cluster_api.py:list_bulk_volume_jobs:2291, from /home/hnathani/repos/suites_refresh/nathaniel/nathaniel-sr-autotest-content/steps/AutotestVolume.py:list_bulk_volume_jobs:2520, from /home/hnathani/repos/suites_refresh/nathaniel/nathaniel-sr-autotest-content/steps/AutotestVolume.py:start_bulk_volume_read_jobs:3761, from /home/hnathani/repos/suites_refresh/nathaniel/nathaniel-sr-autotest-content/tests/bulk_volume/cases/bulk_volume_operations.py:bv_remote_transfer:627, from /home/hnathani/repos/suites_refresh/nathaniel/nathaniel-sr-autotest-content/tests/bulk_volume/cases/bulk_volume_operations.py:backup_restore_verify_S3:486]
2017-10-30 19:06:52.010178 DEBUG [autologger.main.log:241] [MainProcess:MainThread] JSON-RPC-POST: method=ListBulkVolumeJobs, url=https://10.117.78.245/json-rpc/10.0, id=32
2017-10-30 19:06:52.010498 DEBUG [autologger.main.log:241] [MainProcess:MainThread] Sending HTTP POST request to server_url: https://10.117.78.245/json-rpc/10.0; {"params": {}, "method": "ListBulkVolumeJobs", "id": 32}.
2017-10-30 19:06:52.744658 DEBUG [autologger.main.log:241] [MainProcess:MainThread] JSON-RPC-POST response: {"id": 32, "result": {"bulkVolumeJobs": [{"status": "running", "format": "native", "script": "bv_internal.py", "srcVolumeID": 203, "createTime": "2017-10-30T19:06:51Z", "elapsedTime": 1, "remainingTime": 99, "percentComplete": 0, "key": "a657bf3173f7b9a4e034d9c1f1e580f7", "snapshotID": 220, "attributes": {}, "type": "read", "bulkVolumeID": 28}]}}
2017-10-30 19:06:52.745130 DEBUG [sf_platform.core.retry_handlers.retry_wrapper:636] [MainProcess:MainThread] CallContext 35 SUCCEEDED.
2017-10-30 19:06:52.747037 DEBUG [sf_platform.core.retry_handlers.retry_wrapper:624] [MainProcess:MainThread] CallContext 36: UUID=36-7c6903f4-bda5-11e7-89b9-6c0b84e27010, function=call_cluster_api, call_stack=[/home/hnathani/repos/suites_refresh/nathaniel/nathaniel-sr-autoplatform/sf_platform/cluster_api.py:update_bulk_volume_status:2261, from /home/hnathani/repos/suites_refresh/nathaniel/nathaniel-sr-autoplatform/sf_platform/api/decorators.py:assured_type_method:80, from /home/hnathani/repos/suites_refresh/nathaniel/nathaniel-sr-autotest-content/steps/AutotestVolume.py:bulk_volume_status_update:476, from /home/hnathani/repos/suites_refresh/nathaniel/nathaniel-sr-autotest-content/steps/AutotestVolume.py:list_bulk_volume_jobs:2539, from /home/hnathani/repos/suites_refresh/nathaniel/nathaniel-sr-autotest-content/steps/AutotestVolume.py:start_bulk_volume_read_jobs:3761]
2017-10-30 19:06:52.747437 DEBUG [autologger.main.log:241] [MainProcess:MainThread] JSON-RPC-POST: method=UpdateBulkVolumeStatus, url=https://10.117.78.245/json-rpc/10.0, id=33
2017-10-30 19:06:52.747778 DEBUG [autologger.main.log:241] [MainProcess:MainThread] Sending HTTP POST request to server_url: https://10.117.78.245/json-rpc/10.0; {"params": {"key": "a657bf3173f7b9a4e034d9c1f1e580f7"}, "method": "UpdateBulkVolumeStatus", "id": 33}.
2017-10-30 19:06:53.483840 DEBUG [autologger.main.log:241] [MainProcess:MainThread] JSON-RPC-POST response: {"id": 33, "result": {"status": "running", "attributes": {"blocksPerTransfer": 4096, "nLbas": 2441472, "nextLba": 0, "firstPendingLba": 0, "pendingLbas": "[]", "percentComplete": 0, "startLba": 0}, "url": "https://10.117.80.23:8443/"}}
2017-10-30 19:06:53.484301 DEBUG [sf_platform.core.retry_handlers.retry_wrapper:636] [MainProcess:MainThread] CallContext 36 SUCCEEDED.
2017-10-30 19:06:53.486520 DEBUG [sf_platform.core.retry_handlers.retry_wrapper:624] [MainProcess:MainThread] CallContext 37: UUID=37-7dbcb9a6-bda5-11e7-89b9-6c0b84e27010, function=call_readonly_cluster_api, call_stack=[/home/hnathani/repos/suites_refresh/nathaniel/nathaniel-sr-autoplatform/sf_platform/cluster_api.py:get_async_result:66, from /home/hnathani/repos/suites_refresh/nathaniel/nathaniel-sr-autoplatform/sf_platform/api/ApiCommonMethods.py:monitor_process:74, from /home/hnathani/repos/suites_refresh/nathaniel/nathaniel-sr-autotest-content/steps/AutotestCluster.py:monitor_process:1688, from /home/hnathani/repos/suites_refresh/nathaniel/nathaniel-sr-autotest-content/tests/bulk_volume/cases/bulk_volume_operations.py:monitor_process:666, from /home/hnathani/repos/suites_refresh/nathaniel/nathaniel-sr-autotest-content/tests/bulk_volume/cases/bulk_volume_operations.py:bv_remote_transfer:644]
2017-10-30 19:06:53.486957 DEBUG [autologger.main.log:241] [MainProcess:MainThread] JSON-RPC-POST: method=GetAsyncResult, url=https://10.117.78.245/json-rpc/10.0, id=34
2017-10-30 19:06:53.487278 DEBUG [autologger.main.log:241] [MainProcess:MainThread] Sending HTTP POST request to server_url: https://10.117.78.245/json-rpc/10.0; {"params": {"keepResult": true, "asyncHandle": 30}, "method": "GetAsyncResult", "id": 34}.
2017-10-30 19:06:54.218086 DEBUG [autologger.main.log:241] [MainProcess:MainThread] JSON-RPC-POST response: {"id": 34, "result": {"status": "running", "resultType": "BulkVolume", "createTime": "2017-10-30T19:06:51Z", "lastUpdateTime": "2017-10-30T19:06:53Z", "details": {"message": "", "bvID": 28, "volumeID": 203}}}
2017-10-30 19:06:54.218501 DEBUG [sf_platform.core.retry_handlers.retry_wrapper:636] [MainProcess:MainThread] CallContext 37 SUCCEEDED.
2017-10-30 19:07:24.250628 DEBUG [sf_platform.core.retry_handlers.retry_wrapper:624] [MainProcess:MainThread] CallContext 38: UUID=38-9012f444-bda5-11e7-89b9-6c0b84e27010, function=call_readonly_cluster_api, call_stack=[/home/hnathani/repos/suites_refresh/nathaniel/nathaniel-sr-autoplatform/sf_platform/cluster_api.py:get_async_result:66, from /home/hnathani/repos/suites_refresh/nathaniel/nathaniel-sr-autoplatform/sf_platform/api/ApiCommonMethods.py:monitor_process:74, from /home/hnathani/repos/suites_refresh/nathaniel/nathaniel-sr-autotest-content/steps/AutotestCluster.py:monitor_process:1688, from /home/hnathani/repos/suites_refresh/nathaniel/nathaniel-sr-autotest-content/tests/bulk_volume/cases/bulk_volume_operations.py:monitor_process:666, from /home/hnathani/repos/suites_refresh/nathaniel/nathaniel-sr-autotest-content/tests/bulk_volume/cases/bulk_volume_operations.py:bv_remote_transfer:644]
2017-10-30 19:07:24.251135 DEBUG [autologger.main.log:241] [MainProcess:MainThread] JSON-RPC-POST: method=GetAsyncResult, url=https://10.117.78.245/json-rpc/10.0, id=35
2017-10-30 19:07:24.251461 DEBUG [autologger.main.log:241] [MainProcess:MainThread] Sending HTTP POST request to server_url: https://10.117.78.245/json-rpc/10.0; {"params": {"keepResult": true, "asyncHandle": 30}, "method": "GetAsyncResult", "id": 35}.
2017-10-30 19:07:24.983000 DEBUG [autologger.main.log:241] [MainProcess:MainThread] JSON-RPC-POST response: {"id": 35, "result": {"status": "running", "resultType": "BulkVolume", "createTime": "2017-10-30T19:06:51Z", "lastUpdateTime": "2017-10-30T19:07:23Z", "details": {"message": "", "bvID": 28, "volumeID": 203}}}
2017-10-30 19:07:24.983439 DEBUG [sf_platform.core.retry_handlers.retry_wrapper:636] [MainProcess:MainThread] CallContext 38 SUCCEEDED.
2017-10-30 19:07:55.015459 DEBUG [sf_platform.core.retry_handlers.retry_wrapper:624] [MainProcess:MainThread] CallContext 39: UUID=39-a2694b3e-bda5-11e7-89b9-6c0b84e27010, function=call_readonly_cluster_api, call_stack=[/home/hnathani/repos/suites_refresh/nathaniel/nathaniel-sr-autoplatform/sf_platform/cluster_api.py:get_async_result:66, from /home/hnathani/repos/suites_refresh/nathaniel/nathaniel-sr-autoplatform/sf_platform/api/ApiCommonMethods.py:monitor_process:74, from /home/hnathani/repos/suites_refresh/nathaniel/nathaniel-sr-autotest-content/steps/AutotestCluster.py:monitor_process:1688, from /home/hnathani/repos/suites_refresh/nathaniel/nathaniel-sr-autotest-content/tests/bulk_volume/cases/bulk_volume_operations.py:monitor_process:666, from /home/hnathani/repos/suites_refresh/nathaniel/nathaniel-sr-autotest-content/tests/bulk_volume/cases/bulk_volume_operations.py:bv_remote_transfer:644]
2017-10-30 19:07:55.015974 DEBUG [autologger.main.log:241] [MainProcess:MainThread] JSON-RPC-POST: method=GetAsyncResult, url=https://10.117.78.245/json-rpc/10.0, id=36
2017-10-30 19:07:55.016293 DEBUG [autologger.main.log:241] [MainProcess:MainThread] Sending HTTP POST request to server_url: https://10.117.78.245/json-rpc/10.0; {"params": {"keepResult": true, "asyncHandle": 30}, "method": "GetAsyncResult", "id": 36}.
2017-10-30 19:07:55.747628 DEBUG [autologger.main.log:241] [MainProcess:MainThread] JSON-RPC-POST response: {"id": 36, "result": {"status": "running", "resultType": "BulkVolume", "createTime": "2017-10-30T19:06:51Z", "lastUpdateTime": "2017-10-30T19:07:53Z", "details": {"message": "", "bvID": 28, "volumeID": 203}}}
2017-10-30 19:07:55.748045 DEBUG [sf_platform.core.retry_handlers.retry_wrapper:636] [MainProcess:MainThread] CallContext 39 SUCCEEDED.
2017-10-30 19:08:25.779697 DEBUG [sf_platform.core.retry_handlers.retry_wrapper:624] [MainProcess:MainThread] CallContext 40: UUID=40-b4bf8cda-bda5-11e7-89b9-6c0b84e27010, function=call_readonly_cluster_api, call_stack=[/home/hnathani/repos/suites_refresh/nathaniel/nathaniel-sr-autoplatform/sf_platform/cluster_api.py:get_async_result:66, from /home/hnathani/repos/suites_refresh/nathaniel/nathaniel-sr-autoplatform/sf_platform/api/ApiCommonMethods.py:monitor_process:74, from /home/hnathani/repos/suites_refresh/nathaniel/nathaniel-sr-autotest-content/steps/AutotestCluster.py:monitor_process:1688, from /home/hnathani/repos/suites_refresh/nathaniel/nathaniel-sr-autotest-content/tests/bulk_volume/cases/bulk_volume_operations.py:monitor_process:666, from /home/hnathani/repos/suites_refresh/nathaniel/nathaniel-sr-autotest-content/tests/bulk_volume/cases/bulk_volume_operations.py:bv_remote_transfer:644]
2017-10-30 19:08:25.780157 DEBUG [autologger.main.log:241] [MainProcess:MainThread] JSON-RPC-POST: method=GetAsyncResult, url=https://10.117.78.245/json-rpc/10.0, id=37
2017-10-30 19:08:25.780421 DEBUG [autologger.main.log:241] [MainProcess:MainThread] Sending HTTP POST request to server_url: https://10.117.78.245/json-rpc/10.0; {"params": {"keepResult": true, "asyncHandle": 30}, "method": "GetAsyncResult", "id": 37}.
2017-10-30 19:08:26.513404 DEBUG [autologger.main.log:241] [MainProcess:MainThread] JSON-RPC-POST response: {"id": 37, "result": {"status": "running", "resultType": "BulkVolume", "createTime": "2017-10-30T19:06:51Z", "lastUpdateTime": "2017-10-30T19:08:23Z", "details": {"message": "", "bvID": 28, "volumeID": 203}}}
2017-10-30 19:08:26.513975 DEBUG [sf_platform.core.retry_handlers.retry_wrapper:636] [MainProcess:MainThread] CallContext 40 SUCCEEDED.
2017-10-30 19:08:56.518703 DEBUG [sf_platform.core.retry_handlers.retry_wrapper:624] [MainProcess:MainThread] CallContext 41: UUID=41-c711f1a2-bda5-11e7-89b9-6c0b84e27010, function=call_readonly_cluster_api, call_stack=[/home/hnathani/repos/suites_refresh/nathaniel/nathaniel-sr-autoplatform/sf_platform/cluster_api.py:get_async_result:66, from /home/hnathani/repos/suites_refresh/nathaniel/nathaniel-sr-autoplatform/sf_platform/api/ApiCommonMethods.py:monitor_process:74, from /home/hnathani/repos/suites_refresh/nathaniel/nathaniel-sr-autotest-content/steps/AutotestCluster.py:monitor_process:1688, from /home/hnathani/repos/suites_refresh/nathaniel/nathaniel-sr-autotest-content/tests/bulk_volume/cases/bulk_volume_operations.py:monitor_process:666, from /home/hnathani/repos/suites_refresh/nathaniel/nathaniel-sr-autotest-content/tests/bulk_volume/cases/bulk_volume_operations.py:bv_remote_transfer:644]
2017-10-30 19:08:56.519244 DEBUG [autologger.main.log:241] [MainProcess:MainThread] JSON-RPC-POST: method=GetAsyncResult, url=https://10.117.78.245/json-rpc/10.0, id=38
2017-10-30 19:08:56.519578 DEBUG [autologger.main.log:241] [MainProcess:MainThread] Sending HTTP POST request to server_url: https://10.117.78.245/json-rpc/10.0; {"params": {"keepResult": true, "asyncHandle": 30}, "method": "GetAsyncResult", "id": 38}.
2017-10-30 19:08:57.250907 DEBUG [autologger.main.log:241] [MainProcess:MainThread] JSON-RPC-POST response: {"id": 38, "result": {"status": "running", "resultType": "BulkVolume", "createTime": "2017-10-30T19:06:51Z", "lastUpdateTime": "2017-10-30T19:08:38Z", "details": {"message": "", "bvID": 28, "volumeID": 203}}}
2017-10-30 19:08:57.251351 DEBUG [sf_platform.core.retry_handlers.retry_wrapper:636] [MainProcess:MainThread] CallContext 41 SUCCEEDED.
2017-10-30 19:09:27.256446 DEBUG [sf_platform.core.retry_handlers.retry_wrapper:624] [MainProcess:MainThread] CallContext 42: UUID=42-d9642686-bda5-11e7-89b9-6c0b84e27010, function=call_readonly_cluster_api, call_stack=[/home/hnathani/repos/suites_refresh/nathaniel/nathaniel-sr-autoplatform/sf_platform/cluster_api.py:get_async_result:66, from /home/hnathani/repos/suites_refresh/nathaniel/nathaniel-sr-autoplatform/sf_platform/api/ApiCommonMethods.py:monitor_process:74, from /home/hnathani/repos/suites_refresh/nathaniel/nathaniel-sr-autotest-content/steps/AutotestCluster.py:monitor_process:1688, from /home/hnathani/repos/suites_refresh/nathaniel/nathaniel-sr-autotest-content/tests/bulk_volume/cases/bulk_volume_operations.py:monitor_process:666, from /home/hnathani/repos/suites_refresh/nathaniel/nathaniel-sr-autotest-content/tests/bulk_volume/cases/bulk_volume_operations.py:bv_remote_transfer:644]
2017-10-30 19:09:27.256983 DEBUG [autologger.main.log:241] [MainProcess:MainThread] JSON-RPC-POST: method=GetAsyncResult, url=https://10.117.78.245/json-rpc/10.0, id=39
2017-10-30 19:09:27.257318 DEBUG [autologger.main.log:241] [MainProcess:MainThread] Sending HTTP POST request to server_url: https://10.117.78.245/json-rpc/10.0; {"params": {"keepResult": true, "asyncHandle": 30}, "method": "GetAsyncResult", "id": 39}.
2017-10-30 19:09:27.995881 DEBUG [autologger.main.log:241] [MainProcess:MainThread] JSON-RPC-POST response: {"id": 39, "result": {"status": "complete", "resultType": "BulkVolume", "createTime": "2017-10-30T19:06:51Z", "lastUpdateTime": "2017-10-30T19:09:02Z", "result": {"message": "Bulk volume job succeeded", "bvID": 28, "volumeID": 203}}}
2017-10-30 19:09:27.996327 DEBUG [sf_platform.core.retry_handlers.retry_wrapper:636] [MainProcess:MainThread] CallContext 42 SUCCEEDED.
2017-10-30 19:09:27.996591 INFO [sf_platform.api.ApiCommonMethods.monitor_process:92] [MainProcess:MainThread] retiring async result for async_handle 30
2017-10-30 19:09:27.998472 DEBUG [sf_platform.core.retry_handlers.retry_wrapper:624] [MainProcess:MainThread] CallContext 43: UUID=43-d9642687-bda5-11e7-89b9-6c0b84e27010, function=call_readonly_cluster_api, call_stack=[/home/hnathani/repos/suites_refresh/nathaniel/nathaniel-sr-autoplatform/sf_platform/cluster_api.py:get_async_result:66, from /home/hnathani/repos/suites_refresh/nathaniel/nathaniel-sr-autoplatform/sf_platform/api/ApiCommonMethods.py:_retire_completed_async_handle:56, from /home/hnathani/repos/suites_refresh/nathaniel/nathaniel-sr-autoplatform/sf_platform/api/ApiCommonMethods.py:monitor_process:93, from /home/hnathani/repos/suites_refresh/nathaniel/nathaniel-sr-autotest-content/steps/AutotestCluster.py:monitor_process:1688, from /home/hnathani/repos/suites_refresh/nathaniel/nathaniel-sr-autotest-content/tests/bulk_volume/cases/bulk_volume_operations.py:monitor_process:666]
2017-10-30 19:09:27.998913 DEBUG [autologger.main.log:241] [MainProcess:MainThread] JSON-RPC-POST: method=GetAsyncResult, url=https://10.117.78.245/json-rpc/10.0, id=40
2017-10-30 19:09:27.999286 DEBUG [autologger.main.log:241] [MainProcess:MainThread] Sending HTTP POST request to server_url: https://10.117.78.245/json-rpc/10.0; {"params": {"keepResult": false, "asyncHandle": 30}, "method": "GetAsyncResult", "id": 40}.
2017-10-30 19:09:28.731483 DEBUG [autologger.main.log:241] [MainProcess:MainThread] JSON-RPC-POST response: {"id": 40, "result": {"status": "complete", "resultType": "BulkVolume", "createTime": "2017-10-30T19:06:51Z", "lastUpdateTime": "2017-10-30T19:09:02Z", "result": {"message": "Bulk volume job succeeded", "bvID": 28, "volumeID": 203}}}
2017-10-30 19:09:28.731954 DEBUG [sf_platform.core.retry_handlers.retry_wrapper:636] [MainProcess:MainThread] CallContext 43 SUCCEEDED.
2017-10-30 19:09:28.732304 INFO [valence.camelot.case._log_step:218] [MainProcess:MainThread] 

---------------------------------------------------------------------------------------------------------
Starting Step 1 for TcBulkVolSFtoSFS3Swift: Completed Monitoring
Expect: Pass
---------------------------------------------------------------------------------------------------------

2017-10-30 19:09:28.734105 DEBUG [sf_platform.core.retry_handlers.retry_wrapper:624] [MainProcess:MainThread] CallContext 44: UUID=44-d9642688-bda5-11e7-89b9-6c0b84e27010, function=call_readonly_cluster_api, call_stack=[/home/hnathani/repos/suites_refresh/nathaniel/nathaniel-sr-autoplatform/sf_platform/cluster_api.py:list_all_nodes:3037, from /home/hnathani/repos/suites_refresh/nathaniel/nathaniel-sr-autotest-content/steps/AutotestVolume.py:pull_bulk_volume_logs:3422, from /home/hnathani/repos/suites_refresh/nathaniel/nathaniel-sr-autotest-content/tests/bulk_volume/cases/bulk_volume_operations.py:bv_remote_transfer:650, from /home/hnathani/repos/suites_refresh/nathaniel/nathaniel-sr-autotest-content/tests/bulk_volume/cases/bulk_volume_operations.py:backup_restore_verify_S3:486, from /home/hnathani/repos/suites_refresh/nathaniel/nathaniel-sr-autotest-content/tests/bulk_volume/cases/bulk_volume_operations.py:parallel_backup_restore_verify_all:339]
2017-10-30 19:09:28.734481 DEBUG [autologger.main.log:241] [MainProcess:MainThread] JSON-RPC-POST: method=ListAllNodes, url=https://10.117.78.245/json-rpc/10.0, id=41
2017-10-30 19:09:28.734760 DEBUG [autologger.main.log:241] [MainProcess:MainThread] Sending HTTP POST request to server_url: https://10.117.78.245/json-rpc/10.0; {"params": {}, "method": "ListAllNodes", "id": 41}.
2017-10-30 19:09:29.469643 DEBUG [autologger.main.log:241] [MainProcess:MainThread] JSON-RPC-POST response: {"id": 41, "result": {"pendingNodes": [], "nodes": [{"sip": "10.117.80.23", "mipi": "Bond1G", "name": "NLABP0719", "platformInfo": {"platformConfigVersion": "10.0.0.282", "nodeType": "SF3010", "cpuModel": "Intel(R) Xeon(R) CPU E5-2640 0 @ 2.50GHz", "nodeMemoryGB": 72, "chassisType": "R620"}, "nodeSlot": "", "virtualNetworks": [], "nodeID": 1, "sipi": "Bond10G", "mip": "10.117.64.23", "softwareVersion": "10.0.0.282", "cip": "10.117.80.23", "fibreChannelTargetPortGroup": null, "attributes": {}, "associatedFServiceID": 0, "associatedMasterServiceID": 1, "cipi": "Bond10G", "uuid": "4C4C4544-0032-3610-8038-B3C04F585631"}], "pendingActiveNodes": []}}
2017-10-30 19:09:29.470132 DEBUG [sf_platform.core.retry_handlers.retry_wrapper:636] [MainProcess:MainThread] CallContext 44 SUCCEEDED.
2017-10-30 19:09:29.470594 DEBUG [sf_platform.core.ssh.ssh.__init__:148] [MainProcess:MainThread] SSH to Host: 10.117.64.23 with Username: None and Password: None
2017-10-30 19:09:29.472907 DEBUG [sf_platform.core.retry_handlers.retry_wrapper:624] [MainProcess:MainThread] CallContext 45: UUID=45-dab65bc6-bda5-11e7-89b9-6c0b84e27010, function=_init_client, call_stack=[/home/hnathani/repos/suites_refresh/nathaniel/nathaniel-sr-autoplatform/sf_platform/core/ssh/ssh.py:__init__:156, from /home/hnathani/repos/suites_refresh/nathaniel/nathaniel-sr-autotest-content/steps/AutotestVolume.py:get_bv_logs:3428, from /home/hnathani/repos/suites_refresh/nathaniel/nathaniel-sr-autoplatform/sf_platform/core/at2/AT2Integration.py:store_artifacts:181, from /home/hnathani/repos/suites_refresh/nathaniel/nathaniel-sr-autotest-content/steps/AutotestVolume.py:pull_bulk_volume_logs:3455, from /home/hnathani/repos/suites_refresh/nathaniel/nathaniel-sr-autotest-content/tests/bulk_volume/cases/bulk_volume_operations.py:bv_remote_transfer:650]
2017-10-30 19:09:30.878356 DEBUG [sf_platform.core.ssh.ssh._setup_auth_methods_list:216] [MainProcess:MainThread] No element found in SSH banner
2017-10-30 19:09:30.878804 DEBUG [sf_platform.core.ssh.ssh._setup_auth_methods_list:219] [MainProcess:MainThread] Allowed auth methods: [u'publickey', u'password']
2017-10-30 19:09:31.654037 DEBUG [sf_platform.core.ssh.auth.auth:77] [MainProcess:MainThread] Trying Direct SSH to host: 10.117.64.23 with username: root and password: solidfire
2017-10-30 19:09:33.822007 ERROR [sf_platform.core.ssh.auth.auth:83] [MainProcess:MainThread] Authentication to 10.117.64.23 with username root and password solidfire Failed. ERROR: Authentication failed.
2017-10-30 19:09:34.710815 DEBUG [sf_platform.core.ssh.auth.auth:77] [MainProcess:MainThread] Trying Direct SSH to host: 10.117.64.23 with username: root and password: SolidF1r3
2017-10-30 19:09:37.315626 ERROR [sf_platform.core.ssh.auth.auth:83] [MainProcess:MainThread] Authentication to 10.117.64.23 with username root and password SolidF1r3 Failed. ERROR: Authentication failed.
2017-10-30 19:09:38.204640 DEBUG [sf_platform.core.ssh.auth.auth:77] [MainProcess:MainThread] Trying Direct SSH to host: 10.117.64.23 with username: sfadmin and password: OldSaltyD0g
2017-10-30 19:09:41.209881 ERROR [sf_platform.core.ssh.auth.auth:83] [MainProcess:MainThread] Authentication to 10.117.64.23 with username sfadmin and password OldSaltyD0g Failed. ERROR: Authentication failed.
2017-10-30 19:09:42.062523 DEBUG [sf_platform.core.ssh.auth.auth:77] [MainProcess:MainThread] Trying Direct SSH to host: 10.117.64.23 with username: root and password: OldSaltyD0g
2017-10-30 19:09:44.330424 ERROR [sf_platform.core.ssh.auth.auth:83] [MainProcess:MainThread] Authentication to 10.117.64.23 with username root and password OldSaltyD0g Failed. ERROR: Authentication failed.
2017-10-30 19:09:45.191049 DEBUG [sf_platform.core.ssh.auth.auth:77] [MainProcess:MainThread] Trying Direct SSH to host: 10.117.64.23 with username: sfadmin and password: v3gasL1ghtGas
2017-10-30 19:09:45.724041 DEBUG [sf_platform.core.ssh.auth.auth:87] [MainProcess:MainThread] Authentication to 10.117.64.23 with username sfadmin and password v3gasL1ghtGas is successful
2017-10-30 19:09:45.724459 DEBUG [sf_platform.core.ssh.clients.connect:154] [MainProcess:MainThread] Auth successful, type=password
2017-10-30 19:09:45.724698 DEBUG [sf_platform.core.ssh.ssh._init_client:278] [MainProcess:MainThread] SSH connection is using the following ciphers: None
2017-10-30 19:09:45.724942 DEBUG [sf_platform.core.retry_handlers.retry_wrapper:636] [MainProcess:MainThread] CallContext 45 SUCCEEDED.
2017-10-30 19:09:45.725182 DEBUG [sf_platform.core.ssh.ssh.run_command_safe:389] [MainProcess:MainThread] Paramiko is using ciphers: ('arcfour128', 'aes128-ctr')
2017-10-30 19:09:45.725393 DEBUG [sf_platform.core.ssh.ssh.run_command_safe:390] [MainProcess:MainThread] Running cmd: ls /sf/ on Host: 10.117.64.23
2017-10-30 19:09:45.725644 DEBUG [sf_platform.core.ssh.ssh.run_command_safe:391] [MainProcess:MainThread] Timeout: 600 Timeout Type SSHTimeout.clock
2017-10-30 19:09:45.726913 DEBUG [sf_platform.core.ssh.ssh.run_command_safe:396] [MainProcess:MainThread] SSH called from: get_bv_logs
2017-10-30 19:09:47.222934 DEBUG [sf_platform.core.ssh.ssh.run_command_safe:455] [MainProcess:MainThread] [10.117.64.23] return code: 0
2017-10-30 19:09:47.223314 DEBUG [sf_platform.core.ssh.ssh.run_command_safe:457] [MainProcess:MainThread] [10.117.64.23] stdout: alternatives
apt
backup
bin
bvscript-09c743c79e1c283a04f16dbdf3fd793d.log
bvscript-0f7d812758e35ab8e83775fa4407da12.log
bvscript-1122e882c8bb06aa3d0778b0a6e34fec.log
bvscript-226bf6c5809ddbf0f31bf02d9d1d7d73.log
bvscript-291cceb3a3871f6e09dbe1ae1a45ee3b.log
bvscript-33e4df5843954cf0a195bd14ba246b5d.log
bvscript-4d1cf70e65267d51cefb6c63a7ff36e3.log
bvscript-722440b84cf36caf8c6c10aee5ede7e3.log
bvscript-87e4e1ebce33049d1de712793f475862.log
bvscript-8c613ebffc34d830035688e6d47e786b.log
bvscript-a227848adba09965a01cdc030bb5f856.log
bvscript-a657bf3173f7b9a4e034d9c1f1e580f7.log
bvscript-aeaf2e40525a30ceae7c36ce9c34cab0.log
bvscript-b2180a308ff144cf9fd891de414ca049.log
bvscript-c0e36f1d6b8de7f697909ebb1f4b92c0.log
bvscript-c1e2f66d2e7dbd2216f9c6b700186a96.log
bvscript-d355cebc9abeae1d71a56d75eaf817e8.log
bvscript-d9508fffcf0f57c22d647eba99700f42.log
bvscript-ecbebcdba1f132bb0f05f0f5761f192b.log
bvscript-ef6a5af2c0f879c12f5e204eafecb011.log
bvscript-f14c0521901757a96c7f3544f85e1d62.log
data
etc
eventreporter
hci
initrd
lib
memusage
packages
rtfi
scripts
upgrade
usr

2017-10-30 19:09:47.223632 DEBUG [sf_platform.core.ssh.ssh.run_command_safe:458] [MainProcess:MainThread] [10.117.64.23] stderr: 
2017-10-30 19:09:47.224358 DEBUG [sf_platform.core.ssh.ssh.get:571] [MainProcess:MainThread] Paramiko is using ciphers: ('arcfour128', 'aes128-ctr')
2017-10-30 19:09:47.224628 INFO [sf_platform.core.ssh.ssh.get:572] [MainProcess:MainThread] Getting files from remote machine ...10.117.64.23
2017-10-30 19:10:47.406548 DEBUG [sf_platform.core.ssh.ssh.close:649] [MainProcess:MainThread] Closing SSH Connection with Host: 10.117.64.23
2017-10-30 19:10:47.470935 INFO [sf_platform.core.at2.AT2Integration.store_artifacts:184] [MainProcess:MainThread] Artifacts created: ['bvscript-ef6a5af2c0f879c12f5e204eafecb011.log', 'bvscript-ecbebcdba1f132bb0f05f0f5761f192b.log', 'bvscript-33e4df5843954cf0a195bd14ba246b5d.log', 'bvscript-b2180a308ff144cf9fd891de414ca049.log', 'bvscript-0f7d812758e35ab8e83775fa4407da12.log', 'bvscript-a657bf3173f7b9a4e034d9c1f1e580f7.log', 'bvscript-d9508fffcf0f57c22d647eba99700f42.log', 'bvscript-722440b84cf36caf8c6c10aee5ede7e3.log', 'bvscript-c1e2f66d2e7dbd2216f9c6b700186a96.log', 'bvscript-1122e882c8bb06aa3d0778b0a6e34fec.log', 'bvscript-226bf6c5809ddbf0f31bf02d9d1d7d73.log', 'bvscript-aeaf2e40525a30ceae7c36ce9c34cab0.log', 'bvscript-8c613ebffc34d830035688e6d47e786b.log', 'bvscript-d355cebc9abeae1d71a56d75eaf817e8.log', 'bvscript-87e4e1ebce33049d1de712793f475862.log', 'bvscript-a227848adba09965a01cdc030bb5f856.log', 'bvscript-291cceb3a3871f6e09dbe1ae1a45ee3b.log', 'bvscript-09c743c79e1c283a04f16dbdf3fd793d.log', 'bvscript-4d1cf70e65267d51cefb6c63a7ff36e3.log', 'bvscript-c0e36f1d6b8de7f697909ebb1f4b92c0.log', 'bvscript-f14c0521901757a96c7f3544f85e1d62.log']
2017-10-30 19:10:47.471766 INFO [sf_platform.core.artifacts._copy_artifact:1178] [MainProcess:MainThread] successfully stored artifact: /home/hnathani/vl_artifacts/TsBulkVolOperationsSFtoSFS3Swift-2017-10-30T14.06.19/tmpaLQU4c/bvscript-ef6a5af2c0f879c12f5e204eafecb011.log
2017-10-30 19:10:47.472056 DEBUG [sf_platform.core.artifacts._log_artifact:78] [MainProcess:MainThread] ARTIFACT STORED AT: /home/hnathani/vl_artifacts/TsBulkVolOperationsSFtoSFS3Swift-2017-10-30T14.06.19/tmpaLQU4c/bvscript-ef6a5af2c0f879c12f5e204eafecb011.log
2017-10-30 19:10:47.476033 INFO [sf_platform.core.artifacts._copy_artifact:1178] [MainProcess:MainThread] successfully stored artifact: /home/hnathani/vl_artifacts/TsBulkVolOperationsSFtoSFS3Swift-2017-10-30T14.06.19/tmpaLQU4c/bvscript-ecbebcdba1f132bb0f05f0f5761f192b.log
2017-10-30 19:10:47.476330 DEBUG [sf_platform.core.artifacts._log_artifact:78] [MainProcess:MainThread] ARTIFACT STORED AT: /home/hnathani/vl_artifacts/TsBulkVolOperationsSFtoSFS3Swift-2017-10-30T14.06.19/tmpaLQU4c/bvscript-ecbebcdba1f132bb0f05f0f5761f192b.log
2017-10-30 19:10:47.480244 INFO [sf_platform.core.artifacts._copy_artifact:1178] [MainProcess:MainThread] successfully stored artifact: /home/hnathani/vl_artifacts/TsBulkVolOperationsSFtoSFS3Swift-2017-10-30T14.06.19/tmpaLQU4c/bvscript-33e4df5843954cf0a195bd14ba246b5d.log
2017-10-30 19:10:47.480530 DEBUG [sf_platform.core.artifacts._log_artifact:78] [MainProcess:MainThread] ARTIFACT STORED AT: /home/hnathani/vl_artifacts/TsBulkVolOperationsSFtoSFS3Swift-2017-10-30T14.06.19/tmpaLQU4c/bvscript-33e4df5843954cf0a195bd14ba246b5d.log
2017-10-30 19:10:47.484467 INFO [sf_platform.core.artifacts._copy_artifact:1178] [MainProcess:MainThread] successfully stored artifact: /home/hnathani/vl_artifacts/TsBulkVolOperationsSFtoSFS3Swift-2017-10-30T14.06.19/tmpaLQU4c/bvscript-b2180a308ff144cf9fd891de414ca049.log
2017-10-30 19:10:47.484751 DEBUG [sf_platform.core.artifacts._log_artifact:78] [MainProcess:MainThread] ARTIFACT STORED AT: /home/hnathani/vl_artifacts/TsBulkVolOperationsSFtoSFS3Swift-2017-10-30T14.06.19/tmpaLQU4c/bvscript-b2180a308ff144cf9fd891de414ca049.log
2017-10-30 19:10:47.486345 INFO [sf_platform.core.artifacts._copy_artifact:1178] [MainProcess:MainThread] successfully stored artifact: /home/hnathani/vl_artifacts/TsBulkVolOperationsSFtoSFS3Swift-2017-10-30T14.06.19/tmpaLQU4c/bvscript-0f7d812758e35ab8e83775fa4407da12.log
2017-10-30 19:10:47.486595 DEBUG [sf_platform.core.artifacts._log_artifact:78] [MainProcess:MainThread] ARTIFACT STORED AT: /home/hnathani/vl_artifacts/TsBulkVolOperationsSFtoSFS3Swift-2017-10-30T14.06.19/tmpaLQU4c/bvscript-0f7d812758e35ab8e83775fa4407da12.log
2017-10-30 19:10:47.490247 INFO [sf_platform.core.artifacts._copy_artifact:1178] [MainProcess:MainThread] successfully stored artifact: /home/hnathani/vl_artifacts/TsBulkVolOperationsSFtoSFS3Swift-2017-10-30T14.06.19/tmpaLQU4c/bvscript-a657bf3173f7b9a4e034d9c1f1e580f7.log
2017-10-30 19:10:47.490502 DEBUG [sf_platform.core.artifacts._log_artifact:78] [MainProcess:MainThread] ARTIFACT STORED AT: /home/hnathani/vl_artifacts/TsBulkVolOperationsSFtoSFS3Swift-2017-10-30T14.06.19/tmpaLQU4c/bvscript-a657bf3173f7b9a4e034d9c1f1e580f7.log
2017-10-30 19:10:47.494129 INFO [sf_platform.core.artifacts._copy_artifact:1178] [MainProcess:MainThread] successfully stored artifact: /home/hnathani/vl_artifacts/TsBulkVolOperationsSFtoSFS3Swift-2017-10-30T14.06.19/tmpaLQU4c/bvscript-d9508fffcf0f57c22d647eba99700f42.log
2017-10-30 19:10:47.494380 DEBUG [sf_platform.core.artifacts._log_artifact:78] [MainProcess:MainThread] ARTIFACT STORED AT: /home/hnathani/vl_artifacts/TsBulkVolOperationsSFtoSFS3Swift-2017-10-30T14.06.19/tmpaLQU4c/bvscript-d9508fffcf0f57c22d647eba99700f42.log
2017-10-30 19:10:47.498304 INFO [sf_platform.core.artifacts._copy_artifact:1178] [MainProcess:MainThread] successfully stored artifact: /home/hnathani/vl_artifacts/TsBulkVolOperationsSFtoSFS3Swift-2017-10-30T14.06.19/tmpaLQU4c/bvscript-722440b84cf36caf8c6c10aee5ede7e3.log
2017-10-30 19:10:47.498558 DEBUG [sf_platform.core.artifacts._log_artifact:78] [MainProcess:MainThread] ARTIFACT STORED AT: /home/hnathani/vl_artifacts/TsBulkVolOperationsSFtoSFS3Swift-2017-10-30T14.06.19/tmpaLQU4c/bvscript-722440b84cf36caf8c6c10aee5ede7e3.log
2017-10-30 19:10:47.498911 INFO [sf_platform.core.artifacts._copy_artifact:1178] [MainProcess:MainThread] successfully stored artifact: /home/hnathani/vl_artifacts/TsBulkVolOperationsSFtoSFS3Swift-2017-10-30T14.06.19/tmpaLQU4c/bvscript-c1e2f66d2e7dbd2216f9c6b700186a96.log
2017-10-30 19:10:47.499132 DEBUG [sf_platform.core.artifacts._log_artifact:78] [MainProcess:MainThread] ARTIFACT STORED AT: /home/hnathani/vl_artifacts/TsBulkVolOperationsSFtoSFS3Swift-2017-10-30T14.06.19/tmpaLQU4c/bvscript-c1e2f66d2e7dbd2216f9c6b700186a96.log
2017-10-30 19:10:47.499470 INFO [sf_platform.core.artifacts._copy_artifact:1178] [MainProcess:MainThread] successfully stored artifact: /home/hnathani/vl_artifacts/TsBulkVolOperationsSFtoSFS3Swift-2017-10-30T14.06.19/tmpaLQU4c/bvscript-1122e882c8bb06aa3d0778b0a6e34fec.log
2017-10-30 19:10:47.499683 DEBUG [sf_platform.core.artifacts._log_artifact:78] [MainProcess:MainThread] ARTIFACT STORED AT: /home/hnathani/vl_artifacts/TsBulkVolOperationsSFtoSFS3Swift-2017-10-30T14.06.19/tmpaLQU4c/bvscript-1122e882c8bb06aa3d0778b0a6e34fec.log
2017-10-30 19:10:47.500008 INFO [sf_platform.core.artifacts._copy_artifact:1178] [MainProcess:MainThread] successfully stored artifact: /home/hnathani/vl_artifacts/TsBulkVolOperationsSFtoSFS3Swift-2017-10-30T14.06.19/tmpaLQU4c/bvscript-226bf6c5809ddbf0f31bf02d9d1d7d73.log
2017-10-30 19:10:47.500230 DEBUG [sf_platform.core.artifacts._log_artifact:78] [MainProcess:MainThread] ARTIFACT STORED AT: /home/hnathani/vl_artifacts/TsBulkVolOperationsSFtoSFS3Swift-2017-10-30T14.06.19/tmpaLQU4c/bvscript-226bf6c5809ddbf0f31bf02d9d1d7d73.log
2017-10-30 19:10:47.503671 INFO [sf_platform.core.artifacts._copy_artifact:1178] [MainProcess:MainThread] successfully stored artifact: /home/hnathani/vl_artifacts/TsBulkVolOperationsSFtoSFS3Swift-2017-10-30T14.06.19/tmpaLQU4c/bvscript-aeaf2e40525a30ceae7c36ce9c34cab0.log
2017-10-30 19:10:47.503908 DEBUG [sf_platform.core.artifacts._log_artifact:78] [MainProcess:MainThread] ARTIFACT STORED AT: /home/hnathani/vl_artifacts/TsBulkVolOperationsSFtoSFS3Swift-2017-10-30T14.06.19/tmpaLQU4c/bvscript-aeaf2e40525a30ceae7c36ce9c34cab0.log
2017-10-30 19:10:47.507448 INFO [sf_platform.core.artifacts._copy_artifact:1178] [MainProcess:MainThread] successfully stored artifact: /home/hnathani/vl_artifacts/TsBulkVolOperationsSFtoSFS3Swift-2017-10-30T14.06.19/tmpaLQU4c/bvscript-8c613ebffc34d830035688e6d47e786b.log
2017-10-30 19:10:47.507687 DEBUG [sf_platform.core.artifacts._log_artifact:78] [MainProcess:MainThread] ARTIFACT STORED AT: /home/hnathani/vl_artifacts/TsBulkVolOperationsSFtoSFS3Swift-2017-10-30T14.06.19/tmpaLQU4c/bvscript-8c613ebffc34d830035688e6d47e786b.log
2017-10-30 19:10:47.508050 INFO [sf_platform.core.artifacts._copy_artifact:1178] [MainProcess:MainThread] successfully stored artifact: /home/hnathani/vl_artifacts/TsBulkVolOperationsSFtoSFS3Swift-2017-10-30T14.06.19/tmpaLQU4c/bvscript-d355cebc9abeae1d71a56d75eaf817e8.log
2017-10-30 19:10:47.508265 DEBUG [sf_platform.core.artifacts._log_artifact:78] [MainProcess:MainThread] ARTIFACT STORED AT: /home/hnathani/vl_artifacts/TsBulkVolOperationsSFtoSFS3Swift-2017-10-30T14.06.19/tmpaLQU4c/bvscript-d355cebc9abeae1d71a56d75eaf817e8.log
2017-10-30 19:10:47.508602 INFO [sf_platform.core.artifacts._copy_artifact:1178] [MainProcess:MainThread] successfully stored artifact: /home/hnathani/vl_artifacts/TsBulkVolOperationsSFtoSFS3Swift-2017-10-30T14.06.19/tmpaLQU4c/bvscript-87e4e1ebce33049d1de712793f475862.log
2017-10-30 19:10:47.508813 DEBUG [sf_platform.core.artifacts._log_artifact:78] [MainProcess:MainThread] ARTIFACT STORED AT: /home/hnathani/vl_artifacts/TsBulkVolOperationsSFtoSFS3Swift-2017-10-30T14.06.19/tmpaLQU4c/bvscript-87e4e1ebce33049d1de712793f475862.log
2017-10-30 19:10:47.512174 INFO [sf_platform.core.artifacts._copy_artifact:1178] [MainProcess:MainThread] successfully stored artifact: /home/hnathani/vl_artifacts/TsBulkVolOperationsSFtoSFS3Swift-2017-10-30T14.06.19/tmpaLQU4c/bvscript-a227848adba09965a01cdc030bb5f856.log
2017-10-30 19:10:47.512402 DEBUG [sf_platform.core.artifacts._log_artifact:78] [MainProcess:MainThread] ARTIFACT STORED AT: /home/hnathani/vl_artifacts/TsBulkVolOperationsSFtoSFS3Swift-2017-10-30T14.06.19/tmpaLQU4c/bvscript-a227848adba09965a01cdc030bb5f856.log
2017-10-30 19:10:47.515728 INFO [sf_platform.core.artifacts._copy_artifact:1178] [MainProcess:MainThread] successfully stored artifact: /home/hnathani/vl_artifacts/TsBulkVolOperationsSFtoSFS3Swift-2017-10-30T14.06.19/tmpaLQU4c/bvscript-291cceb3a3871f6e09dbe1ae1a45ee3b.log
2017-10-30 19:10:47.515973 DEBUG [sf_platform.core.artifacts._log_artifact:78] [MainProcess:MainThread] ARTIFACT STORED AT: /home/hnathani/vl_artifacts/TsBulkVolOperationsSFtoSFS3Swift-2017-10-30T14.06.19/tmpaLQU4c/bvscript-291cceb3a3871f6e09dbe1ae1a45ee3b.log
2017-10-30 19:10:47.516322 INFO [sf_platform.core.artifacts._copy_artifact:1178] [MainProcess:MainThread] successfully stored artifact: /home/hnathani/vl_artifacts/TsBulkVolOperationsSFtoSFS3Swift-2017-10-30T14.06.19/tmpaLQU4c/bvscript-09c743c79e1c283a04f16dbdf3fd793d.log
2017-10-30 19:10:47.516538 DEBUG [sf_platform.core.artifacts._log_artifact:78] [MainProcess:MainThread] ARTIFACT STORED AT: /home/hnathani/vl_artifacts/TsBulkVolOperationsSFtoSFS3Swift-2017-10-30T14.06.19/tmpaLQU4c/bvscript-09c743c79e1c283a04f16dbdf3fd793d.log
2017-10-30 19:10:47.519943 INFO [sf_platform.core.artifacts._copy_artifact:1178] [MainProcess:MainThread] successfully stored artifact: /home/hnathani/vl_artifacts/TsBulkVolOperationsSFtoSFS3Swift-2017-10-30T14.06.19/tmpaLQU4c/bvscript-4d1cf70e65267d51cefb6c63a7ff36e3.log
2017-10-30 19:10:47.520180 DEBUG [sf_platform.core.artifacts._log_artifact:78] [MainProcess:MainThread] ARTIFACT STORED AT: /home/hnathani/vl_artifacts/TsBulkVolOperationsSFtoSFS3Swift-2017-10-30T14.06.19/tmpaLQU4c/bvscript-4d1cf70e65267d51cefb6c63a7ff36e3.log
2017-10-30 19:10:47.520529 INFO [sf_platform.core.artifacts._copy_artifact:1178] [MainProcess:MainThread] successfully stored artifact: /home/hnathani/vl_artifacts/TsBulkVolOperationsSFtoSFS3Swift-2017-10-30T14.06.19/tmpaLQU4c/bvscript-c0e36f1d6b8de7f697909ebb1f4b92c0.log
2017-10-30 19:10:47.520743 DEBUG [sf_platform.core.artifacts._log_artifact:78] [MainProcess:MainThread] ARTIFACT STORED AT: /home/hnathani/vl_artifacts/TsBulkVolOperationsSFtoSFS3Swift-2017-10-30T14.06.19/tmpaLQU4c/bvscript-c0e36f1d6b8de7f697909ebb1f4b92c0.log
2017-10-30 19:10:47.521117 INFO [sf_platform.core.artifacts._copy_artifact:1178] [MainProcess:MainThread] successfully stored artifact: /home/hnathani/vl_artifacts/TsBulkVolOperationsSFtoSFS3Swift-2017-10-30T14.06.19/tmpaLQU4c/bvscript-f14c0521901757a96c7f3544f85e1d62.log
2017-10-30 19:10:47.521361 DEBUG [sf_platform.core.artifacts._log_artifact:78] [MainProcess:MainThread] ARTIFACT STORED AT: /home/hnathani/vl_artifacts/TsBulkVolOperationsSFtoSFS3Swift-2017-10-30T14.06.19/tmpaLQU4c/bvscript-f14c0521901757a96c7f3544f85e1d62.log
2017-10-30 19:10:47.521603 INFO [sf_platform.core.at2.AT2Integration.store_artifacts:191] [MainProcess:MainThread] Artifacts stored and registered: ['bvscript-ef6a5af2c0f879c12f5e204eafecb011.log', 'bvscript-ecbebcdba1f132bb0f05f0f5761f192b.log', 'bvscript-33e4df5843954cf0a195bd14ba246b5d.log', 'bvscript-b2180a308ff144cf9fd891de414ca049.log', 'bvscript-0f7d812758e35ab8e83775fa4407da12.log', 'bvscript-a657bf3173f7b9a4e034d9c1f1e580f7.log', 'bvscript-d9508fffcf0f57c22d647eba99700f42.log', 'bvscript-722440b84cf36caf8c6c10aee5ede7e3.log', 'bvscript-c1e2f66d2e7dbd2216f9c6b700186a96.log', 'bvscript-1122e882c8bb06aa3d0778b0a6e34fec.log', 'bvscript-226bf6c5809ddbf0f31bf02d9d1d7d73.log', 'bvscript-aeaf2e40525a30ceae7c36ce9c34cab0.log', 'bvscript-8c613ebffc34d830035688e6d47e786b.log', 'bvscript-d355cebc9abeae1d71a56d75eaf817e8.log', 'bvscript-87e4e1ebce33049d1de712793f475862.log', 'bvscript-a227848adba09965a01cdc030bb5f856.log', 'bvscript-291cceb3a3871f6e09dbe1ae1a45ee3b.log', 'bvscript-09c743c79e1c283a04f16dbdf3fd793d.log', 'bvscript-4d1cf70e65267d51cefb6c63a7ff36e3.log', 'bvscript-c0e36f1d6b8de7f697909ebb1f4b92c0.log', 'bvscript-f14c0521901757a96c7f3544f85e1d62.log']
2017-10-30 19:10:47.528368 DEBUG [sf_platform.core.ssh.ssh.__init__:148] [MainProcess:MainThread] SSH to Host: 10.117.64.23 with Username: None and Password: None
2017-10-30 19:10:47.529796 DEBUG [sf_platform.core.retry_handlers.retry_wrapper:624] [MainProcess:MainThread] CallContext 46: UUID=46-093ce564-bda6-11e7-89b9-6c0b84e27010, function=_init_client, call_stack=[/home/hnathani/repos/suites_refresh/nathaniel/nathaniel-sr-autoplatform/sf_platform/core/ssh/ssh.py:__init__:156, from /home/hnathani/repos/suites_refresh/nathaniel/nathaniel-sr-autotest-content/steps/AutotestVolume.py:pull_bulk_volume_logs:3462, from /home/hnathani/repos/suites_refresh/nathaniel/nathaniel-sr-autotest-content/tests/bulk_volume/cases/bulk_volume_operations.py:bv_remote_transfer:650, from /home/hnathani/repos/suites_refresh/nathaniel/nathaniel-sr-autotest-content/tests/bulk_volume/cases/bulk_volume_operations.py:backup_restore_verify_S3:486, from /home/hnathani/repos/suites_refresh/nathaniel/nathaniel-sr-autotest-content/tests/bulk_volume/cases/bulk_volume_operations.py:parallel_backup_restore_verify_all:339]
2017-10-30 19:10:48.935044 DEBUG [sf_platform.core.ssh.ssh._setup_auth_methods_list:216] [MainProcess:MainThread] No element found in SSH banner
2017-10-30 19:10:48.935433 DEBUG [sf_platform.core.ssh.ssh._setup_auth_methods_list:219] [MainProcess:MainThread] Allowed auth methods: [u'publickey', u'password']
2017-10-30 19:10:49.710130 DEBUG [sf_platform.core.ssh.auth.auth:77] [MainProcess:MainThread] Trying Direct SSH to host: 10.117.64.23 with username: root and password: solidfire
2017-10-30 19:10:52.278325 ERROR [sf_platform.core.ssh.auth.auth:83] [MainProcess:MainThread] Authentication to 10.117.64.23 with username root and password solidfire Failed. ERROR: Authentication failed.
2017-10-30 19:10:53.167282 DEBUG [sf_platform.core.ssh.auth.auth:77] [MainProcess:MainThread] Trying Direct SSH to host: 10.117.64.23 with username: root and password: SolidF1r3
2017-10-30 19:10:55.471751 ERROR [sf_platform.core.ssh.auth.auth:83] [MainProcess:MainThread] Authentication to 10.117.64.23 with username root and password SolidF1r3 Failed. ERROR: Authentication failed.
2017-10-30 19:10:56.360370 DEBUG [sf_platform.core.ssh.auth.auth:77] [MainProcess:MainThread] Trying Direct SSH to host: 10.117.64.23 with username: sfadmin and password: OldSaltyD0g
2017-10-30 19:10:59.065177 ERROR [sf_platform.core.ssh.auth.auth:83] [MainProcess:MainThread] Authentication to 10.117.64.23 with username sfadmin and password OldSaltyD0g Failed. ERROR: Authentication failed.
2017-10-30 19:10:59.920658 DEBUG [sf_platform.core.ssh.auth.auth:77] [MainProcess:MainThread] Trying Direct SSH to host: 10.117.64.23 with username: root and password: OldSaltyD0g
2017-10-30 19:11:02.224560 ERROR [sf_platform.core.ssh.auth.auth:83] [MainProcess:MainThread] Authentication to 10.117.64.23 with username root and password OldSaltyD0g Failed. ERROR: Authentication failed.
2017-10-30 19:11:03.113037 DEBUG [sf_platform.core.ssh.auth.auth:77] [MainProcess:MainThread] Trying Direct SSH to host: 10.117.64.23 with username: sfadmin and password: v3gasL1ghtGas
2017-10-30 19:11:03.645936 DEBUG [sf_platform.core.ssh.auth.auth:87] [MainProcess:MainThread] Authentication to 10.117.64.23 with username sfadmin and password v3gasL1ghtGas is successful
2017-10-30 19:11:03.646375 DEBUG [sf_platform.core.ssh.clients.connect:154] [MainProcess:MainThread] Auth successful, type=password
2017-10-30 19:11:03.646617 DEBUG [sf_platform.core.ssh.ssh._init_client:278] [MainProcess:MainThread] SSH connection is using the following ciphers: None
2017-10-30 19:11:03.646856 DEBUG [sf_platform.core.retry_handlers.retry_wrapper:636] [MainProcess:MainThread] CallContext 46 SUCCEEDED.
2017-10-30 19:11:03.647105 DEBUG [sf_platform.core.ssh.ssh.run_command_safe:389] [MainProcess:MainThread] Paramiko is using ciphers: ('arcfour128', 'aes128-ctr')
2017-10-30 19:11:03.647321 DEBUG [sf_platform.core.ssh.ssh.run_command_safe:390] [MainProcess:MainThread] Running cmd: rf -f /sf/bvscript-09c743c79e1c283a04f16dbdf3fd793d.log /sf/bvscript-0f7d812758e35ab8e83775fa4407da12.log /sf/bvscript-1122e882c8bb06aa3d0778b0a6e34fec.log /sf/bvscript-226bf6c5809ddbf0f31bf02d9d1d7d73.log /sf/bvscript-291cceb3a3871f6e09dbe1ae1a45ee3b.log /sf/bvscript-33e4df5843954cf0a195bd14ba246b5d.log /sf/bvscript-4d1cf70e65267d51cefb6c63a7ff36e3.log /sf/bvscript-722440b84cf36caf8c6c10aee5ede7e3.log /sf/bvscript-87e4e1ebce33049d1de712793f475862.log /sf/bvscript-8c613ebffc34d830035688e6d47e786b.log /sf/bvscript-a227848adba09965a01cdc030bb5f856.log /sf/bvscript-a657bf3173f7b9a4e034d9c1f1e580f7.log /sf/bvscript-aeaf2e40525a30ceae7c36ce9c34cab0.log /sf/bvscript-b2180a308ff144cf9fd891de414ca049.log /sf/bvscript-c0e36f1d6b8de7f697909ebb1f4b92c0.log /sf/bvscript-c1e2f66d2e7dbd2216f9c6b700186a96.log /sf/bvscript-d355cebc9abeae1d71a56d75eaf817e8.log /sf/bvscript-d9508fffcf0f57c22d647eba99700f42.log /sf/bvscript-ecbebcdba1f132bb0f05f0f5761f192b.log /sf/bvscript-ef6a5af2c0f879c12f5e204eafecb011.log on Host: 10.117.64.23
2017-10-30 19:11:03.647566 DEBUG [sf_platform.core.ssh.ssh.run_command_safe:391] [MainProcess:MainThread] Timeout: 600 Timeout Type SSHTimeout.clock
2017-10-30 19:11:03.648712 DEBUG [sf_platform.core.ssh.ssh.run_command_safe:396] [MainProcess:MainThread] SSH called from: pull_bulk_volume_logs
2017-10-30 19:11:05.128639 DEBUG [sf_platform.core.ssh.ssh.run_command_safe:455] [MainProcess:MainThread] [10.117.64.23] return code: 1
2017-10-30 19:11:05.129043 DEBUG [sf_platform.core.ssh.ssh.run_command_safe:457] [MainProcess:MainThread] [10.117.64.23] stdout: 
2017-10-30 19:11:05.129277 DEBUG [sf_platform.core.ssh.ssh.run_command_safe:458] [MainProcess:MainThread] [10.117.64.23] stderr: sudo: rf: command not found

2017-10-30 19:11:05.129526 DEBUG [sf_platform.core.ssh.ssh.run_command_safe:389] [MainProcess:MainThread] Paramiko is using ciphers: ('arcfour128', 'aes128-ctr')
2017-10-30 19:11:05.129785 DEBUG [sf_platform.core.ssh.ssh.run_command_safe:390] [MainProcess:MainThread] Running cmd: rf -f /sf/bvscript-f14c0521901757a96c7f3544f85e1d62.log on Host: 10.117.64.23
2017-10-30 19:11:05.130011 DEBUG [sf_platform.core.ssh.ssh.run_command_safe:391] [MainProcess:MainThread] Timeout: 600 Timeout Type SSHTimeout.clock
2017-10-30 19:11:05.131226 DEBUG [sf_platform.core.ssh.ssh.run_command_safe:396] [MainProcess:MainThread] SSH called from: pull_bulk_volume_logs
2017-10-30 19:11:05.708306 DEBUG [sf_platform.core.ssh.ssh.run_command_safe:455] [MainProcess:MainThread] [10.117.64.23] return code: 1
2017-10-30 19:11:05.708688 DEBUG [sf_platform.core.ssh.ssh.run_command_safe:457] [MainProcess:MainThread] [10.117.64.23] stdout: 
2017-10-30 19:11:05.708924 DEBUG [sf_platform.core.ssh.ssh.run_command_safe:458] [MainProcess:MainThread] [10.117.64.23] stderr: sudo: rf: command not found

2017-10-30 19:11:05.709156 DEBUG [sf_platform.core.ssh.ssh.close:649] [MainProcess:MainThread] Closing SSH Connection with Host: 10.117.64.23
2017-10-30 19:11:05.824650 DEBUG [sf_platform.core.retry_handlers.retry_wrapper:624] [MainProcess:MainThread] CallContext 47: UUID=47-142477f8-bda6-11e7-89b9-6c0b84e27010, function=call_cluster_api, call_stack=[/home/hnathani/repos/suites_refresh/nathaniel/nathaniel-sr-autoplatform/sf_platform/cluster_api.py:delete_snapshot:1732, from /home/hnathani/repos/suites_refresh/nathaniel/nathaniel-sr-autotest-content/steps/AutotestVolume.py:delete_snapshots:1953, from /home/hnathani/repos/suites_refresh/nathaniel/nathaniel-sr-autotest-content/tests/bulk_volume/cases/bulk_volume_operations.py:bv_remote_transfer:654, from /home/hnathani/repos/suites_refresh/nathaniel/nathaniel-sr-autotest-content/tests/bulk_volume/cases/bulk_volume_operations.py:backup_restore_verify_S3:486, from /home/hnathani/repos/suites_refresh/nathaniel/nathaniel-sr-autotest-content/tests/bulk_volume/cases/bulk_volume_operations.py:parallel_backup_restore_verify_all:339]
2017-10-30 19:11:05.825135 DEBUG [autologger.main.log:241] [MainProcess:MainThread] JSON-RPC-POST: method=DeleteSnapshot, url=https://10.117.78.245/json-rpc/10.0, id=42
2017-10-30 19:11:05.825462 DEBUG [autologger.main.log:241] [MainProcess:MainThread] Sending HTTP POST request to server_url: https://10.117.78.245/json-rpc/10.0; {"params": {"snapshotID": 220}, "method": "DeleteSnapshot", "id": 42}.
2017-10-30 19:11:06.561303 DEBUG [autologger.main.log:241] [MainProcess:MainThread] JSON-RPC-POST response: {"id": 42, "result": {}}
2017-10-30 19:11:06.561759 DEBUG [sf_platform.core.retry_handlers.retry_wrapper:636] [MainProcess:MainThread] CallContext 47 SUCCEEDED.
2017-10-30 19:11:06.562089 INFO [tests.bulk_volume.cases.bulk_volume_operations.backup_restore_verify_S3:488] [MainProcess:MainThread] Domestic S3: Back up completed with the following settings: data format=native, use snapshots=True
2017-10-30 19:11:16.569795 INFO [tests.bulk_volume.cases.bulk_volume_operations.backup_restore_verify_S3:493] [MainProcess:MainThread] Domestic S3: Restore starting with the following settings: data format=native, use snapshots=True
2017-10-30 19:11:16.571710 DEBUG [sf_platform.core.retry_handlers.retry_wrapper:624] [MainProcess:MainThread] CallContext 48: UUID=48-1a8c57be-bda6-11e7-89b9-6c0b84e27010, function=call_readonly_cluster_api, call_stack=[/home/hnathani/repos/suites_refresh/nathaniel/nathaniel-sr-autoplatform/sf_platform/cluster_api.py:get_cluster_version_info:2893, from /home/hnathani/repos/suites_refresh/nathaniel/nathaniel-sr-autoplatform/sf_platform/api/ApiCluster.py:get_cluster_version:1177, from /home/hnathani/repos/suites_refresh/nathaniel/nathaniel-sr-autotest-content/steps/AutotestCluster.py:get_cluster_version:2082, from /home/hnathani/repos/suites_refresh/nathaniel/nathaniel-sr-autotest-content/tests/bulk_volume/cases/bulk_volume_operations.py:bv_remote_transfer:598, from /home/hnathani/repos/suites_refresh/nathaniel/nathaniel-sr-autotest-content/tests/bulk_volume/cases/bulk_volume_operations.py:backup_restore_verify_S3:494]
2017-10-30 19:11:16.572116 DEBUG [autologger.main.log:241] [MainProcess:MainThread] JSON-RPC-POST: method=GetClusterVersionInfo, url=https://10.117.78.245/json-rpc/1.0, id=43
2017-10-30 19:11:16.572411 DEBUG [autologger.main.log:241] [MainProcess:MainThread] Sending HTTP POST request to server_url: https://10.117.78.245/json-rpc/1.0; {"params": {}, "method": "GetClusterVersionInfo", "id": 43}.
2017-10-30 19:11:17.303657 DEBUG [autologger.main.log:241] [MainProcess:MainThread] JSON-RPC-POST response: {"id": 43, "result": {"clusterVersionInfo": [{"nodeVersion": "10.0.0.282", "nodeInternalRevision": "BuildType=Release Element=neon Release=neon ReleaseShort=neon Version=10.0.0.282 sfdev=9.62 Repository=neon VCS=hg Revision=8241475a9d90 Options=timing,timing BuildDate=2017-09-15T18:41:46UTC md5=fa20b67a65fb7daac0ec81450e7b38f9", "nodeID": 1}], "softwareVersionInfo": {"pendingVersion": "10.0.0.282", "packageName": "", "currentVersion": "10.0.0.282", "nodeID": 0, "startTime": ""}, "clusterVersion": "10.0.0.282", "clusterAPIVersion": "10.0"}}
2017-10-30 19:11:17.304117 DEBUG [sf_platform.core.retry_handlers.retry_wrapper:636] [MainProcess:MainThread] CallContext 48 SUCCEEDED.
2017-10-30 19:11:17.306020 DEBUG [sf_platform.core.retry_handlers.retry_wrapper:624] [MainProcess:MainThread] CallContext 49: UUID=49-1a8c57bf-bda6-11e7-89b9-6c0b84e27010, function=call_readonly_cluster_api, call_stack=[/home/hnathani/repos/suites_refresh/nathaniel/nathaniel-sr-autoplatform/sf_platform/cluster_api.py:get_version_info:4148, from /home/hnathani/repos/suites_refresh/nathaniel/nathaniel-sr-autoplatform/sf_platform/api/ApiCluster.py:get_cluster_version:1185, from /home/hnathani/repos/suites_refresh/nathaniel/nathaniel-sr-autotest-content/steps/AutotestCluster.py:get_cluster_version:2082, from /home/hnathani/repos/suites_refresh/nathaniel/nathaniel-sr-autotest-content/tests/bulk_volume/cases/bulk_volume_operations.py:bv_remote_transfer:598, from /home/hnathani/repos/suites_refresh/nathaniel/nathaniel-sr-autotest-content/tests/bulk_volume/cases/bulk_volume_operations.py:backup_restore_verify_S3:494]
2017-10-30 19:11:17.306396 DEBUG [autologger.main.log:241] [MainProcess:MainThread] JSON-RPC-POST: method=GetVersionInfo, url=https://10.117.78.245/json-rpc/10.0, id=44
2017-10-30 19:11:17.306680 DEBUG [autologger.main.log:241] [MainProcess:MainThread] Sending HTTP POST request to server_url: https://10.117.78.245/json-rpc/10.0; {"params": {"force": true}, "method": "GetVersionInfo", "id": 44}.
2017-10-30 19:11:19.408459 DEBUG [autologger.main.log:241] [MainProcess:MainThread] JSON-RPC-POST response: {"id": 44, "result": {"nodes": [{"nodeID": 1, "result": {"versionInfo": {"sfapp": {"BuildType": "Release", "ReleaseShort": "neon", "Version": "10.0.0.282", "BuildDate": "2017-09-15T18:41:46UTC", "Repository": "neon", "Element": "neon", "VCS": "hg", "Release": "neon", "sfdev": "9.62", "md5": "fa20b67a65fb7daac0ec81450e7b38f9", "Options": "timing,timing", "Revision": "8241475a9d90"}, "sfsvcmgr": {"BuildType": "Release", "ReleaseShort": "neon", "Version": "10.0.0.282", "BuildDate": "2017-09-15T18:40:38UTC", "Repository": "neon", "Element": "neon", "VCS": "hg", "Release": "neon", "sfdev": "9.62", "md5": "ceebd7a62a6f157b023c9f76fdcfc95c", "Options": "timing,timing", "Revision": "8241475a9d90"}, "sfnetwd": {"BuildType": "Release", "ReleaseShort": "neon", "Version": "10.0.0.282", "BuildDate": "2017-09-15T18:40:39UTC", "Repository": "neon", "Element": "neon", "VCS": "hg", "Release": "neon", "sfdev": "9.62", "md5": "8508e75f74b01f9481c59a65e5f91a15", "Options": "timing,timing", "Revision": "8241475a9d90"}, "sfbasiciocheck": {"BuildType": "Release", "ReleaseShort": "neon", "Version": "10.0.0.282", "BuildDate": "2017-09-15T18:40:37UTC", "Repository": "neon", "Element": "neon", "VCS": "hg", "Release": "neon", "sfdev": "9.62", "md5": "cf7cfc28a4c343a68b71cad0fff54f95", "Options": "timing,timing", "Revision": "8241475a9d90"}}}}]}}
2017-10-30 19:11:19.408951 DEBUG [sf_platform.core.retry_handlers.retry_wrapper:636] [MainProcess:MainThread] CallContext 49 SUCCEEDED.
2017-10-30 19:11:19.409285 INFO [steps.AutotestCluster.get_cluster_version:2083] [MainProcess:MainThread] cluster version: neon-10.0.0.282
2017-10-30 19:11:19.409738 DEBUG [steps.AutotestVolume.bulk_volume_script_arguments_dict:333] [MainProcess:MainThread] {
    "read": {
        "endpoint": "s3", 
        "format": "native", 
        "hostname": "s3-us-west-2.amazonaws.com", 
        "bucket": "sfbv-test-oregon", 
        "prefix": "AutoTest2-1gPr-FOR-TEST-ONLY/S3-Domestic-tgt-1-204", 
        "aws_secret_access_key": "Gqpg9AdLNL1sFcjHfVrOszwtlq/FLGH8ds3kjM6m", 
        "aws_access_key_id": "AKIAJUATABHMFBILLFZQ"
    }, 
    "write": {
        "endpoint": "SolidFire", 
        "format": "native"
    }, 
    "range": {
        "lba": 0, 
        "blocks": null, 
        "blocks_per_transfer": 4096
    }, 
    "logfile": true
}
2017-10-30 19:11:19.411636 DEBUG [sf_platform.core.retry_handlers.retry_wrapper:624] [MainProcess:MainThread] CallContext 50: UUID=50-1c3dae14-bda6-11e7-89b9-6c0b84e27010, function=call_cluster_api, call_stack=[/home/hnathani/repos/suites_refresh/nathaniel/nathaniel-sr-autoplatform/sf_platform/cluster_api.py:start_bulk_volume_write:2234, from /home/hnathani/repos/suites_refresh/nathaniel/nathaniel-sr-autoplatform/sf_platform/api/decorators.py:assured_type_method:80, from /home/hnathani/repos/suites_refresh/nathaniel/nathaniel-sr-autotest-content/steps/AutotestVolume.py:start_bulk_volume_write_jobs:3805, from /home/hnathani/repos/suites_refresh/nathaniel/nathaniel-sr-autotest-content/tests/bulk_volume/cases/bulk_volume_operations.py:bv_remote_transfer:641, from /home/hnathani/repos/suites_refresh/nathaniel/nathaniel-sr-autotest-content/tests/bulk_volume/cases/bulk_volume_operations.py:backup_restore_verify_S3:494]
2017-10-30 19:11:19.412018 DEBUG [autologger.main.log:241] [MainProcess:MainThread] JSON-RPC-POST: method=StartBulkVolumeWrite, url=https://10.117.78.245/json-rpc/10.0, id=45
2017-10-30 19:11:19.412336 DEBUG [autologger.main.log:241] [MainProcess:MainThread] Sending HTTP POST request to server_url: https://10.117.78.245/json-rpc/10.0; {"params": {"scriptParameters": {"read": {"endpoint": "s3", "format": "native", "hostname": "s3-us-west-2.amazonaws.com", "bucket": "sfbv-test-oregon", "prefix": "AutoTest2-1gPr-FOR-TEST-ONLY/S3-Domestic-tgt-1-204", "aws_secret_access_key": "Gqpg9AdLNL1sFcjHfVrOszwtlq/FLGH8ds3kjM6m", "aws_access_key_id": "AKIAJUATABHMFBILLFZQ"}, "write": {"endpoint": "SolidFire", "format": "native"}, "range": {"lba": 0, "blocks": 2441472, "blocks_per_transfer": 4096}, "logfile": true}, "format": "native", "volumeID": 204, "parameters": {"read": {"endpoint": "s3", "format": "native", "hostname": "s3-us-west-2.amazonaws.com", "bucket": "sfbv-test-oregon", "prefix": "AutoTest2-1gPr-FOR-TEST-ONLY/S3-Domestic-tgt-1-204", "aws_secret_access_key": "Gqpg9AdLNL1sFcjHfVrOszwtlq/FLGH8ds3kjM6m", "aws_access_key_id": "AKIAJUATABHMFBILLFZQ"}, "write": {"endpoint": "SolidFire", "format": "native"}, "range": {"lba": 0, "blocks": 2441472, "blocks_per_transfer": 4096}, "logfile": true}, "script": "bv_internal.py"}, "method": "StartBulkVolumeWrite", "id": 45}.
2017-10-30 19:11:20.158087 DEBUG [autologger.main.log:241] [MainProcess:MainThread] JSON-RPC-POST response: {"warning": {"unusedParameters": {"parameters": {"read": {"endpoint": "s3", "format": "native", "hostname": "s3-us-west-2.amazonaws.com", "bucket": "sfbv-test-oregon", "prefix": "AutoTest2-1gPr-FOR-TEST-ONLY/S3-Domestic-tgt-1-204", "aws_secret_access_key": "Gqpg9AdLNL1sFcjHfVrOszwtlq/FLGH8ds3kjM6m", "aws_access_key_id": "AKIAJUATABHMFBILLFZQ"}, "write": {"endpoint": "SolidFire", "format": "native"}, "range": {"lba": 0, "blocks": 2441472, "blocks_per_transfer": 4096}, "logfile": true}}}, "id": 45, "result": {"url": "https://10.117.80.23:8443/", "asyncHandle": 31, "key": "594ab3300c7d6be4dddba17bf6757618"}}
2017-10-30 19:11:20.158560 DEBUG [sf_platform.core.retry_handlers.retry_wrapper:636] [MainProcess:MainThread] CallContext 50 SUCCEEDED.
2017-10-30 19:11:20.160323 DEBUG [sf_platform.core.retry_handlers.retry_wrapper:624] [MainProcess:MainThread] CallContext 51: UUID=51-1c3dae15-bda6-11e7-89b9-6c0b84e27010, function=call_readonly_cluster_api, call_stack=[/home/hnathani/repos/suites_refresh/nathaniel/nathaniel-sr-autoplatform/sf_platform/cluster_api.py:list_bulk_volume_jobs:2291, from /home/hnathani/repos/suites_refresh/nathaniel/nathaniel-sr-autotest-content/steps/AutotestVolume.py:list_bulk_volume_jobs:2520, from /home/hnathani/repos/suites_refresh/nathaniel/nathaniel-sr-autotest-content/steps/AutotestVolume.py:start_bulk_volume_write_jobs:3809, from /home/hnathani/repos/suites_refresh/nathaniel/nathaniel-sr-autotest-content/tests/bulk_volume/cases/bulk_volume_operations.py:bv_remote_transfer:641, from /home/hnathani/repos/suites_refresh/nathaniel/nathaniel-sr-autotest-content/tests/bulk_volume/cases/bulk_volume_operations.py:backup_restore_verify_S3:494]
2017-10-30 19:11:20.160788 DEBUG [autologger.main.log:241] [MainProcess:MainThread] JSON-RPC-POST: method=ListBulkVolumeJobs, url=https://10.117.78.245/json-rpc/10.0, id=46
2017-10-30 19:11:20.161096 DEBUG [autologger.main.log:241] [MainProcess:MainThread] Sending HTTP POST request to server_url: https://10.117.78.245/json-rpc/10.0; {"params": {}, "method": "ListBulkVolumeJobs", "id": 46}.
2017-10-30 19:11:20.891016 DEBUG [autologger.main.log:241] [MainProcess:MainThread] JSON-RPC-POST response: {"id": 46, "result": {"bulkVolumeJobs": []}}
2017-10-30 19:11:20.891416 DEBUG [sf_platform.core.retry_handlers.retry_wrapper:636] [MainProcess:MainThread] CallContext 51 SUCCEEDED.
2017-10-30 19:11:20.891694 INFO [valence.camelot.case._log_step:218] [MainProcess:MainThread] 

---------------------------------------------------------------------------------------------------------
Starting Step 2 for TcBulkVolSFtoSFS3Swift: Completed Monitoring
Expect: Pass
---------------------------------------------------------------------------------------------------------

2017-10-30 19:11:20.893108 DEBUG [sf_platform.core.retry_handlers.retry_wrapper:624] [MainProcess:MainThread] CallContext 52: UUID=52-1c3dae16-bda6-11e7-89b9-6c0b84e27010, function=call_readonly_cluster_api, call_stack=[/home/hnathani/repos/suites_refresh/nathaniel/nathaniel-sr-autoplatform/sf_platform/cluster_api.py:list_all_nodes:3037, from /home/hnathani/repos/suites_refresh/nathaniel/nathaniel-sr-autotest-content/steps/AutotestVolume.py:pull_bulk_volume_logs:3422, from /home/hnathani/repos/suites_refresh/nathaniel/nathaniel-sr-autotest-content/tests/bulk_volume/cases/bulk_volume_operations.py:bv_remote_transfer:650, from /home/hnathani/repos/suites_refresh/nathaniel/nathaniel-sr-autotest-content/tests/bulk_volume/cases/bulk_volume_operations.py:backup_restore_verify_S3:494, from /home/hnathani/repos/suites_refresh/nathaniel/nathaniel-sr-autotest-content/tests/bulk_volume/cases/bulk_volume_operations.py:parallel_backup_restore_verify_all:339]
2017-10-30 19:11:20.893455 DEBUG [autologger.main.log:241] [MainProcess:MainThread] JSON-RPC-POST: method=ListAllNodes, url=https://10.117.78.245/json-rpc/10.0, id=47
2017-10-30 19:11:20.893752 DEBUG [autologger.main.log:241] [MainProcess:MainThread] Sending HTTP POST request to server_url: https://10.117.78.245/json-rpc/10.0; {"params": {}, "method": "ListAllNodes", "id": 47}.
2017-10-30 19:11:21.626207 DEBUG [autologger.main.log:241] [MainProcess:MainThread] JSON-RPC-POST response: {"id": 47, "result": {"pendingNodes": [], "nodes": [{"sip": "10.117.80.23", "mipi": "Bond1G", "name": "NLABP0719", "platformInfo": {"platformConfigVersion": "10.0.0.282", "nodeType": "SF3010", "cpuModel": "Intel(R) Xeon(R) CPU E5-2640 0 @ 2.50GHz", "nodeMemoryGB": 72, "chassisType": "R620"}, "nodeSlot": "", "virtualNetworks": [], "nodeID": 1, "sipi": "Bond10G", "mip": "10.117.64.23", "softwareVersion": "10.0.0.282", "cip": "10.117.80.23", "fibreChannelTargetPortGroup": null, "attributes": {}, "associatedFServiceID": 0, "associatedMasterServiceID": 1, "cipi": "Bond10G", "uuid": "4C4C4544-0032-3610-8038-B3C04F585631"}], "pendingActiveNodes": []}}
2017-10-30 19:11:21.626683 DEBUG [sf_platform.core.retry_handlers.retry_wrapper:636] [MainProcess:MainThread] CallContext 52 SUCCEEDED.
2017-10-30 19:11:21.627122 DEBUG [sf_platform.core.ssh.ssh.__init__:148] [MainProcess:MainThread] SSH to Host: 10.117.64.23 with Username: None and Password: None
2017-10-30 19:11:21.628955 DEBUG [sf_platform.core.retry_handlers.retry_wrapper:624] [MainProcess:MainThread] CallContext 53: UUID=53-1d90047e-bda6-11e7-89b9-6c0b84e27010, function=_init_client, call_stack=[/home/hnathani/repos/suites_refresh/nathaniel/nathaniel-sr-autoplatform/sf_platform/core/ssh/ssh.py:__init__:156, from /home/hnathani/repos/suites_refresh/nathaniel/nathaniel-sr-autotest-content/steps/AutotestVolume.py:get_bv_logs:3428, from /home/hnathani/repos/suites_refresh/nathaniel/nathaniel-sr-autoplatform/sf_platform/core/at2/AT2Integration.py:store_artifacts:181, from /home/hnathani/repos/suites_refresh/nathaniel/nathaniel-sr-autotest-content/steps/AutotestVolume.py:pull_bulk_volume_logs:3455, from /home/hnathani/repos/suites_refresh/nathaniel/nathaniel-sr-autotest-content/tests/bulk_volume/cases/bulk_volume_operations.py:bv_remote_transfer:650]
2017-10-30 19:11:23.034113 DEBUG [sf_platform.core.ssh.ssh._setup_auth_methods_list:216] [MainProcess:MainThread] No element found in SSH banner
2017-10-30 19:11:23.034516 DEBUG [sf_platform.core.ssh.ssh._setup_auth_methods_list:219] [MainProcess:MainThread] Allowed auth methods: [u'publickey', u'password']
2017-10-30 19:11:23.809644 DEBUG [sf_platform.core.ssh.auth.auth:77] [MainProcess:MainThread] Trying Direct SSH to host: 10.117.64.23 with username: root and password: solidfire
2017-10-30 19:11:25.713118 ERROR [sf_platform.core.ssh.auth.auth:83] [MainProcess:MainThread] Authentication to 10.117.64.23 with username root and password solidfire Failed. ERROR: Authentication failed.
2017-10-30 19:11:26.602110 DEBUG [sf_platform.core.ssh.auth.auth:77] [MainProcess:MainThread] Trying Direct SSH to host: 10.117.64.23 with username: root and password: SolidF1r3
2017-10-30 19:11:28.906421 ERROR [sf_platform.core.ssh.auth.auth:83] [MainProcess:MainThread] Authentication to 10.117.64.23 with username root and password SolidF1r3 Failed. ERROR: Authentication failed.
2017-10-30 19:11:29.794716 DEBUG [sf_platform.core.ssh.auth.auth:77] [MainProcess:MainThread] Trying Direct SSH to host: 10.117.64.23 with username: sfadmin and password: OldSaltyD0g
2017-10-30 19:11:32.499671 ERROR [sf_platform.core.ssh.auth.auth:83] [MainProcess:MainThread] Authentication to 10.117.64.23 with username sfadmin and password OldSaltyD0g Failed. ERROR: Authentication failed.
2017-10-30 19:11:33.388548 DEBUG [sf_platform.core.ssh.auth.auth:77] [MainProcess:MainThread] Trying Direct SSH to host: 10.117.64.23 with username: root and password: OldSaltyD0g
2017-10-30 19:11:36.193860 ERROR [sf_platform.core.ssh.auth.auth:83] [MainProcess:MainThread] Authentication to 10.117.64.23 with username root and password OldSaltyD0g Failed. ERROR: Authentication failed.
2017-10-30 19:11:37.083019 DEBUG [sf_platform.core.ssh.auth.auth:77] [MainProcess:MainThread] Trying Direct SSH to host: 10.117.64.23 with username: sfadmin and password: v3gasL1ghtGas
2017-10-30 19:11:37.616134 DEBUG [sf_platform.core.ssh.auth.auth:87] [MainProcess:MainThread] Authentication to 10.117.64.23 with username sfadmin and password v3gasL1ghtGas is successful
2017-10-30 19:11:37.616558 DEBUG [sf_platform.core.ssh.clients.connect:154] [MainProcess:MainThread] Auth successful, type=password
2017-10-30 19:11:37.616793 DEBUG [sf_platform.core.ssh.ssh._init_client:278] [MainProcess:MainThread] SSH connection is using the following ciphers: None
2017-10-30 19:11:37.617052 DEBUG [sf_platform.core.retry_handlers.retry_wrapper:636] [MainProcess:MainThread] CallContext 53 SUCCEEDED.
2017-10-30 19:11:37.617292 DEBUG [sf_platform.core.ssh.ssh.run_command_safe:389] [MainProcess:MainThread] Paramiko is using ciphers: ('arcfour128', 'aes128-ctr')
2017-10-30 19:11:37.617502 DEBUG [sf_platform.core.ssh.ssh.run_command_safe:390] [MainProcess:MainThread] Running cmd: ls /sf/ on Host: 10.117.64.23
2017-10-30 19:11:37.617787 DEBUG [sf_platform.core.ssh.ssh.run_command_safe:391] [MainProcess:MainThread] Timeout: 600 Timeout Type SSHTimeout.clock
2017-10-30 19:11:37.619075 DEBUG [sf_platform.core.ssh.ssh.run_command_safe:396] [MainProcess:MainThread] SSH called from: get_bv_logs
2017-10-30 19:11:39.100113 DEBUG [sf_platform.core.ssh.ssh.run_command_safe:455] [MainProcess:MainThread] [10.117.64.23] return code: 0
2017-10-30 19:11:39.100611 DEBUG [sf_platform.core.ssh.ssh.run_command_safe:457] [MainProcess:MainThread] [10.117.64.23] stdout: alternatives
apt
backup
bin
bvscript-09c743c79e1c283a04f16dbdf3fd793d.log
bvscript-0f7d812758e35ab8e83775fa4407da12.log
bvscript-1122e882c8bb06aa3d0778b0a6e34fec.log
bvscript-226bf6c5809ddbf0f31bf02d9d1d7d73.log
bvscript-291cceb3a3871f6e09dbe1ae1a45ee3b.log
bvscript-33e4df5843954cf0a195bd14ba246b5d.log
bvscript-4d1cf70e65267d51cefb6c63a7ff36e3.log
bvscript-594ab3300c7d6be4dddba17bf6757618.log
bvscript-722440b84cf36caf8c6c10aee5ede7e3.log
bvscript-87e4e1ebce33049d1de712793f475862.log
bvscript-8c613ebffc34d830035688e6d47e786b.log
bvscript-a227848adba09965a01cdc030bb5f856.log
bvscript-a657bf3173f7b9a4e034d9c1f1e580f7.log
bvscript-aeaf2e40525a30ceae7c36ce9c34cab0.log
bvscript-b2180a308ff144cf9fd891de414ca049.log
bvscript-c0e36f1d6b8de7f697909ebb1f4b92c0.log
bvscript-c1e2f66d2e7dbd2216f9c6b700186a96.log
bvscript-d355cebc9abeae1d71a56d75eaf817e8.log
bvscript-d9508fffcf0f57c22d647eba99700f42.log
bvscript-ecbebcdba1f132bb0f05f0f5761f192b.log
bvscript-ef6a5af2c0f879c12f5e204eafecb011.log
bvscript-f14c0521901757a96c7f3544f85e1d62.log
data
etc
eventreporter
hci
initrd
lib
memusage
packages
rtfi
scripts
upgrade
usr

2017-10-30 19:11:39.101069 DEBUG [sf_platform.core.ssh.ssh.run_command_safe:458] [MainProcess:MainThread] [10.117.64.23] stderr: 
2017-10-30 19:11:39.101529 DEBUG [sf_platform.core.ssh.ssh.get:571] [MainProcess:MainThread] Paramiko is using ciphers: ('arcfour128', 'aes128-ctr')
2017-10-30 19:11:39.101818 INFO [sf_platform.core.ssh.ssh.get:572] [MainProcess:MainThread] Getting files from remote machine ...10.117.64.23
2017-10-30 19:12:49.336238 DEBUG [sf_platform.core.ssh.ssh.close:649] [MainProcess:MainThread] Closing SSH Connection with Host: 10.117.64.23
2017-10-30 19:12:49.400526 INFO [sf_platform.core.at2.AT2Integration.store_artifacts:184] [MainProcess:MainThread] Artifacts created: ['bvscript-ef6a5af2c0f879c12f5e204eafecb011.log', 'bvscript-594ab3300c7d6be4dddba17bf6757618.log', 'bvscript-ecbebcdba1f132bb0f05f0f5761f192b.log', 'bvscript-33e4df5843954cf0a195bd14ba246b5d.log', 'bvscript-b2180a308ff144cf9fd891de414ca049.log', 'bvscript-0f7d812758e35ab8e83775fa4407da12.log', 'bvscript-a657bf3173f7b9a4e034d9c1f1e580f7.log', 'bvscript-d9508fffcf0f57c22d647eba99700f42.log', 'bvscript-722440b84cf36caf8c6c10aee5ede7e3.log', 'bvscript-c1e2f66d2e7dbd2216f9c6b700186a96.log', 'bvscript-1122e882c8bb06aa3d0778b0a6e34fec.log', 'bvscript-226bf6c5809ddbf0f31bf02d9d1d7d73.log', 'bvscript-aeaf2e40525a30ceae7c36ce9c34cab0.log', 'bvscript-8c613ebffc34d830035688e6d47e786b.log', 'bvscript-d355cebc9abeae1d71a56d75eaf817e8.log', 'bvscript-87e4e1ebce33049d1de712793f475862.log', 'bvscript-a227848adba09965a01cdc030bb5f856.log', 'bvscript-291cceb3a3871f6e09dbe1ae1a45ee3b.log', 'bvscript-09c743c79e1c283a04f16dbdf3fd793d.log', 'bvscript-4d1cf70e65267d51cefb6c63a7ff36e3.log', 'bvscript-c0e36f1d6b8de7f697909ebb1f4b92c0.log', 'bvscript-f14c0521901757a96c7f3544f85e1d62.log']
2017-10-30 19:12:49.401328 INFO [sf_platform.core.artifacts._copy_artifact:1178] [MainProcess:MainThread] successfully stored artifact: /home/hnathani/vl_artifacts/TsBulkVolOperationsSFtoSFS3Swift-2017-10-30T14.06.19/tmp2aiC1G/bvscript-ef6a5af2c0f879c12f5e204eafecb011.log
2017-10-30 19:12:49.401648 DEBUG [sf_platform.core.artifacts._log_artifact:78] [MainProcess:MainThread] ARTIFACT STORED AT: /home/hnathani/vl_artifacts/TsBulkVolOperationsSFtoSFS3Swift-2017-10-30T14.06.19/tmp2aiC1G/bvscript-ef6a5af2c0f879c12f5e204eafecb011.log
2017-10-30 19:12:49.402052 INFO [sf_platform.core.artifacts._copy_artifact:1178] [MainProcess:MainThread] successfully stored artifact: /home/hnathani/vl_artifacts/TsBulkVolOperationsSFtoSFS3Swift-2017-10-30T14.06.19/tmp2aiC1G/bvscript-594ab3300c7d6be4dddba17bf6757618.log
2017-10-30 19:12:49.402289 DEBUG [sf_platform.core.artifacts._log_artifact:78] [MainProcess:MainThread] ARTIFACT STORED AT: /home/hnathani/vl_artifacts/TsBulkVolOperationsSFtoSFS3Swift-2017-10-30T14.06.19/tmp2aiC1G/bvscript-594ab3300c7d6be4dddba17bf6757618.log
2017-10-30 19:12:49.406106 INFO [sf_platform.core.artifacts._copy_artifact:1178] [MainProcess:MainThread] successfully stored artifact: /home/hnathani/vl_artifacts/TsBulkVolOperationsSFtoSFS3Swift-2017-10-30T14.06.19/tmp2aiC1G/bvscript-ecbebcdba1f132bb0f05f0f5761f192b.log
2017-10-30 19:12:49.406380 DEBUG [sf_platform.core.artifacts._log_artifact:78] [MainProcess:MainThread] ARTIFACT STORED AT: /home/hnathani/vl_artifacts/TsBulkVolOperationsSFtoSFS3Swift-2017-10-30T14.06.19/tmp2aiC1G/bvscript-ecbebcdba1f132bb0f05f0f5761f192b.log
2017-10-30 19:12:49.410020 INFO [sf_platform.core.artifacts._copy_artifact:1178] [MainProcess:MainThread] successfully stored artifact: /home/hnathani/vl_artifacts/TsBulkVolOperationsSFtoSFS3Swift-2017-10-30T14.06.19/tmp2aiC1G/bvscript-33e4df5843954cf0a195bd14ba246b5d.log
2017-10-30 19:12:49.410283 DEBUG [sf_platform.core.artifacts._log_artifact:78] [MainProcess:MainThread] ARTIFACT STORED AT: /home/hnathani/vl_artifacts/TsBulkVolOperationsSFtoSFS3Swift-2017-10-30T14.06.19/tmp2aiC1G/bvscript-33e4df5843954cf0a195bd14ba246b5d.log
2017-10-30 19:12:49.413934 INFO [sf_platform.core.artifacts._copy_artifact:1178] [MainProcess:MainThread] successfully stored artifact: /home/hnathani/vl_artifacts/TsBulkVolOperationsSFtoSFS3Swift-2017-10-30T14.06.19/tmp2aiC1G/bvscript-b2180a308ff144cf9fd891de414ca049.log
2017-10-30 19:12:49.414194 DEBUG [sf_platform.core.artifacts._log_artifact:78] [MainProcess:MainThread] ARTIFACT STORED AT: /home/hnathani/vl_artifacts/TsBulkVolOperationsSFtoSFS3Swift-2017-10-30T14.06.19/tmp2aiC1G/bvscript-b2180a308ff144cf9fd891de414ca049.log
2017-10-30 19:12:49.415907 INFO [sf_platform.core.artifacts._copy_artifact:1178] [MainProcess:MainThread] successfully stored artifact: /home/hnathani/vl_artifacts/TsBulkVolOperationsSFtoSFS3Swift-2017-10-30T14.06.19/tmp2aiC1G/bvscript-0f7d812758e35ab8e83775fa4407da12.log
2017-10-30 19:12:49.416148 DEBUG [sf_platform.core.artifacts._log_artifact:78] [MainProcess:MainThread] ARTIFACT STORED AT: /home/hnathani/vl_artifacts/TsBulkVolOperationsSFtoSFS3Swift-2017-10-30T14.06.19/tmp2aiC1G/bvscript-0f7d812758e35ab8e83775fa4407da12.log
2017-10-30 19:12:49.419632 INFO [sf_platform.core.artifacts._copy_artifact:1178] [MainProcess:MainThread] successfully stored artifact: /home/hnathani/vl_artifacts/TsBulkVolOperationsSFtoSFS3Swift-2017-10-30T14.06.19/tmp2aiC1G/bvscript-a657bf3173f7b9a4e034d9c1f1e580f7.log
2017-10-30 19:12:49.419876 DEBUG [sf_platform.core.artifacts._log_artifact:78] [MainProcess:MainThread] ARTIFACT STORED AT: /home/hnathani/vl_artifacts/TsBulkVolOperationsSFtoSFS3Swift-2017-10-30T14.06.19/tmp2aiC1G/bvscript-a657bf3173f7b9a4e034d9c1f1e580f7.log
2017-10-30 19:12:49.423212 INFO [sf_platform.core.artifacts._copy_artifact:1178] [MainProcess:MainThread] successfully stored artifact: /home/hnathani/vl_artifacts/TsBulkVolOperationsSFtoSFS3Swift-2017-10-30T14.06.19/tmp2aiC1G/bvscript-d9508fffcf0f57c22d647eba99700f42.log
2017-10-30 19:12:49.423445 DEBUG [sf_platform.core.artifacts._log_artifact:78] [MainProcess:MainThread] ARTIFACT STORED AT: /home/hnathani/vl_artifacts/TsBulkVolOperationsSFtoSFS3Swift-2017-10-30T14.06.19/tmp2aiC1G/bvscript-d9508fffcf0f57c22d647eba99700f42.log
2017-10-30 19:12:49.426958 INFO [sf_platform.core.artifacts._copy_artifact:1178] [MainProcess:MainThread] successfully stored artifact: /home/hnathani/vl_artifacts/TsBulkVolOperationsSFtoSFS3Swift-2017-10-30T14.06.19/tmp2aiC1G/bvscript-722440b84cf36caf8c6c10aee5ede7e3.log
2017-10-30 19:12:49.427203 DEBUG [sf_platform.core.artifacts._log_artifact:78] [MainProcess:MainThread] ARTIFACT STORED AT: /home/hnathani/vl_artifacts/TsBulkVolOperationsSFtoSFS3Swift-2017-10-30T14.06.19/tmp2aiC1G/bvscript-722440b84cf36caf8c6c10aee5ede7e3.log
2017-10-30 19:12:49.427544 INFO [sf_platform.core.artifacts._copy_artifact:1178] [MainProcess:MainThread] successfully stored artifact: /home/hnathani/vl_artifacts/TsBulkVolOperationsSFtoSFS3Swift-2017-10-30T14.06.19/tmp2aiC1G/bvscript-c1e2f66d2e7dbd2216f9c6b700186a96.log
2017-10-30 19:12:49.427753 DEBUG [sf_platform.core.artifacts._log_artifact:78] [MainProcess:MainThread] ARTIFACT STORED AT: /home/hnathani/vl_artifacts/TsBulkVolOperationsSFtoSFS3Swift-2017-10-30T14.06.19/tmp2aiC1G/bvscript-c1e2f66d2e7dbd2216f9c6b700186a96.log
2017-10-30 19:12:49.428085 INFO [sf_platform.core.artifacts._copy_artifact:1178] [MainProcess:MainThread] successfully stored artifact: /home/hnathani/vl_artifacts/TsBulkVolOperationsSFtoSFS3Swift-2017-10-30T14.06.19/tmp2aiC1G/bvscript-1122e882c8bb06aa3d0778b0a6e34fec.log
2017-10-30 19:12:49.428292 DEBUG [sf_platform.core.artifacts._log_artifact:78] [MainProcess:MainThread] ARTIFACT STORED AT: /home/hnathani/vl_artifacts/TsBulkVolOperationsSFtoSFS3Swift-2017-10-30T14.06.19/tmp2aiC1G/bvscript-1122e882c8bb06aa3d0778b0a6e34fec.log
2017-10-30 19:12:49.428651 INFO [sf_platform.core.artifacts._copy_artifact:1178] [MainProcess:MainThread] successfully stored artifact: /home/hnathani/vl_artifacts/TsBulkVolOperationsSFtoSFS3Swift-2017-10-30T14.06.19/tmp2aiC1G/bvscript-226bf6c5809ddbf0f31bf02d9d1d7d73.log
2017-10-30 19:12:49.428856 DEBUG [sf_platform.core.artifacts._log_artifact:78] [MainProcess:MainThread] ARTIFACT STORED AT: /home/hnathani/vl_artifacts/TsBulkVolOperationsSFtoSFS3Swift-2017-10-30T14.06.19/tmp2aiC1G/bvscript-226bf6c5809ddbf0f31bf02d9d1d7d73.log
2017-10-30 19:12:49.432082 INFO [sf_platform.core.artifacts._copy_artifact:1178] [MainProcess:MainThread] successfully stored artifact: /home/hnathani/vl_artifacts/TsBulkVolOperationsSFtoSFS3Swift-2017-10-30T14.06.19/tmp2aiC1G/bvscript-aeaf2e40525a30ceae7c36ce9c34cab0.log
2017-10-30 19:12:49.432303 DEBUG [sf_platform.core.artifacts._log_artifact:78] [MainProcess:MainThread] ARTIFACT STORED AT: /home/hnathani/vl_artifacts/TsBulkVolOperationsSFtoSFS3Swift-2017-10-30T14.06.19/tmp2aiC1G/bvscript-aeaf2e40525a30ceae7c36ce9c34cab0.log
2017-10-30 19:12:49.435635 INFO [sf_platform.core.artifacts._copy_artifact:1178] [MainProcess:MainThread] successfully stored artifact: /home/hnathani/vl_artifacts/TsBulkVolOperationsSFtoSFS3Swift-2017-10-30T14.06.19/tmp2aiC1G/bvscript-8c613ebffc34d830035688e6d47e786b.log
2017-10-30 19:12:49.435859 DEBUG [sf_platform.core.artifacts._log_artifact:78] [MainProcess:MainThread] ARTIFACT STORED AT: /home/hnathani/vl_artifacts/TsBulkVolOperationsSFtoSFS3Swift-2017-10-30T14.06.19/tmp2aiC1G/bvscript-8c613ebffc34d830035688e6d47e786b.log
2017-10-30 19:12:49.436187 INFO [sf_platform.core.artifacts._copy_artifact:1178] [MainProcess:MainThread] successfully stored artifact: /home/hnathani/vl_artifacts/TsBulkVolOperationsSFtoSFS3Swift-2017-10-30T14.06.19/tmp2aiC1G/bvscript-d355cebc9abeae1d71a56d75eaf817e8.log
2017-10-30 19:12:49.436410 DEBUG [sf_platform.core.artifacts._log_artifact:78] [MainProcess:MainThread] ARTIFACT STORED AT: /home/hnathani/vl_artifacts/TsBulkVolOperationsSFtoSFS3Swift-2017-10-30T14.06.19/tmp2aiC1G/bvscript-d355cebc9abeae1d71a56d75eaf817e8.log
2017-10-30 19:12:49.436731 INFO [sf_platform.core.artifacts._copy_artifact:1178] [MainProcess:MainThread] successfully stored artifact: /home/hnathani/vl_artifacts/TsBulkVolOperationsSFtoSFS3Swift-2017-10-30T14.06.19/tmp2aiC1G/bvscript-87e4e1ebce33049d1de712793f475862.log
2017-10-30 19:12:49.436928 DEBUG [sf_platform.core.artifacts._log_artifact:78] [MainProcess:MainThread] ARTIFACT STORED AT: /home/hnathani/vl_artifacts/TsBulkVolOperationsSFtoSFS3Swift-2017-10-30T14.06.19/tmp2aiC1G/bvscript-87e4e1ebce33049d1de712793f475862.log
2017-10-30 19:12:49.440109 INFO [sf_platform.core.artifacts._copy_artifact:1178] [MainProcess:MainThread] successfully stored artifact: /home/hnathani/vl_artifacts/TsBulkVolOperationsSFtoSFS3Swift-2017-10-30T14.06.19/tmp2aiC1G/bvscript-a227848adba09965a01cdc030bb5f856.log
2017-10-30 19:12:49.440329 DEBUG [sf_platform.core.artifacts._log_artifact:78] [MainProcess:MainThread] ARTIFACT STORED AT: /home/hnathani/vl_artifacts/TsBulkVolOperationsSFtoSFS3Swift-2017-10-30T14.06.19/tmp2aiC1G/bvscript-a227848adba09965a01cdc030bb5f856.log
2017-10-30 19:12:49.443689 INFO [sf_platform.core.artifacts._copy_artifact:1178] [MainProcess:MainThread] successfully stored artifact: /home/hnathani/vl_artifacts/TsBulkVolOperationsSFtoSFS3Swift-2017-10-30T14.06.19/tmp2aiC1G/bvscript-291cceb3a3871f6e09dbe1ae1a45ee3b.log
2017-10-30 19:12:49.443934 DEBUG [sf_platform.core.artifacts._log_artifact:78] [MainProcess:MainThread] ARTIFACT STORED AT: /home/hnathani/vl_artifacts/TsBulkVolOperationsSFtoSFS3Swift-2017-10-30T14.06.19/tmp2aiC1G/bvscript-291cceb3a3871f6e09dbe1ae1a45ee3b.log
2017-10-30 19:12:49.444256 INFO [sf_platform.core.artifacts._copy_artifact:1178] [MainProcess:MainThread] successfully stored artifact: /home/hnathani/vl_artifacts/TsBulkVolOperationsSFtoSFS3Swift-2017-10-30T14.06.19/tmp2aiC1G/bvscript-09c743c79e1c283a04f16dbdf3fd793d.log
2017-10-30 19:12:49.444451 DEBUG [sf_platform.core.artifacts._log_artifact:78] [MainProcess:MainThread] ARTIFACT STORED AT: /home/hnathani/vl_artifacts/TsBulkVolOperationsSFtoSFS3Swift-2017-10-30T14.06.19/tmp2aiC1G/bvscript-09c743c79e1c283a04f16dbdf3fd793d.log
2017-10-30 19:12:49.447644 INFO [sf_platform.core.artifacts._copy_artifact:1178] [MainProcess:MainThread] successfully stored artifact: /home/hnathani/vl_artifacts/TsBulkVolOperationsSFtoSFS3Swift-2017-10-30T14.06.19/tmp2aiC1G/bvscript-4d1cf70e65267d51cefb6c63a7ff36e3.log
2017-10-30 19:12:49.447860 DEBUG [sf_platform.core.artifacts._log_artifact:78] [MainProcess:MainThread] ARTIFACT STORED AT: /home/hnathani/vl_artifacts/TsBulkVolOperationsSFtoSFS3Swift-2017-10-30T14.06.19/tmp2aiC1G/bvscript-4d1cf70e65267d51cefb6c63a7ff36e3.log
2017-10-30 19:12:49.448169 INFO [sf_platform.core.artifacts._copy_artifact:1178] [MainProcess:MainThread] successfully stored artifact: /home/hnathani/vl_artifacts/TsBulkVolOperationsSFtoSFS3Swift-2017-10-30T14.06.19/tmp2aiC1G/bvscript-c0e36f1d6b8de7f697909ebb1f4b92c0.log
2017-10-30 19:12:49.448358 DEBUG [sf_platform.core.artifacts._log_artifact:78] [MainProcess:MainThread] ARTIFACT STORED AT: /home/hnathani/vl_artifacts/TsBulkVolOperationsSFtoSFS3Swift-2017-10-30T14.06.19/tmp2aiC1G/bvscript-c0e36f1d6b8de7f697909ebb1f4b92c0.log
2017-10-30 19:12:49.448648 INFO [sf_platform.core.artifacts._copy_artifact:1178] [MainProcess:MainThread] successfully stored artifact: /home/hnathani/vl_artifacts/TsBulkVolOperationsSFtoSFS3Swift-2017-10-30T14.06.19/tmp2aiC1G/bvscript-f14c0521901757a96c7f3544f85e1d62.log
2017-10-30 19:12:49.448837 DEBUG [sf_platform.core.artifacts._log_artifact:78] [MainProcess:MainThread] ARTIFACT STORED AT: /home/hnathani/vl_artifacts/TsBulkVolOperationsSFtoSFS3Swift-2017-10-30T14.06.19/tmp2aiC1G/bvscript-f14c0521901757a96c7f3544f85e1d62.log
2017-10-30 19:12:49.449030 INFO [sf_platform.core.at2.AT2Integration.store_artifacts:191] [MainProcess:MainThread] Artifacts stored and registered: ['bvscript-ef6a5af2c0f879c12f5e204eafecb011.log', 'bvscript-594ab3300c7d6be4dddba17bf6757618.log', 'bvscript-ecbebcdba1f132bb0f05f0f5761f192b.log', 'bvscript-33e4df5843954cf0a195bd14ba246b5d.log', 'bvscript-b2180a308ff144cf9fd891de414ca049.log', 'bvscript-0f7d812758e35ab8e83775fa4407da12.log', 'bvscript-a657bf3173f7b9a4e034d9c1f1e580f7.log', 'bvscript-d9508fffcf0f57c22d647eba99700f42.log', 'bvscript-722440b84cf36caf8c6c10aee5ede7e3.log', 'bvscript-c1e2f66d2e7dbd2216f9c6b700186a96.log', 'bvscript-1122e882c8bb06aa3d0778b0a6e34fec.log', 'bvscript-226bf6c5809ddbf0f31bf02d9d1d7d73.log', 'bvscript-aeaf2e40525a30ceae7c36ce9c34cab0.log', 'bvscript-8c613ebffc34d830035688e6d47e786b.log', 'bvscript-d355cebc9abeae1d71a56d75eaf817e8.log', 'bvscript-87e4e1ebce33049d1de712793f475862.log', 'bvscript-a227848adba09965a01cdc030bb5f856.log', 'bvscript-291cceb3a3871f6e09dbe1ae1a45ee3b.log', 'bvscript-09c743c79e1c283a04f16dbdf3fd793d.log', 'bvscript-4d1cf70e65267d51cefb6c63a7ff36e3.log', 'bvscript-c0e36f1d6b8de7f697909ebb1f4b92c0.log', 'bvscript-f14c0521901757a96c7f3544f85e1d62.log']
2017-10-30 19:12:49.455629 DEBUG [sf_platform.core.ssh.ssh.__init__:148] [MainProcess:MainThread] SSH to Host: 10.117.64.23 with Username: None and Password: None
2017-10-30 19:12:49.456981 DEBUG [sf_platform.core.retry_handlers.retry_wrapper:624] [MainProcess:MainThread] CallContext 54: UUID=54-51e983ee-bda6-11e7-89b9-6c0b84e27010, function=_init_client, call_stack=[/home/hnathani/repos/suites_refresh/nathaniel/nathaniel-sr-autoplatform/sf_platform/core/ssh/ssh.py:__init__:156, from /home/hnathani/repos/suites_refresh/nathaniel/nathaniel-sr-autotest-content/steps/AutotestVolume.py:pull_bulk_volume_logs:3462, from /home/hnathani/repos/suites_refresh/nathaniel/nathaniel-sr-autotest-content/tests/bulk_volume/cases/bulk_volume_operations.py:bv_remote_transfer:650, from /home/hnathani/repos/suites_refresh/nathaniel/nathaniel-sr-autotest-content/tests/bulk_volume/cases/bulk_volume_operations.py:backup_restore_verify_S3:494, from /home/hnathani/repos/suites_refresh/nathaniel/nathaniel-sr-autotest-content/tests/bulk_volume/cases/bulk_volume_operations.py:parallel_backup_restore_verify_all:339]
2017-10-30 19:12:50.862039 DEBUG [sf_platform.core.ssh.ssh._setup_auth_methods_list:216] [MainProcess:MainThread] No element found in SSH banner
2017-10-30 19:12:50.862618 DEBUG [sf_platform.core.ssh.ssh._setup_auth_methods_list:219] [MainProcess:MainThread] Allowed auth methods: [u'publickey', u'password']
2017-10-30 19:12:51.601723 DEBUG [sf_platform.core.ssh.auth.auth:77] [MainProcess:MainThread] Trying Direct SSH to host: 10.117.64.23 with username: root and password: solidfire
2017-10-30 19:12:54.270256 ERROR [sf_platform.core.ssh.auth.auth:83] [MainProcess:MainThread] Authentication to 10.117.64.23 with username root and password solidfire Failed. ERROR: Authentication failed.
2017-10-30 19:12:55.159118 DEBUG [sf_platform.core.ssh.auth.auth:77] [MainProcess:MainThread] Trying Direct SSH to host: 10.117.64.23 with username: root and password: SolidF1r3
2017-10-30 19:12:57.563462 ERROR [sf_platform.core.ssh.auth.auth:83] [MainProcess:MainThread] Authentication to 10.117.64.23 with username root and password SolidF1r3 Failed. ERROR: Authentication failed.
2017-10-30 19:12:58.451935 DEBUG [sf_platform.core.ssh.auth.auth:77] [MainProcess:MainThread] Trying Direct SSH to host: 10.117.64.23 with username: sfadmin and password: OldSaltyD0g
2017-10-30 19:13:01.257195 ERROR [sf_platform.core.ssh.auth.auth:83] [MainProcess:MainThread] Authentication to 10.117.64.23 with username sfadmin and password OldSaltyD0g Failed. ERROR: Authentication failed.
2017-10-30 19:13:02.146083 DEBUG [sf_platform.core.ssh.auth.auth:77] [MainProcess:MainThread] Trying Direct SSH to host: 10.117.64.23 with username: root and password: OldSaltyD0g
2017-10-30 19:13:04.814560 ERROR [sf_platform.core.ssh.auth.auth:83] [MainProcess:MainThread] Authentication to 10.117.64.23 with username root and password OldSaltyD0g Failed. ERROR: Authentication failed.
2017-10-30 19:13:05.704603 DEBUG [sf_platform.core.ssh.auth.auth:77] [MainProcess:MainThread] Trying Direct SSH to host: 10.117.64.23 with username: sfadmin and password: v3gasL1ghtGas
2017-10-30 19:13:06.237493 DEBUG [sf_platform.core.ssh.auth.auth:87] [MainProcess:MainThread] Authentication to 10.117.64.23 with username sfadmin and password v3gasL1ghtGas is successful
2017-10-30 19:13:06.237904 DEBUG [sf_platform.core.ssh.clients.connect:154] [MainProcess:MainThread] Auth successful, type=password
2017-10-30 19:13:06.243758 DEBUG [sf_platform.core.ssh.ssh._init_client:278] [MainProcess:MainThread] SSH connection is using the following ciphers: None
2017-10-30 19:13:06.244054 DEBUG [sf_platform.core.retry_handlers.retry_wrapper:636] [MainProcess:MainThread] CallContext 54 SUCCEEDED.
2017-10-30 19:13:06.244312 DEBUG [sf_platform.core.ssh.ssh.run_command_safe:389] [MainProcess:MainThread] Paramiko is using ciphers: ('arcfour128', 'aes128-ctr')
2017-10-30 19:13:06.244526 DEBUG [sf_platform.core.ssh.ssh.run_command_safe:390] [MainProcess:MainThread] Running cmd: rf -f /sf/bvscript-09c743c79e1c283a04f16dbdf3fd793d.log /sf/bvscript-0f7d812758e35ab8e83775fa4407da12.log /sf/bvscript-1122e882c8bb06aa3d0778b0a6e34fec.log /sf/bvscript-226bf6c5809ddbf0f31bf02d9d1d7d73.log /sf/bvscript-291cceb3a3871f6e09dbe1ae1a45ee3b.log /sf/bvscript-33e4df5843954cf0a195bd14ba246b5d.log /sf/bvscript-4d1cf70e65267d51cefb6c63a7ff36e3.log /sf/bvscript-594ab3300c7d6be4dddba17bf6757618.log /sf/bvscript-722440b84cf36caf8c6c10aee5ede7e3.log /sf/bvscript-87e4e1ebce33049d1de712793f475862.log /sf/bvscript-8c613ebffc34d830035688e6d47e786b.log /sf/bvscript-a227848adba09965a01cdc030bb5f856.log /sf/bvscript-a657bf3173f7b9a4e034d9c1f1e580f7.log /sf/bvscript-aeaf2e40525a30ceae7c36ce9c34cab0.log /sf/bvscript-b2180a308ff144cf9fd891de414ca049.log /sf/bvscript-c0e36f1d6b8de7f697909ebb1f4b92c0.log /sf/bvscript-c1e2f66d2e7dbd2216f9c6b700186a96.log /sf/bvscript-d355cebc9abeae1d71a56d75eaf817e8.log /sf/bvscript-d9508fffcf0f57c22d647eba99700f42.log /sf/bvscript-ecbebcdba1f132bb0f05f0f5761f192b.log on Host: 10.117.64.23
2017-10-30 19:13:06.244772 DEBUG [sf_platform.core.ssh.ssh.run_command_safe:391] [MainProcess:MainThread] Timeout: 600 Timeout Type SSHTimeout.clock
2017-10-30 19:13:06.245978 DEBUG [sf_platform.core.ssh.ssh.run_command_safe:396] [MainProcess:MainThread] SSH called from: pull_bulk_volume_logs
2017-10-30 19:13:07.725768 DEBUG [sf_platform.core.ssh.ssh.run_command_safe:455] [MainProcess:MainThread] [10.117.64.23] return code: 1
2017-10-30 19:13:07.726120 DEBUG [sf_platform.core.ssh.ssh.run_command_safe:457] [MainProcess:MainThread] [10.117.64.23] stdout: 
2017-10-30 19:13:07.726344 DEBUG [sf_platform.core.ssh.ssh.run_command_safe:458] [MainProcess:MainThread] [10.117.64.23] stderr: sudo: rf: command not found

2017-10-30 19:13:07.726579 DEBUG [sf_platform.core.ssh.ssh.run_command_safe:389] [MainProcess:MainThread] Paramiko is using ciphers: ('arcfour128', 'aes128-ctr')
2017-10-30 19:13:07.726801 DEBUG [sf_platform.core.ssh.ssh.run_command_safe:390] [MainProcess:MainThread] Running cmd: rf -f /sf/bvscript-ef6a5af2c0f879c12f5e204eafecb011.log /sf/bvscript-f14c0521901757a96c7f3544f85e1d62.log on Host: 10.117.64.23
2017-10-30 19:13:07.727015 DEBUG [sf_platform.core.ssh.ssh.run_command_safe:391] [MainProcess:MainThread] Timeout: 600 Timeout Type SSHTimeout.clock
2017-10-30 19:13:07.728172 DEBUG [sf_platform.core.ssh.ssh.run_command_safe:396] [MainProcess:MainThread] SSH called from: pull_bulk_volume_logs
2017-10-30 19:13:08.305614 DEBUG [sf_platform.core.ssh.ssh.run_command_safe:455] [MainProcess:MainThread] [10.117.64.23] return code: 1
2017-10-30 19:13:08.305988 DEBUG [sf_platform.core.ssh.ssh.run_command_safe:457] [MainProcess:MainThread] [10.117.64.23] stdout: 
2017-10-30 19:13:08.306221 DEBUG [sf_platform.core.ssh.ssh.run_command_safe:458] [MainProcess:MainThread] [10.117.64.23] stderr: sudo: rf: command not found

2017-10-30 19:13:08.306449 DEBUG [sf_platform.core.ssh.ssh.close:649] [MainProcess:MainThread] Closing SSH Connection with Host: 10.117.64.23
2017-10-30 19:13:08.420505 INFO [tests.bulk_volume.cases.bulk_volume_operations.backup_restore_verify_S3:496] [MainProcess:MainThread] Domestic S3: Restore completed with the following settings: data format=native, use snapshots=True
2017-10-30 19:13:18.431029 INFO [tests.bulk_volume.cases.bulk_volume_operations.backup_restore_verify_S3:502] [MainProcess:MainThread] Domestic S3: Validate checksum of source and target volume after backup/restore with the following settings: data format=native, use snapshots=True
2017-10-30 19:13:18.433082 DEBUG [sf_platform.core.retry_handlers.retry_wrapper:624] [MainProcess:MainThread] CallContext 55: UUID=55-632ee932-bda6-11e7-89b9-6c0b84e27010, function=call_cluster_api, call_stack=[/home/hnathani/repos/suites_refresh/nathaniel/nathaniel-sr-autoplatform/sf_platform/cluster_api.py:compute_volume_checksum:4707, from /home/hnathani/repos/suites_refresh/nathaniel/nathaniel-sr-autotest-content/steps/AutotestVolume.py:compute_volume_checksums:1620, from /home/hnathani/repos/suites_refresh/nathaniel/nathaniel-sr-autotest-content/tests/bulk_volume/cases/bulk_volume_operations.py:validate_checksums:681, from /home/hnathani/repos/suites_refresh/nathaniel/nathaniel-sr-autotest-content/tests/bulk_volume/cases/bulk_volume_operations.py:backup_restore_verify_S3:505, from /home/hnathani/repos/suites_refresh/nathaniel/nathaniel-sr-autotest-content/tests/bulk_volume/cases/bulk_volume_operations.py:parallel_backup_restore_verify_all:339]
2017-10-30 19:13:18.433529 DEBUG [autologger.main.log:241] [MainProcess:MainThread] JSON-RPC-POST: method=ComputeVolumeChecksum, url=https://10.117.78.245/json-rpc/10.0, id=48
2017-10-30 19:13:18.433894 DEBUG [autologger.main.log:241] [MainProcess:MainThread] Sending HTTP POST request to server_url: https://10.117.78.245/json-rpc/10.0; {"params": {"snapshotID": 0, "volumeID": 203}, "method": "ComputeVolumeChecksum", "id": 48}.
2017-10-30 19:13:19.167440 DEBUG [autologger.main.log:241] [MainProcess:MainThread] JSON-RPC-POST response: {"id": 48, "result": {"checksums": {"5": "0x0"}}}
2017-10-30 19:13:19.167869 DEBUG [sf_platform.core.retry_handlers.retry_wrapper:636] [MainProcess:MainThread] CallContext 55 SUCCEEDED.
2017-10-30 19:13:19.168173 INFO [valence.camelot.case._log_step:218] [MainProcess:MainThread] 

---------------------------------------------------------------------------------------------------------
Starting Step 3 for TcBulkVolSFtoSFS3Swift: Checksum value: {203: {u'5': u'0x0'}}
Expect: Pass
---------------------------------------------------------------------------------------------------------

2017-10-30 19:13:19.169840 DEBUG [sf_platform.core.retry_handlers.retry_wrapper:624] [MainProcess:MainThread] CallContext 56: UUID=56-632ee933-bda6-11e7-89b9-6c0b84e27010, function=call_cluster_api, call_stack=[/home/hnathani/repos/suites_refresh/nathaniel/nathaniel-sr-autoplatform/sf_platform/cluster_api.py:compute_volume_checksum:4707, from /home/hnathani/repos/suites_refresh/nathaniel/nathaniel-sr-autotest-content/steps/AutotestVolume.py:compute_volume_checksums:1620, from /home/hnathani/repos/suites_refresh/nathaniel/nathaniel-sr-autotest-content/tests/bulk_volume/cases/bulk_volume_operations.py:validate_checksums:681, from /home/hnathani/repos/suites_refresh/nathaniel/nathaniel-sr-autotest-content/tests/bulk_volume/cases/bulk_volume_operations.py:backup_restore_verify_S3:505, from /home/hnathani/repos/suites_refresh/nathaniel/nathaniel-sr-autotest-content/tests/bulk_volume/cases/bulk_volume_operations.py:parallel_backup_restore_verify_all:339]
2017-10-30 19:13:19.170242 DEBUG [autologger.main.log:241] [MainProcess:MainThread] JSON-RPC-POST: method=ComputeVolumeChecksum, url=https://10.117.78.245/json-rpc/10.0, id=49
2017-10-30 19:13:19.170546 DEBUG [autologger.main.log:241] [MainProcess:MainThread] Sending HTTP POST request to server_url: https://10.117.78.245/json-rpc/10.0; {"params": {"snapshotID": 0, "volumeID": 204}, "method": "ComputeVolumeChecksum", "id": 49}.
2017-10-30 19:13:19.903705 DEBUG [autologger.main.log:241] [MainProcess:MainThread] JSON-RPC-POST response: {"id": 49, "result": {"checksums": {"5": "0x0"}}}
2017-10-30 19:13:19.904150 DEBUG [sf_platform.core.retry_handlers.retry_wrapper:636] [MainProcess:MainThread] CallContext 56 SUCCEEDED.
2017-10-30 19:13:19.904449 INFO [valence.camelot.case._log_step:218] [MainProcess:MainThread] 

---------------------------------------------------------------------------------------------------------
Starting Step 4 for TcBulkVolSFtoSFS3Swift: Checksum value: {204: {u'5': u'0x0'}}
Expect: Pass
---------------------------------------------------------------------------------------------------------

2017-10-30 19:13:19.904731 DEBUG [sf_platform.core.GenericThreading.start:335] [MainProcess:MainThread] Starting execution of ThreadPool workers
2017-10-30 19:13:19.910450 DEBUG [sf_platform.core.retry_handlers.retry_wrapper:624] [MainProcess:Thread-49] CallContext 57: UUID=57-64105264-bda6-11e7-89b9-6c0b84e27010, function=call_cluster_api, call_stack=[/home/hnathani/repos/suites_refresh/nathaniel/nathaniel-sr-autoplatform/sf_platform/cluster_api.py:compute_volume_checksum:4707, from /home/hnathani/repos/suites_refresh/nathaniel/nathaniel-sr-autotest-content/steps/AutotestVolume.py:compute_volume_checksums:1620, from /home/hnathani/repos/suites_refresh/nathaniel/nathaniel-sr-autoplatform/sf_platform/core/GenericThreading.py:run:223, from /home/hnathani/repos/suites_refresh/nathaniel/nathaniel-sr-autoplatform/sf_platform/core/GenericThreading.py:_worker_thread:312, from /usr/lib/python2.7/threading.py:run:754]
2017-10-30 19:13:19.910878 DEBUG [sf_platform.core.retry_handlers.retry_wrapper:624] [MainProcess:Thread-50] CallContext 58: UUID=58-641066d2-bda6-11e7-89b9-6c0b84e27010, function=call_cluster_api, call_stack=[/home/hnathani/repos/suites_refresh/nathaniel/nathaniel-sr-autoplatform/sf_platform/cluster_api.py:compute_volume_checksum:4707, from /home/hnathani/repos/suites_refresh/nathaniel/nathaniel-sr-autotest-content/steps/AutotestVolume.py:compute_volume_checksums:1620, from /home/hnathani/repos/suites_refresh/nathaniel/nathaniel-sr-autoplatform/sf_platform/core/GenericThreading.py:run:223, from /home/hnathani/repos/suites_refresh/nathaniel/nathaniel-sr-autoplatform/sf_platform/core/GenericThreading.py:_worker_thread:312, from /usr/lib/python2.7/threading.py:run:754]
2017-10-30 19:13:19.911302 DEBUG [autologger.main.log:241] [MainProcess:Thread-49] JSON-RPC-POST: method=ComputeVolumeChecksum, url=https://10.117.78.245/json-rpc/10.0, id=50
2017-10-30 19:13:19.911724 DEBUG [autologger.main.log:241] [MainProcess:Thread-50] JSON-RPC-POST: method=ComputeVolumeChecksum, url=https://10.117.78.245/json-rpc/10.0, id=51
2017-10-30 19:13:19.912087 DEBUG [autologger.main.log:241] [MainProcess:Thread-49] Sending HTTP POST request to server_url: https://10.117.78.245/json-rpc/10.0; {"params": {"snapshotID": 0, "volumeID": 203}, "method": "ComputeVolumeChecksum", "id": 50}.
2017-10-30 19:13:19.912444 DEBUG [autologger.main.log:241] [MainProcess:Thread-50] Sending HTTP POST request to server_url: https://10.117.78.245/json-rpc/10.0; {"params": {"snapshotID": 0, "volumeID": 204}, "method": "ComputeVolumeChecksum", "id": 51}.
2017-10-30 19:13:20.645560 DEBUG [autologger.main.log:241] [MainProcess:Thread-49] JSON-RPC-POST response: {"id": 50, "result": {"checksums": {"5": "0x0"}}}
2017-10-30 19:13:20.645854 DEBUG [sf_platform.core.retry_handlers.retry_wrapper:636] [MainProcess:Thread-49] CallContext 57 SUCCEEDED.
2017-10-30 19:13:20.679843 DEBUG [autologger.main.log:241] [MainProcess:Thread-50] JSON-RPC-POST response: {"id": 51, "result": {"checksums": {"5": "0x0"}}}
2017-10-30 19:13:20.680155 DEBUG [sf_platform.core.retry_handlers.retry_wrapper:636] [MainProcess:Thread-50] CallContext 58 SUCCEEDED.
2017-10-30 19:13:20.710053 DEBUG [sf_platform.core.GenericThreading.start:335] [MainProcess:MainThread] Starting execution of ThreadPool workers
2017-10-30 19:13:20.711218 DEBUG [steps.AutotestVolume.validate_volume_checksums:4175] [MainProcess:MainThread] checking 203: {u'5': u'0x0'}
2017-10-30 19:13:20.711424 DEBUG [steps.AutotestVolume.validate_volume_checksums:4175] [MainProcess:MainThread] checking 204: {u'5': u'0x0'}
2017-10-30 19:13:20.711597 INFO [steps.AutotestVolume.validate_volume_checksums:4183] [MainProcess:MainThread] Checksums: set([u'0x0'])
2017-10-30 19:13:20.711784 INFO [valence.camelot.case._internal_post_test_assertions:307] [MainProcess:MainThread] Test Case 0: Starting Post-test Assertions of TcBulkVolSFtoSFS3Swift
2017-10-30 19:13:20.711955 INFO [valence.camelot.case._internal_teardown:338] [MainProcess:MainThread] 

=========================================================================================================
Test Case 0: Starting Teardown of TcBulkVolSFtoSFS3Swift
=========================================================================================================

2017-10-30 19:13:20.713122 DEBUG [sf_platform.core.retry_handlers.retry_wrapper:624] [MainProcess:MainThread] CallContext 59: UUID=59-648ad3d6-bda6-11e7-89b9-6c0b84e27010, function=call_readonly_cluster_api, call_stack=[/home/hnathani/repos/suites_refresh/nathaniel/nathaniel-sr-autoplatform/sf_platform/cluster_api.py:get_api:852, from /home/hnathani/repos/suites_refresh/nathaniel/nathaniel-sr-autoplatform/sf_platform/api/ApiVolume.py:delete_volumes:1178, from /home/hnathani/repos/suites_refresh/nathaniel/nathaniel-sr-autotest-content/steps/AutotestVolume.py:delete_volumes:1982, from /home/hnathani/repos/suites_refresh/nathaniel/nathaniel-sr-autotest-content/tests/bulk_volume/cases/bulk_volume_operations.py:_teardown:692, from /home/hnathani/repos/suites_refresh/nathaniel/nathaniel-sr-autoplatform/valence_repo/valence/camelot/case.py:_internal_teardown:339]
2017-10-30 19:13:20.713404 DEBUG [autologger.main.log:241] [MainProcess:MainThread] JSON-RPC-POST: method=GetAPI, url=https://10.117.78.245/json-rpc/10.0, id=52
2017-10-30 19:13:20.713644 DEBUG [autologger.main.log:241] [MainProcess:MainThread] Sending HTTP POST request to server_url: https://10.117.78.245/json-rpc/10.0; {"params": {"__includeSecretMethods": true}, "method": "GetAPI", "id": 52}.
2017-10-30 19:13:21.446965 DEBUG [autologger.main.log:241] [MainProcess:MainThread] JSON-RPC-POST response: {"id": 52, "result": {"supportedVersions": ["1.0", "2.0", "3.0", "4.0", "5.0", "5.1", "6.0", "7.0", "7.1", "7.2", "7.3", "7.4", "8.0", "8.1", "8.2", "8.3", "8.4", "8.5", "8.6", "8.7", "9.0", "9.1", "9.2", "9.3", "10.0"], "10.0": ["APIWriteBlock", "AddAccount", "AddBlockToBS", "AddClusterAdmin", "AddDrives", "AddInitiatorsToVolumeAccessGroup", "AddLdapClusterAdmin", "AddLocalAdmin", "AddNodes", "AddVirtualNetwork", "AddVlanDevice", "AddVolumesToVolumeAccessGroup", "AptClearCache", "AptInstall", "AptPurgeOldKernels", "AptSearch", "AptUpdate", "AptUpgrade", "BDTPipeline", "BindVirtualVolumes", "BreakSnapMirrorVolume", "CancelClone", "CancelGroupClone", "CancelVirtualVolumeTask", "CheckBlock", "ClearClusterFaults", "CloneMultipleVolumes", "CloneVirtualVolume", "CloneVolume", "CloneVolumeFromDead", "ComparePlatformConfig", "CompleteClusterPairing", "CompleteVolumePairing", "ComputeVolumeChecksum", "CopyDiffsToVirtualVolume", "CopyVolume", "CopyVolumeToSnapshot", "CreateBackupTarget", "CreateClusterSupportBundle", "CreateDatabaseEntry", "CreateGroupSnapshot", "CreateInitiators", "CreateMultipleVolumes", "CreateQoSPolicy", "CreateSchedule", "CreateSnapMirrorEndpoint", "CreateSnapshot", "CreateStorageContainer", "CreateSupportBundle", "CreateVirtualVolume", "CreateVirtualVolumeHost", "CreateVolume", "CreateVolumeAccessGroup", "DebPkgGetControlInfo", "DeleteAllSupportBundles", "DeleteDatabaseEntry", "DeleteDownloads", "DeleteGroupSnapshot", "DeleteInitiators", "DeleteQoSPolicy", "DeleteSnapMirrorEndpoints", "DeleteSnapshot", "DeleteStorageContainers", "DeleteVirtualVolumeHosts", "DeleteVirtualVolumes", "DeleteVolume", "DeleteVolumeAccessGroup", "DeleteVolumes", "DemoteClusterMaster", "DisableBmcColdReset", "DisableEncryptionAtRest", "DisableLdapAuthentication", "DisableSnmp", "DisconnectISCSISessions", "Download", "EnableBmcColdReset", "EnableEncryptionAtRest", "EnableFeature", "EnableLdapAuthentication", "EnableSnmp", "FastCloneVirtualVolume", "FillSlice", "FindMismatchedSliceLBAs", "FinishUpgrade", "ForceRecycle", "ForceWholeFileSync", "GetAccountByID", "GetAccountByName", "GetAccountEfficiency", "GetAptSourceLinesFromPackage", "GetAptSourceLinesFromSystem", "GetAsyncResult", "GetBackupTarget", "GetBinAssignments", "GetClusterCapacity", "GetClusterConfig", "GetClusterFullThreshold", "GetClusterHardwareInfo", "GetClusterInfo", "GetClusterMasterNodeID", "GetClusterSettings", "GetClusterState", "GetClusterStats", "GetClusterVersionInfo", "GetCodeTimings", "GetCompleteStats", "GetConfig", "GetConnectivityReport", "GetConstants", "GetCurrentClusterAdmin", "GetDaemonStatus", "GetDatabaseEntry", "GetDebugOptions", "GetDefaultQoS", "GetDriveConfig", "GetDriveHardwareInfo", "GetDriveStats", "GetEncryptionAtRestInfo", "GetEnsembleConfig", "GetFeatureStatus", "GetFibreChannelVolumeAccessInfo", "GetFirewallRules", "GetGCStatus", "GetHardwareConfig", "GetHardwareInfo", "GetImmutableValues", "GetInterruptInfo", "GetIpmiConfig", "GetIpmiInfo", "GetLdapConfiguration", "GetLimits", "GetLocalAdmin", "GetLocalStats", "GetLoginBanner", "GetLoginSessionInfo", "GetNTPStatus", "GetNetworkConfig", "GetNetworkInterface", "GetNetworkInterfaceStats", "GetNetworkInterfaceStatus", "GetNodeConfig", "GetNodeConstants", "GetNodeHardwareInfo", "GetNodeSSLCertificate", "GetNodeStats", "GetNtpInfo", "GetNvramInfo", "GetOrigin", "GetPendingOperation", "GetPlatformConfig", "GetProcessInfo", "GetQoSPolicy", "GetRawHardwareInfo", "GetRawStats", "GetRemoteLoggingHosts", "GetReport", "GetRsyslogInfo", "GetRtfiGeneration", "GetRtfiGenerationNext", "GetSSLCertificate", "GetSchedule", "GetServiceManagerState", "GetServiceStatus", "GetSliceFileSizeReport", "GetSliceInfo", "GetSliceReserveUsedThresholdPct", "GetSnmpACL", "GetSnmpInfo", "GetSnmpState", "GetSnmpTrapInfo", "GetStartupFlags", "GetStorageContainerEfficiency", "GetSystemStatus", "GetTemporaryDBVersion", "GetThreadBacktraces", "GetTime", "GetTimezone", "GetTracingConfig", "GetVasaProviderInfo", "GetVersionInfo", "GetVirtualVolumeAllocatedBitmap", "GetVirtualVolumeCount", "GetVirtualVolumeTaskUpdate", "GetVirtualVolumeUnsharedBitmap", "GetVirtualVolumeUnsharedChunks", "GetVolumeAccessGroupEfficiency", "GetVolumeAccessGroupLunAssignments", "GetVolumeCount", "GetVolumeEfficiency", "GetVolumeSetEfficiency", "GetVolumeStats", "InstallCleanup", "InstallPlatformConfig", "InvokeSetVersion", "IsUpgradeInProgress", "KillProcesses", "ListAccounts", "ListActiveNodes", "ListActivePairedVolumes", "ListActiveVolumes", "ListAllNodes", "ListAptSourceLines", "ListAsyncResults", "ListBackupTargets", "ListBulkVolumeJobs", "ListClusterAdmins", "ListClusterFaults", "ListClusterPairs", "ListCoreFiles", "ListDatabaseChildren", "ListDatabaseChildrenData", "ListDeletedVolumes", "ListDownloads", "ListDriveHardware", "ListDriveStats", "ListDrives", "ListEvents", "ListFibreChannelPortInfo", "ListFibreChannelSessions", "ListGroupSnapshots", "ListISCSISessions", "ListInitiators", "ListMountedFileSystems", "ListNetworkInterfaces", "ListNetworkNamespaceInfo", "ListNodeFibreChannelPortInfo", "ListNodeStats", "ListPendingActiveNodes", "ListPendingNodes", "ListProtocolEndpoints", "ListQoSPolicies", "ListRepositories", "ListSchedules", "ListServices", "ListSliceBranchesByService", "ListSnapMirrorEndpoints", "ListSnapshots", "ListStorageContainers", "ListSyncJobs", "ListTests", "ListUtilities", "ListVirtualNetworks", "ListVirtualVolumeBindings", "ListVirtualVolumeHosts", "ListVirtualVolumeTasks", "ListVirtualVolumes", "ListVolumeAccessGroups", "ListVolumeStats", "ListVolumeStatsByAccount", "ListVolumeStatsByVirtualVolume", "ListVolumeStatsByVolume", "ListVolumeStatsByVolumeAccessGroup", "ListVolumes", "ListVolumesForAccount", "ModifyAccount", "ModifyBackupTarget", "ModifyClusterAdmin", "ModifyClusterFullThreshold", "ModifyGroupSnapshot", "ModifyInitiators", "ModifyQoSPolicy", "ModifySchedule", "ModifySliceReserveUsedThresholdPct", "ModifySnapMirrorEndpoint", "ModifySnapshot", "ModifyStorageContainer", "ModifyVasaProviderInfo", "ModifyVirtualNetwork", "ModifyVirtualVolume", "ModifyVirtualVolumeHost", "ModifyVirtualVolumeMetadata", "ModifyVlanDevice", "ModifyVolume", "ModifyVolumeAccessGroup", "ModifyVolumeAccessGroupLunAssignments", "ModifyVolumePair", "ModifyVolumes", "MovePrimariesAwayFromNode", "NotifyIntentToRestart", "PrepareVirtualSnapshot", "PurgeAllDeletedVolumes", "PurgeDeletedVolume", "PurgeDeletedVolumes", "QueryVirtualVolumeMetadata", "ReadLink", "ReadSliceLBA", "ReadSliceLBAChecksum", "ReassignSlice", "RebalanceSlices", "RebootNode", "ReconfigureEnsemble", "RegenerateClusterUuid", "ReleaseFreeMemory", "RemoveAccount", "RemoveBackupTarget", "RemoveBlockFromBS", "RemoveClusterAdmin", "RemoveClusterPair", "RemoveCoreFiles", "RemoveDrives", "RemoveInitiatorsFromVolumeAccessGroup", "RemoveNodeSSLCertificate", "RemoveNodes", "RemoveSSLCertificate", "RemoveVirtualNetwork", "RemoveVlanDevice", "RemoveVolumePair", "RemoveVolumesFromVolumeAccessGroup", "RenameNetworkInterfaces", "ResetConstants", "ResetDrives", "ResetNode", "ResetNodeConstants", "RestartNetworking", "RestartServices", "RestoreDeletedVolume", "RollbackToGroupSnapshot", "RollbackToSnapshot", "RollbackVirtualVolume", "RotateLogs", "SecureEraseDrives", "SetAptSourceLines", "SetClusterConfig", "SetClusterFullThresholds", "SetClusterSettings", "SetConfig", "SetConstants", "SetDaemonStatus", "SetDatabaseEntry", "SetDebugOptions", "SetDefaultQoS", "SetInitiatorID", "SetLoginBanner", "SetLoginSessionInfo", "SetNetworkConfig", "SetNetworkInterfaceStatus", "SetNodeConstants", "SetNodeSSLCertificate", "SetNtpInfo", "SetPlatformConfig", "SetRemoteLoggingHosts", "SetRepositories", "SetRsyslogInfo", "SetSSLCertificate", "SetSnmpACL", "SetSnmpInfo", "SetSnmpTrapInfo", "SetStartupFlags", "SetTemporaryDBVersion", "SetTime", "SetTimezone", "SetTracingConfig", "SetUpgradeNodeId", "Shutdown", "SnapshotVirtualVolume", "SnmpSendTestTraps", "StartBulkVolumeRead", "StartBulkVolumeWrite", "StartClusterBSCheck", "StartClusterPairing", "StartGC", "StartRtfi", "StartUpgrade", "StartVolumePairing", "StopClusterBSCheck", "TestClientConnectivity", "TestConnectEnsemble", "TestConnectMvip", "TestConnectSvip", "TestDrives", "TestHardwareConfig", "TestLdapAuthentication", "TestLocalConnectivity", "TestLocateCluster", "TestNetworkConfig", "TestPing", "TestRemoteConnectivity", "UnbindAllVirtualVolumesFromHost", "UnbindVirtualVolumes", "UpdateBulkVolumeStatus", "UpgradeStartupFlags"], "currentVersion": "10.0"}}
2017-10-30 19:13:21.447724 DEBUG [sf_platform.core.retry_handlers.retry_wrapper:636] [MainProcess:MainThread] CallContext 59 SUCCEEDED.
2017-10-30 19:13:21.454693 DEBUG [sf_platform.core.retry_handlers.retry_wrapper:624] [MainProcess:MainThread] CallContext 60: UUID=60-648ad3d7-bda6-11e7-89b9-6c0b84e27010, function=call_readonly_cluster_api, call_stack=[/home/hnathani/repos/suites_refresh/nathaniel/nathaniel-sr-autoplatform/sf_platform/cluster_api.py:get_constants:3722, from /home/hnathani/repos/suites_refresh/nathaniel/nathaniel-sr-autoplatform/sf_platform/api/ApiVolume.py:delete_volumes:1179, from /home/hnathani/repos/suites_refresh/nathaniel/nathaniel-sr-autotest-content/steps/AutotestVolume.py:delete_volumes:1982, from /home/hnathani/repos/suites_refresh/nathaniel/nathaniel-sr-autotest-content/tests/bulk_volume/cases/bulk_volume_operations.py:_teardown:692, from /home/hnathani/repos/suites_refresh/nathaniel/nathaniel-sr-autoplatform/valence_repo/valence/camelot/case.py:_internal_teardown:339]
2017-10-30 19:13:21.455109 DEBUG [autologger.main.log:241] [MainProcess:MainThread] JSON-RPC-POST: method=GetConstants, url=https://10.117.78.245/json-rpc/10.0, id=53
2017-10-30 19:13:21.455412 DEBUG [autologger.main.log:241] [MainProcess:MainThread] Sending HTTP POST request to server_url: https://10.117.78.245/json-rpc/10.0; {"params": {}, "method": "GetConstants", "id": 53}.
2017-10-30 19:13:22.363696 DEBUG [autologger.main.log:241] [MainProcess:MainThread] JSON-RPC-POST response: {"id": 53, "result": {"cIOLatencyThresholdReplicationRemoteUS": "117498073", "lcSSync": 0, "cClusterFaultCheckIntervalMSec": 40000, "cExpireVolumeSnapshotsEnableSnapshotExpiration": true, "cBinSyncRequests": 20, "cSnapMirrorTransferTimeoutSeconds": 900, "cBulkVolumeServerStartupDelayMS": 5000, "cEnableTURVolumeReadyCheck": true, "cFlusherSecondaryRatio": 1, "cReattemptSliceAssignmentSecs": 10, "cSliceInitialSyncDelayMS": 14000, "laMS": 5, "cHangDetectEnabled": 1, "laUtil": 5, "cSnapMirrorExecutionLatencyThresholdMS": 100, "cAdditionIncrement": 1, "cMaxRemoteRepSnapshots": 2, "cEnableUnresponsiveServicesCache": 1, "cMaxVolumeWriteRequestBytes": 524288, "cBufferManagerHangTimeoutSeconds": 300, "cBDTBlockIDsInPipelineThreshold": 10000, "lcSOAP": 0, "laDirtyBlock": 5, "cSCSIUpdateVolumeInventoryInitialDelayMSec": 10, "cForceOrderedTaskAttributeInterval": 0, "cClusterMasterTimeout": "00:00:20.000000", "cBSUndiscardDiscardedBlocksOnRead": false, "cGCMaxOutstandingFilterMessages": 100, "cQoSThrottledLogLimitIntervals": 10, "cVvolPeCountPerNode": 1, "cISCSIMaxVolumeTargetSessionCommands": 32, "cBufferManagerEnableBackgroundFree": true, "cBSAgeToPruneRecentlyWrittenBlocks": "00:10:00.000000", "cChooseBinSyncPercentageWhenLatencyIsAcceptable": 40, "cRebalanceSizePowExpTimes100": 50, "cVvolsPerAccountLimitEventMargin": 500, "laDrive": 5, "cFailedReadLeaseMSec": 10000, "cBDTRetryDelayMS": 1000, "lcSSMonitor": 0, "cEnableBulkSliceBlocksVerification": 0, "cSliceSyncControllerHangTimeoutSeconds": 300, "cUpdateTaskReattemptDelayMS": 1000, "cISCSIDesiredImmediateData": true, "cHighMemoryWriteLockoutEnabled": true, "cEnableThinProvisioning": 1, "cDoNotAllowSimultaneousClusterFaultChecks": true, "cUseNewBinAssignmentAlgo": true, "lcBulk": 0, "lcUpgrade": 0, "cSCSITaskLimitPerITLNexus": 32, "lcAPIClient": 0, "cBufferManagerFlushInterval": 100, "cPerfRecorderEnable": 0, "laCS": 6, "cBSCheckPostThreadPoolSize": 8, "cClientQueueDepthBoundary": 8, "cLSFileSystemAsyncThreads": 5, "cNvramDeviceRadianLowerTempLimit": 52.0, "cStage2EventReportIntervalSecs": 3600, "lcIORouting": 0, "lcFeatureManager": 0, "lcISCSI": 0, "cRecompressCpuThreshold": 60, "cDisableReplicatedWrite": 0, "cBDTBlockIDQueryForceNonExistPct": 0, "cMaxVolumeReadRequestBytes": 524288, "cITLNexusBridgeLTQTimeLimitMS": 0, "cSSSegmentWriterDesiredBytesPerSecond": 0, "cSyncingChecksumChunkBytes": 4194304, "cClusterFaultMonitorFailedSpaceErrorPercentage": 25, "cLSActivePctForFullRead": 0.2, "cIORoutingReportNonOptimizedEventTimeMS": 3600000, "lcBootstrapper": 0, "cForceBinSyncWithoutChecks": -1, "cConstantGCWhenMemoryUsageErrorAndAbove": true, "cIOLatencyThresholdReadMetadataOneBlockUS": "13999770", "cRecentlyWrittenBlockCount": 500000, "cISCSIIncomingConnectionErrorRestart": true, "cSSDirectorEnableExpansionWithUnreplicatedSlices": false, "cDisableBinAssignmentUpdates": false, "cLSFileMaxBuffersToFlush": 1000, "laBDT": 5, "lcVAAI": 0, "cMinimumNumberOfMessagesToSend": 1, "cSSDirectorMovePrimariesBeforeRestart": true, "cMinIOPSAdjustment": 105, "cTickerHangTimeoutSeconds": 300, "cReportSlowStartOpcodes": 0, "cClusterFaultMonitorFailedSpaceCriticalPercentage": 80, "cCheckMemoryUsageBeforeBSMapResize": false, "cCrcErrorThreshold": 0, "cLSFileAsyncOperationTrackerCacheSizeToDumpState": 200, "cRebalancePrimaryScoreThresholdTimes100": 0, "cEnableVvolsPerAccountLimit": true, "cPlatformMonitorCheckInterval": "00:00:30.000000", "laPCache": 5, "cGCReverseCollectionOrderOptimizationEnable": false, "cVvolRebindTimeoutWaitingMSec": 600000, "cSyncingUnlockOnSteal": 0, "cUseMaxWriteLatencyForLocalWriteLatency": false, "cLdapClientAuthCacheTimeoutSecs": 300, "cBSRecycleAtPct": 0.05, "cSliceRotationCheckMS": 1000, "lcOWrite": 0, "cBinSyncRequestPerService": 2, "cFileSystemUsageComponentMonitorLowFreeSpaceResolvedPercent": 10.0, "laAPIClient": 5, "cPerSessionReadBytesActivityThreshold": 4096, "cIpmiComponentMonitorNumFailedSelfTestsForFault": 10, "cRPCThreadCountIOService": 4, "cIOLatencyThresholdVolumeReadCallbackUS": "18999688", "cSkipGC": false, "cUseWriterPreferredLockInWriteCombiner": 1, "cLdapSearchTimeoutSecs": 5, "cQoSThreads": 4, "cSliceFileMaxWriteBufferSize": 1048576, "cSnapMirrorFeatureAllowed": false, "cSnapMirrorHangTimeout": "00:05:00.000000", "cFillSliceSyncInterval": 10000, "laVvols": 5, "cSplitWriteBlocksFactor": 4, "cMtuCheckTimeout": "00:00:00.500000", "cBSCheckMaxOutstandingQueriesBackground": 2, "cForceCheckpointOnLSFSv2Upgrade": true, "cISCSIPeriodicCheckIntervalMSec": 3600000, "cRemoteProcessControlDefaultKillServiceSignal": "TERM", "cEnableHighMemorySyncPrevention": true, "cSmallLSFSDiskOverheadPercentage100Basis": 15, "laFeatureManager": 5, "cTakeoverThreadBacktraceInterval": "00:00:00.000000", "cClientWriteOpTimeoutMS": 1000, "cBinSyncReadTimeoutMS": 29000, "cBDTPipelineProcessingLimit": 5, "laFlow": 5, "laLSFiles": 5, "laLeader": 5, "cMaxVolumesLimitEventMargin": 100, "cBDTBlockIDQueryBatchSize": 500, "cMaximumNumberOfMessagesToSend": 100000, "cAssertFlushBlocks": 1, "cBulkVolumeRequestTimeoutMS": 5000, "cBSUsedSpacePercentageToLockOutWrites": 5, "cLSFileNumberOfLBIsInCheckpointRegion": 1753, "cISCSIDesiredMaxBurstLength": 262144, "cSliceLayoutMaxSlicesPerService": 10000, "cSnapshotDatabaseDelay": 600, "cKernelCrashDumpMakedumpfileLevel": 18446744073709551615, "cBSBlockIDFullQueryBatchSize": 1, "cTemporaryITLDelayedResponseMSec": 100, "lcSubProcess": 0, "cEnableReplicationTargetVolumeReads": 0, "cSliceBalanceReportInnerThoughtLimit": 50000, "cITLNexusBridgeLTQSizeLimit": 18446744073709551615, "cBufferManagerEnableBackgroundThresholdFlush": true, "cBulkVolumeUtilityThreads": 4, "cMaxSCSITaskLatencyAbortEventLimitMSec": 20000, "laAPI": 5, "cMaxISCSISessionLoginResponseLimitMSec": 10000, "lcFillSlice": 0, "cBufferManagerEnsureBuffersWaitThreshold": 1000, "cGroupSnapshotReadyTimeoutSec": 10, "cBufferManagerEnableBackgroundOptimisticFlush": true, "laISNS": 5, "cMovePrimariesOnShutdownTest": 0, "cSliceBalancerFullnessCheckerVolumeSamples": 100, "cSSThrottleStage2Pct": 0.02, "cLSFileMaxRangeSizeForInlineTrim": 1, "cBufferManagerBufferGCReadsFreePercent": 30, "cFilterBias": 100, "cRebalanceUsingDeviationsOnUpgrade": true, "cBSActivePctForFullRead": 0.2, "cLdapMaxGroupsPerUser": 1024, "cUnboundRPCTargetITLNexusRemovalMSecs": 30000, "laSOAP": 5, "cBSCheckGenerateEvents": 0, "cISCSILoginTimeoutMSec": 120000, "cSliceFileThrowOnBadChecksum": 0, "laFS": 5, "cMaxSCSITaskMgmtLatencyEventLimitMSec": 10000, "cBSCheckShuffleSliceOrder": true, "cStage4ThrottlingEnabled": true, "lcPackageManagement": 0, "laUnitTest": 8, "cSliceHeartbeatInterval": 1500, "cIOLatencyThresholdPrimaryCacheTotalUS": "40999327", "cClusterFullStage": 0, "cBSBlockIDLightQueryBatchSize": 100, "cISCSISocketBufferSize": 4194304, "cIOLatencyThresholdQosUS": "12499795", "cEnableISCSIDiscoveryLogging": 0, "cIOLatencyThresholdLSFSWriteUS": "35999409", "cIdleSocketCheckSeconds": 1, "cAllVvolsBindingsAreActive": false, "cTemporaryITLNexusExpirationMSecs": 60000, "cSliceBalanceClearDesiredReplicasOnTick": true, "cUpdateRtfiPendingNodeStatusTimeout": "00:00:05.000000", "laFirewall": 5, "cPostSliceCopy": 0, "cMaxQosDelayEventLimitMSec": 10000, "cBufferManagerMaxOutstandingFlushes": 10000, "cLowMemoryWarningPercent": 5.0, "cClusterFaultMonitorEnableExtraDebugInfo": true, "cVvolRebindTimeoutInprogressMSec": 1200000, "cBmcResetLoopUntilSleepSeconds": 1, "cRecompressionAlgorithm": 3, "cTrackRPCWireTime": 1, "cMtuCheckTotalTimeout": "00:00:30.000000", "cMinNumberOfCacheFilesForUnblockingHead": 3, "cSocketBufferIdleMS": 500, "lcShell": 0, "cDiskSegmentFileEnableSegmentReadOptimization": true, "cISCSITargetSummaryIntervalMSec": 300000, "cMaxSCSIWriteSameMBytes": 16, "cDriveUdevSleepDuration": "00:00:01.000000", "cRequireSmallServiceNotOverused": true, "laRemoteRep": 5, "cClusterBeaconExpireAvailableNodes": "00:00:15.000000", "cSCSITaskLoggingLowerBoundMSec": 100, "cLSFileSystemSpaceCalcThreads": 2, "cVvolTaskExpireSec": 172800, "cEnableSliceBlocksVerification": 0, "cFileRecycledLogThresholdSec": 300, "cSliceFileManagerGCThreadHangTimeoutSeconds": 3600, "cForceBiasedSelectionPrimary": 0, "laNvram": 5, "cSliceBalanceMaxDesiredConcurrentMigrations": 500, "cMaxVolumesPerMultiAPI": 500, "lcRemoteRep": 0, "cTemporaryITLNexusRemovalMSecs": 65000, "lcDirtyBlock": 0, "cBSEraseRecentWritesInterval": "00:00:05.000000", "cLatencyMaxMSec": 2000, "laShell": 5, "cSnapshotBeginRequestLatency": 10, "laReplication": 5, "cIOLatencyThresholdReadBlockClusterStorageUS": "109998196", "cClusterFullMaxSliceNodeFailuresLogAssignments": 0, "cSliceBalancerFullnessCheckerAgeOfSyntheticSamples": "24:00:00.000000", "cMtuCheckAttempts": 1, "cISCSIDesiredFirstBurstLength": 262144, "cSliceSyncStartLiveSyncThreadCount": 12, "laQoS": 5, "cLogHeartbeatRPCMessages": false, "cSCSITaskLoggingUpperBoundMSec": 10000, "cSyncingBufferBytes": 2097152, "cBackgroundFlushThresholdPercent": 55, "cSyncingMSleepOnSteal": 10, "cSCSI2ReserveDelayMSec": 0, "cSliceSyncDeadSyncThreadCount": 10, "cDriveStateChangeTimeout": "00:00:01.000000", "cMaxClusterFullRecentHistoryEntries": 3, "cSslCertificateExpirationWarningDays": 30, "cMinIOPSLatencyUS": 2000, "cPerSessionWriteDefault": 65536, "cEnableUnblockHeadOfSecondaryCache": "Disabled", "cRRQosTimeoutSec": 7, "lcFTC": 0, "lcRecorder": 0, "laNetworkNamespace": 5, "cChecksumInlineSyncEnd": 1, "cISCSILoginFailureDelayMSec": 4500, "laScheduler": 5, "cSnapCoordinatorHangTimeoutSeconds": 300, "lcDrive": 0, "cStartupReplayHangTimeoutSeconds": 1800, "cSSDirectorEnableExpansionWithUnmovedInProgressClones": false, "cSyncingUnlockOnStealMS": 2000, "cRebalancePrimaryIopsBackoff": 49, "cBDTMaxReadLBAs": 1000, "cMaximumReadSliceLbaNBlocks": 20480, "cChoosePrimaryPercentageWhenLatencyIsAcceptable": 50, "cRecompressUncompressedBlocks": 0, "cBSAutomaticCheckPostThreadPoolSize": 1, "lcVS": 0, "lcSnaps": 0, "cAlwaysForceRecycle": 0, "cRebalanceScoreThresholdTimes100": 0, "cLowMemoryHysteresisBytes": 0, "cDisableVolumeReadWrite": 0, "cClusterPairSoftwareDeltaMax": 1, "kSamplesToResetConsolidatedQueueStats": 30, "cEnableSpaceBasedRebalancing": true, "cEnableBlockIDVerifyRecompressIfNoChecksum": true, "cRestAPIServerShutdownKillTimeout": "00:00:20.000000", "cStage4ThrottlingBegin": 0, "cInlineVolumeReadOps": 0, "cDisablePrimaryCacheWrite": 0, "cForceBias": 0, "cSnapMirrorMaxReadWriteAttempts": 30, "cISNSClientEnabled": 0, "cBSAutomaticCheckNumThreads": 1, "cFileSystemUsageComponentMonitorLowFreeSpacePercent": 5.0, "cKernelCrashDumpDesiredState": "PlatformDefault", "cWaitingIoCheckTime": 16, "cEnableMetadataStageJumpLimiting": true, "cPerSessionWriteBytesActivityThreshold": 4096, "cClusterFullMaxSliceNodeFailuresStage4TestAll": 1, "lcBuffer": 0, "cSimulateBSFailures": 0, "kTruncatedBloomFilterHashCount": 4, "laDBServer": 6, "cIOLatencyThresholdReplicationLocalUS": "51999147", "laBulk": 5, "lcQoS": 0, "cEnableMaxVolumesLimit": true, "cMaxVolumesPerGroupSnapshot": 32, "cPrimaryFlusherWorkerThreads": 6, "cMaxEfficiencyGenerations": 2, "cDesiredSliceServicePort": "4002", "lcBSRecycle": 0, "cLocationStorageInitialSliceMapSize": 5120, "cPerSessionTaskActivityThreshold": 1, "cCheckVvolHostInitiatorName": true, "cBlockServerBloomFilterPercentageFullThreshold": 40, "cBlockIDQueryOpTimeoutMS": 29000, "cWorkerThreadGroup::WorkerThreadResourceUsageInterval": 5, "cAlwaysReturnAllocatedBitmap": false, "laBSDirector": 5, "cEnableRecompression": 1, "cAllowDriveTypeModificationOfSlotNum": 2, "cGroupSnapshotDeleteIntervalMS": 2000, "laTS": 5, "cSliceLayoutSizeFillBiasTimes100": 20, "cGCFilterMessageErrorCountFailureThreshold": 100, "laISCSI": 5, "cPerSessionReadDefault": 65536, "cLSFileAllocatedBufferLogThreshold": 10, "cISCSIInitiatorSocketBufferSize": 8388608, "laSSync": 5, "cLSFileNumBuffersPerFlushBatch": 10, "cRecorderSamplerThreads": 1, "cIOLatencyThresholdVolumeWriteCallbackUS": "25499581", "lcDB": 0, "cBSMapResizeAfterGCThreshold": "Error", "laConflict": 5, "lcSCache": 0, "cGCSendBloomFiltersInSeparateThreadEnable": false, "cRebalancePrimaryMinIopsRatioWeighting": 0, "cChecksumBeginRequestLatency": 10, "cLowMemoryWarningBytes": 0, "cOverrideBSKill": 0, "cVvolStaleOldNormalBindings": true, "lcBSCheck": 0, "cDefaultSnapshotTimeout": 60, "cClusterBeaconCheckExpiredNodesInterval": "00:00:02.000000", "cSCSIDelayedResponseMSec": 1000, "cSnapMirrorDelayedRetryMSec": 1000, "cLocationStorageSecondaryCacheInitialPerSliceMapSize": 128, "cISCSILoginRedirectDelayMSec": 500, "laBuffer": 5, "cNumSliceFileReadThreads": 12, "cCheckForSystemSliceDriveOnDriveAdd": true, "cMaxDrivesPerSliceService": 2, "cReplayWriteSameChunkSize": 1048576, "cConnectITLNexusBridgeRetryDelayMS": 1000, "laVASA": 5, "lcPipe": 0, "cSimConnectionGuardTimerMS": 600, "lcSnapMirror": 0, "cISCSIHostTouchSec": 3600, "cClusterMasterStartupKillTimeout": "00:01:45.000000", "laReports": 5, "laBinSync": 5, "laBS": 5, "cNumBytesToCheckForZeroDuringMDSDStartup": 4096, "laClone": 5, "cISCSISessionPingIntervalMSecs": 60000, "cBulkVolumeUnitTestDisable": 0, "lcSnapMirrorAgent": 0, "cSSDirectorEnableExpansionWithUnhealthyServices": false, "cISCSIDesiredMaxOutstandingR2T": 4, "cPrimaryCacheTryNextSetAttempts": 4, "cDBServerConnectionTimeout": "00:00:01.500000", "lcReports": 0, "lcAPI": 0, "cSSDirectorEnableExpansionWithSlicesPrimary": false, "cSliceSyncControllerAllowRevocation": 1, "cSliceFileLongPostTimeoutMS": 15000, "cSSHealthMonitorHealthSamplesMax": 20, "laRecovery": 5, "cEnableSSSegmentWriterThrottling": true, "cSnapshotReplicationEnabled": true, "cBufferManagerFreeTimestep": 5, "lcReplication": 0, "cVasaProviderControlPort": "9000", "cHeartbeatHangTimeoutSeconds": 300, "cDefaultSamplePeriodMSec": 500, "cLowMemoryHysteresisPercent": 1.0, "lcGC": 0, "lcProcess": 0, "cSCSITaskLoggingTransferSize": 0, "cEnableHighMemorySnapshotPrevention": true, "cDrivePrepareTimeout": "00:00:15.000000", "cMaxSCSIReadWriteMBytes": 2, "cQoSPolicyCountMax": 500, "cSecondaryFlusherWorkerThreads": 1, "laPipe": 5, "cSnapshotsMaxPerVolume": 32, "cISCSIMaxSessionReinstatementLimit": 200, "cClusterFaultMonitorEnableClusterFullOnIncompleteInfo": false, "cSocketBufferAvailableThresholdBytes": 0, "cKernelCrashDumpMinFreeGb": 18446744073709551615, "cForceSuccessOfBinSyncRequest": 0, "laVvolManager": 5, "cBufferManagerNumFlushThreads": 16, "cConsiderResponsiveDeadsInSupportingServices": 1, "cReplayChunkSize": 16384, "lcFlow": 0, "cLowMemoryCriticalBytes": 4294967296, "laEfficiency": 5, "cBSCheckIntervalSeconds": 0, "cMaxVolumesPerQoSPolicy": 500, "cMaxSCSITaskLatencySeconds": 300, "laSCSIDevice": 5, "cDBFUsageMinIOPS": 60, "cMaxQueuedBytesPerContext": 2097152, "cDisableBlockReadWrite": 0, "laBSCheck": 5, "cClusterFaultOnInterfaceStats": false, "cIOPathHangTimeoutMS": 30000, "laBootstrapper": 5, "cBSCheckPauseInterval": 1, "lcBinSync": 0, "cIOLatencyThresholdReadMetadataMultipleBlocksUS": "13999770", "cCreateVolumeSleepMillis": 200, "laVAAI": 5, "cVASARegisterDelayOnFailureMS": 1000, "cISCSIEnableSessionReinstatementCheck": 1, "cPerServiceReadOutstandingDataLimit": 104857600, "cFakeBSStatsError": 0, "cIpmiComponentMonitorNumFailedReadingsForFault": 5, "lcClone": 0, "cSliceSyncUseBulkBuffer": 1, "lcNvram": 0, "cVasaProviderAddress": "127.0.0.1", "cISCSISessionMonitorIntervalMSec": 10000, "cClusterBSCheckMode": 0, "cISNSClientRegisteredVolumeID": 0, "cNumDelayedSSCallbackThreads": 12, "cPerServiceWriteOutstandingDataLimit": 10485760, "cStage4ThrottlingMaxValue": 100, "cSequenceRRWrites": 1, "cNumHeartbeatThreads": 3, "cLocalLSFSSlicesFileOverheadLimitBytes": 16106127360, "cFcConfiguratorSingleThreadPort": false, "cIOLatencyThresholdLSFSLogWriteUS": "12499795", "cEnableCompression": 1, "cISCSIMaxClusterTargetSessionCommands": 2048, "cReplicateWriteThreads": 8, "laHeartbeat": 5, "cLSFileSystemHangTimeoutSeconds": 1800, "laISI": 5, "cVvolDBCruftScanIntervalMSec": 600000, "cSnapshotUnregisterDelayMS": 4000, "cIrqBalancerRebalanceIntervalMilliseconds": 3600000, "cMaxSliceWriteBlocks": 8, "cPostCallbackThreadCount": 8, "kMaxLatencyLimitMultiplier": 5, "cRebalancePrimaryIopsMultiplierTimes100": 1000000, "cSnapMirrorFullnesStageToBlockWrites": 4, "cSCSITaskLimitPerVVolITLNexus": 2048, "laBSMap": 5, "laCompression": 5, "laFillSlice": 5, "cScFullnessThresholdPercent": 20, "cISCSISessionVVolActiveCommandTracking": false, "lcRecovery": 0, "lcBSDirector": 0, "laVolume": 5, "cIORoutingReportNonOptimizedEventCheckIntervalMS": 300000, "cDisableQoS": 0, "cISCSIBindingTouchSec": 3600, "laNet": 5, "cFcConfiguratorNumThreads": 24, "cBSOpQueueHangTimeoutSeconds": 300, "cInlineVolumeWriteOps": 0, "cDriveEraseTimeout": "00:00:30.000000", "cClusterMasterShutdownKillTimeout": "00:01:00.000000", "cEnableISCSISessionPings": true, "cMSCrashOnLocalDriveRemoval": 0, "cRRTargetFreezeDelayTimeout": 16, "cSnapMirrorTransferTimeoutCheckSeconds": 300, "cGarbageCollectionIntervalOffsetSec": 0, "cNvramDeviceRadianUpperTempLimit": 55.0, "cPrimaryLeaseSpeedupFactor": 1, "cMaxQueuedRecorderEvents": 10240, "cDefaultLoopingThreadHangTime": 300, "cISCSISlowLoginRequestLoggingMSec": 10000, "cRtfiStatusInterval": "00:00:20.000000", "kFullBloomFilterHashCount": 1, "cAverageBlockSize": 1638, "cTraceBufferSize": 65536, "cBDTWriterBatchSize": 500, "lcLSFiles": 0, "lcScheduler": 0, "lcVASA": 0, "cInjectSSLoad": 0, "lcCompression": 0, "cBmcResetTimeoutMinutes": 5, "cPreventSyncWritesSSLoad": 80, "cBSIncorporateUnusableSpaceInUsedBytes": true, "laAll": 5, "cNumFillSlicePoolThreads": 10, "cConnectionActivityLoggingVolumeId": 0, "cSyncAfterCreateBranch": false, "laPackageManagement": 5, "cITLNexusReplacementMSecs": 50, "cLSFileMaxSyncRangeForSimpleLoop": 116281, "cMovePrimariesOnShutdown": 1, "cConnectionMonitorSimpleConnection": false, "cBinSyncIgnoreCheck": 0, "cISCSIEnableEventSuppression": 1, "cMaxRemoteRepBDT": 10, "lcCS": 0, "cVolumesPerAccountLimitEventMargin": 100, "laOWrite": 5, "cITLNexusBridgeLTQProcessingLimit": 32, "cDumpBacktracesOnSCSITaskEIOMSec": 0, "cPanicOnOops": true, "cISCSIMaxSessionSocketErrorLimit": 10, "cEnableEventSuppression": true, "cTimeUntilBSIsKilledMSec": 330000, "cMaxQueuedBytesPerSession": 41943040, "cMaxSCSITaskLatencyEventLimitMSec": 30000, "cTimeToDecreaseOutstandingNumberOfBlocksMilliseconds": 10000, "cInitiateShutdownDelay": 2, "cGlobalSchedulablePoolThreads": 2, "cGCMinimumOutstandingFilterMessagesPerBS": 2, "cMaxSCSIUnmapBlocks": 4294967295, "cBSCheckRetryXUBIDRead": true, "cIOLatencyThresholdReplicationTotalUS": "117498073", "cStage4ThrottlingMinValue": 0, "cLogUnusedParameters": false, "cPercentOfDriveSpaceBetweenCheckpoints": 10.0, "cBDTBatchReadQueueSizeLimit": 1000, "cBufferManagerFlushTimestep": 5, "cGCMonitorGCRuntimeEstimateMultiplier": 2.0, "cDriveUnlockTimeout": "00:00:30.000000", "cBufferManagerMaxFreeBuffersPerCall": 100, "cMultiplicativeDecreaseFactor": 10, "cMinVolumeWriteRequestBytes": 65536, "lcBlocks": 0, "lcEvent": 0, "cGCBlockIDHashPrefetchLevel": 4, "cZeroIOPSLatencyUS": 6000, "cIOLatencyThresholdTotalSliceReadUS": "110998179", "cClusterPairUpgradeEnforced": true, "cClonesMaxSimultaneousPerVolume": 2, "cSyncingYieldOnSteal": 0, "cSliceRebalanceScoringAlgorithm": 3, "cHangDetectIntervalSeconds": 30, "cHighMemorySyncLockoutEnabled": true, "cNumberOfBSReadRetries": 4, "cBinAssignmentsDontKeepPRDReplicas": -1, "cPrimaryQueueLatencyLimitUS": 250, "cAllowBSMapResizeAfterGC": true, "cSSHealthMonitorHealthSamplesMin": 5, "cClonesMaxSimultaneousPerNode": 8, "cEnableConnectionMonitorISCSILogging": false, "cIncludeHeadroomInBlockStageCalculation": true, "lcVvols": 0, "laBSRecycle": 5, "cForceSliceBlocksDeepCopyFromBuffer": 0, "laSubProcess": 5, "cISCSIDesiredInitialR2T": true, "cEnableVolumesPerAccountLimit": true, "cSchedulerDisabled": false, "cFrameErrorThreshold": 0, "cSliceFileManagerNumGCThreads": 4, "lcFlusher": 0, "lcBDT": 0, "laSnmpTrapSender": 5, "cLSSliceFileSizeRequestFastMode": 1, "lcTS": 0, "cBulkVolumeSlicesReadyTimeoutSec": 10, "cSServiceSocketBufferSize": 8388608, "cITLNexusBridgeExcessiveExceptionTimeLimitMS": 10000, "cRecentScalingFactor": 30, "laBlocks": 5, "cClusterStorageKnownBlocksCacheSize": 0, "cBulkVolumeMaxTransferSize": 1048576, "cLSFileLogUseBulkBuffer": 0, "cKernelCrashDumpDirectory": "", "cBDTBatchReadTimeLimitMS": 20000, "laSnapMirror": 5, "cEventUnusedParameters": false, "cLdapMaxServerCount": 4, "cBurstTimeSec": 60, "cSnapMirrorPostedLatencyThresholdMS": 100, "cMaxIncomingSliceSyncs": 10, "cRebalanceIopsBackoff": 49, "cUseIdealIopsRatio": true, "lcISNS": 0, "cRecentlyReadBlockCount": 10000, "cBSCheckPauseMSec": 100, "cEnableISCSILoginFailureLogging": 0, "laDiskSegment": 5, "cNumHeartbeatTakeoverThreads": 3, "cISCSIMaxSessionLoginTimeoutLimit": 20, "cEnableSliceFileIncrementalSyncing": 1, "cWorkerThreadGroup::WorkerThreadCollectStatistics": 1, "cEraseRangesAtOnce": 512, "cSnapMirrorDelayThreadPoolSize": 4, "cVvolSnapExpireSec": 3000, "cDisablePCacheCleanFiles": false, "cBufferManagerBackgroundFreePercent": 25, "cChecksumSyncEnd": 1, "cFlusherDisable": false, "lcSlice": 0, "cVirtualNetworkAddressThresholdWarningPercent": 0, "cQoSMinIOPSDefault": 50, "cVASAStartupWaitTimeMS": 5000, "cISCSIMaxIncomingConnectionErrorLimit": 5, "cISCSIVvolPeProviderMonitorIntervalMSec": 5000, "cSCSIUpdateVolumeInventoryRetryDelayMSec": 10, "lcSnmpTrapSender": 0, "cSSDirectorEnableExpansionWithUnresponsiveServices": false, "cBSOpQueueReadThreads": 6, "lcVolume": 0, "cMinVolumeReadRequestBytes": 65536, "cWaitForLocalBSStartupTimeoutRatio": 100, "cSSThrottleStage1Pct": 0.05, "cGCLimitCollectorThreadCPUs": true, "cDefaultNumberOfBlocksInWriteBlocksMessage": 4000, "cRtfiApiTimeout": "00:01:00.000000", "cISNSClientPollMSecs": 5000, "cLSFileLockAquireLogTimeOutMS": 1000, "laFlusher": 5, "cSocketBufferSize": 0, "cRecorderSamplerMaxRecordFrequencySec": 0, "cSizeOfWriteBlocksMessageBytes": 6291456, "cDemoteClusterMasterDelayMSec": 3000, "cPanicOnAssertViolation": true, "lcDBServer": 0, "cCPUStatsSamplePeriodMSec": 5000, "cClientReadOpTimeoutMS": 1000, "cFlusherMainThrottleMS": 1000, "cLdapConnectTimeoutSecs": 2, "cClusterFaultMonitorExtraInfoFileGroup": {"directory": "/var/log/clusterfaults", "maxFileCount": 50, "deletePolicy": "FileName", "ignoreDirectories": null, "maxFileSizeTotal": 1073741824}, "cGlobalPoolThreads": 8, "cBSNumParallelBinsAtStartup": 4, "cVvolManagerPEForceFailbackSec": 300, "cFcConfiguratorSingleThreadSetup": false, "cSliceLbaLiteVolumeID": 0, "cRPCThreadCount": 8, "cLSDDMaxRecyclngReadSizeKB": 512, "cITLNexusBridgeUnresponsiveRPCTargetTimeLimitMS": 10000, "cLSFileMaxRangeSizeForInlineShare": 1, "cUpdateRtfiPendingNodePurgeThreshold": "24:00:00.000000", "cSocketBufferCompactThresholdBytes": 0, "cEnableAutoInstall": true, "cRemoteRepAsyncDelayExceededTime": "06:00:00.000000", "cLSFileValidateChecksumsOnDiskRead": true, "laCStore": 5, "cBinSyncSecondsAllowedToAccumulate": 1, "cNetworkFaultRecoveryRestartTime": "00:15:00.000000", "cBSPostWriteBlocks": 1, "cUseHeartbeatIndirectInfo": 1, "cBServiceFillSliceReportSuccessEvent": true, "cSliceFileSystemOverheadPercentage": 10, "cBDTBatchReadProcessingLimit": 5000, "cLSFileLockHeldLogTimeOutMS": 1500, "cBSCheckEnableBulkAllocationForSSReads": true, "cNumberOfOutstandingBlocksToIncrement": 200, "cBDTSourceBatchSize": 512, "cMinISCSISessionUsableLimitMSec": 10000, "cISCSISessionActiveCommandTracking": true, "cLastAccessTimeSaveIntervalSec": 3600, "cMinFlushTrialsBeforeAbandonFlushSet": 2, "cDelayedThreadPoolThreads": 2, "cSSHealthMonitorHealthSamplesConsideredPermanent": 10, "lcIIC": 0, "cVirtualNetworkFaultOnNoAvailableAddresses": true, "kMaxQueuedSegmentWrites": 20, "laRecorder": 5, "cClearCachedServiceInfos": false, "lcPCache": 0, "cSliceBalancerFullnessCheckerPerNodeSyncTime": "03:00:00.000000", "cSliceFileMinBlocksForBulk": 4, "laProcess": 5, "cBSThrottleStage2Pct": 0.02, "cBSCheckSSBlockIDQueryBatchSize": 50000, "cFlusherPersistThreads": 1, "laBSFlow": 5, "cEnablePrimaryOpsInline": 1, "cConstantGCInBlockStage4and5": true, "laSocket": 5, "lcBSM": 0, "lcFS": 0, "cDBFUsageMaxIOPS": 38, "cSliceSyncStartDeadSyncThreadCount": 12, "cSSSegmentWriterMinDesiredMBPerSecond": 10, "cFailedLoginSleep": "00:00:01.000000", "cIOCounterIntervalMS": 1500, "cMinAgeOfFlushSetToBeUnblocked": 5, "cDEBUGReturnXUBID": 0, "cLowMemoryErrorPercent": 5.0, "cConnectionMonitorHangTimeoutAdjustment": "00:02:00.000000", "cIOLatencyLoggingLevel": 1, "cEnableFcAlua": 0, "cLocationStoragePrimaryCacheInitialPerSliceMapSize": 16384, "cFindMismatchedSliceLBAsMaxMismatches": 10000, "cDisableSliceFileWriteChecksum": 0, "cExcessiveLogReplayTimeSec": 2700, "cRemoveFromCacheTimeSec": 300, "lcISI": 0, "laVS": 5, "cMaxIOPSLatencyUS": 1000, "cBinAssignmentsBalancedCouplingThreshold": 0.05, "cBSAutomaticCheckPauseMSec": 600, "cSSSegmentWriterDesiredBytesPerSleep": 0, "cISCSITargetOffloadThreads": 64, "cRefreshSliceCacheSizeIntervalMS": 60000, "cSliceSyncHangTimeoutSeconds": 300, "laFTC": 5, "cVvolRebindTimeoutNoneMSec": 10000, "cBatchReadOpTimeoutMS": 29000, "cPersistActiveBranch": 1, "cMaximumDriveFailureCount": 8, "cISCSIDesiredMaxRecvDataSegmentLength": 262144, "lcHeartbeat": 0, "lcCStore": 0, "cLSFileSystemAsyncOperationInterval": 100, "cMinSliceWriteBlocks": 2, "cGCInterval": "01:00:00.000000", "cSliceFileMinBlocksToSync": 4, "lcConflict": 0, "cLowMemoryCriticalPercent": 0.5, "cSliceSyncLiveSyncThreadCount": 6, "lcEfficiency": 0, "laTrace": 5, "cBSOpQueueWriteThreads": 8, "cIOThreadsPerSession": 4, "lcBSMap": 0, "cSnapMirrorPostThreadPoolSize": 8, "cDecompressBlocksAtEndOfRead": 0, "laBSM": 5, "cMinimumSnapshotTimeout": 40, "cBSCancelGracefulBinSyncing": -1, "cMaxSCSITaskDestructDelayMSec": 500, "cClusterFaultMonitorMinValidFibreChannelNodeCount": 2, "cBmcResetDurationMinutes": 20160, "cBulkJobsMaxSimultaneousPerNode": 8, "laDB": 6, "cSchedulerIntervalSec": 300, "cMinFlushSetFullPercentageForRotation": 80, "cBVCoordinatorHangTimeoutSeconds": 300, "cIgnoreUnresponsiveBServices": 0, "cInitiatorInitiatorCountMax": 10000, "lcTrace": 0, "laIPC": 5, "cNtpUpdateClockOnRestart": 0, "cBServiceSocketBufferSize": 12582912, "cRemotePollIntervalMS": 60000, "cDBFThrottlePower": 2, "laIORouting": 5, "cChecksumUtilsThreadCount": 4, "lcBSFlow": 0, "cISCSIMaxFcNodeSessionCommands": 2048, "cVvolHostExpireSec": 172800, "cITNexusEnableFCITLNexusInlineCreation": true, "cBinBloomFilterBits": 131072, "cKernelCrashDumpKernelOptions": "", "cIncludeHeadroomInRoomToSyncBinsCheck": true, "cEnableChecksumsCompressionFormat": true, "laSCache": 5, "cClusterFullMetadataStageJumpPersistenceMS": 600000, "cSSRecycleAtPct": 0.1, "cSliceSyncControllerThreadCount": 4, "lcFirewall": 0, "cDisableIOPathHealthCheck": 1, "cForceRebalanceOnServiceStart": true, "cBSMapPreventResizeThreshold": "Critical", "cSnapshotReplicationBlockedByStage4ClusterFullness": true, "cBackgroundFlushBuffersPerPass": 10, "cBufferManagerFreeInterval": 500, "cEnableMaxVvolsLimit": true, "laSSMonitor": 5, "cPercentageOfSectorsToCheckAreZeroed": 0.01, "lcIPC": 0, "cBinSyncHeadroomPercent": 3.0, "cBmcResetLoopUntilRetrySeconds": 10, "cSliceLayoutDBLoadParallelism": 4, "cSleepOnSendFiltersMS": 100, "cEnableWriteIncarnCheck": 1, "cConsolidatedQueueStatLogIntervalMS": 300000, "lcNet": 0, "cISNSClientQueryMSecs": 60000, "cRemoteRepPauseLimitMB": 3000, "cLSFileAsyncSyncOnAppendSize": 131072, "cSSDirectorEnableExpansionWithUnmovedPrimaries": false, "cWriteThrottlingEnabledOnStartup": false, "cFlowControlThresholdPercentage": 50, "cSliceBulkBufferSizeGB": 0, "cBinSyncWriteMiBPerSecond": 0, "cLowMemoryErrorBytes": 0, "cSliceBalanceEnableAutoTimerIopsRebalancing": 1, "cBinSyncNewServiceWriteMiBPerSecond": 0, "cSliceErrorCallbackHangTimeout": "00:10:00.000000", "cRebalanceIopsMultiplierTimes100": 1000000, "cForceBinSyncFromDeadServices": -1, "cIORoutingReportNonOptimizedEventMinCommandCount": 1000, "cIrqBalancerErrorRetryIntervalMilliseconds": 60000, "cDeadCheckIntervalMS": 500, "cBSCheckMaxOutstandingQueries": 2, "cBlockDataTransferWriteTimeoutMS": 59000, "cBlockAsyncDiscardTimeoutMS": 1000, "cBulkVolumeUnregisterDelayMS": 4000, "cSnapshotThreadCount": 16, "cSliceFileHangTimeoutSeconds": 300, "lcDiskSegment": 0, "cCheckRemoteRPCConnectionsPeriod": "00:10:00.000000", "cRecompressMaxAllowedCompressionRatio": 4.0, "lcBS": 0, "cClusterSearchIntervalVarianceMSec": 500, "cSSDirectorAddWaitingServicesOnTick": true, "cBDTMaxRetryAttempts": 9223372036854775807, "laIIC": 5, "cHangDetectSignaledWaitSeconds": 10, "lcMS": 0, "cClusterFaultMonitorMaxValidFibreChannelNodeCount": 4, "cMinPCacheFreeSegments": 30, "cFcConfiguratorSingleThreadTeardown": false, "lcUtil": 0, "cPRDSyncing": -1, "cISCSILUN": 0, "laSnaps": 5, "cISCSITargetSocketThreads": 8, "cMtuCheckDefaultMtu": 0, "cBulkJobsMaxSimultaneousPerVolume": 2, "cDisableSliceFileReadChecksum": 0, "cMinIOPSSSLoadIncrement": 1, "cFlusherFlushHangTimeoutSeconds": 300, "cReadWriteThreads": 14, "cBSDisableMetadataOwnerCallbackForBSCheck": false, "cEraseSectorsAtOnce": 65535, "cReplicationRetryAttempts": 1, "cQoSBurstIOPSDefault": 15000, "cVolumeAccessGroupFibreChannelVolumeAccessMax": 16384, "cLSFileSystemAsyncOperationsToPerform": 1000, "cReportAllDataError": 0, "laSlice": 5, "cBSUnusableSpacePercent": 7, "laUpgrade": 5, "cStage4ThrottlingEnd": 100, "cGCMaxFilterMessageErrorsToLog": 20, "cBackgroundFlushThresholdCountMaximum": 4000000, "cBatchReadSizeMax": 2000, "cThrottleHelperCreditsToPostOnModeSwitch": 6, "cEnableCompressionFormatChecksumEvents": true, "laSnapMirrorAgent": 5, "cClearCacheIntervalMS": 300000, "cMaxVvolsLimitEventMargin": 1000, "cLSDDMaxRecyclngThrottledReadSizeKB": 10240, "cForceSliceBlocksDeepCopyAssignment": 0, "lcLeader": 0, "lcSocket": 0, "cSetBSOpQueueReadThreadsBasedOnBinCoupling": true, "cEnableCompressionFormatChecksumChecks": true, "cBufferManagerBufferGCReads": true, "cBSMapResizeMemoryUpdateThreshold": "Error", "cForceRecycleFileWithFullRead": true, "cIORoutingReportVvolRebindEventTimeMS": 60000, "cBSThrottleStage1Pct": 0.03, "cDriveSmartTimeout": "00:00:15.000000", "cSchedulerTimeOffsetSec": 0, "cQoSMaxIOPSDefault": 15000, "cBSKeepDiscardedBlocksInMap": false, "cSyncingStealLoopTimerLogTimeout": 10000, "lcAll": 0, "cVvolManagerUpdateIntervalMSec": 15000, "cFakeThickProvisionedVolumeID": 0, "lcNetworkNamespace": 0, "lcUnitTest": 0, "cPrimaryCacheAlwaysVerifyChecksums": 0, "cDBFUsageMax": 87, "lcSCSIDevice": 0, "cClonesMaxSimultaneousPerVvol": 8, "cFakeBSUsedSpaceGB": 0, "cDatabaseRoleSampling": false, "cDriveIdentifyTimeout": "00:00:15.000000", "cRecorderSamplerHangDetectSec": 0, "lcVvolManager": 0, "laEvent": 5, "cGCMonitorEnableGCMonitor": true, "cBSCheckNumThreads": 8, "laGC": 5}}
2017-10-30 19:13:22.383399 DEBUG [sf_platform.core.retry_handlers.retry_wrapper:636] [MainProcess:MainThread] CallContext 60 SUCCEEDED.
2017-10-30 19:13:22.383767 INFO [sf_platform.api.ApiVolume.delete_volumes:1185] [MainProcess:MainThread] Deleting volumes: [203, 204].
2017-10-30 19:13:22.385453 DEBUG [sf_platform.core.retry_handlers.retry_wrapper:624] [MainProcess:MainThread] CallContext 61: UUID=61-6589ff14-bda6-11e7-89b9-6c0b84e27010, function=call_cluster_api, call_stack=[/home/hnathani/repos/suites_refresh/nathaniel/nathaniel-sr-autoplatform/sf_platform/cluster_api.py:delete_volumes:759, from /home/hnathani/repos/suites_refresh/nathaniel/nathaniel-sr-autoplatform/sf_platform/api/decorators.py:assured_only_one:393, from /home/hnathani/repos/suites_refresh/nathaniel/nathaniel-sr-autoplatform/sf_platform/api/ApiVolume.py:delete_volumes:1186, from /home/hnathani/repos/suites_refresh/nathaniel/nathaniel-sr-autotest-content/steps/AutotestVolume.py:delete_volumes:1982, from /home/hnathani/repos/suites_refresh/nathaniel/nathaniel-sr-autotest-content/tests/bulk_volume/cases/bulk_volume_operations.py:_teardown:692]
2017-10-30 19:13:22.385911 DEBUG [autologger.main.log:241] [MainProcess:MainThread] JSON-RPC-POST: method=DeleteVolumes, url=https://10.117.78.245/json-rpc/10.0, id=54
2017-10-30 19:13:22.386225 DEBUG [autologger.main.log:241] [MainProcess:MainThread] Sending HTTP POST request to server_url: https://10.117.78.245/json-rpc/10.0; {"params": {"volumeIDs": [203, 204]}, "method": "DeleteVolumes", "id": 54}.
2017-10-30 19:13:23.133138 DEBUG [autologger.main.log:241] [MainProcess:MainThread] JSON-RPC-POST response: {"id": 54, "result": {"volumes": [{"lastAccessTimeIO": null, "qos": {"burstIOPS": 15000, "curve": {"8192": 160, "32768": 500, "4096": 100, "1048576": 15000, "131072": 1950, "262144": 3900, "16384": 270, "65536": 1000, "524288": 7600}, "minIOPS": 50, "burstTime": 60, "maxIOPS": 15000}, "scsiEUIDeviceID": "3932326d000000cbf47acc0100000000", "qosPolicyID": null, "deleteTime": "2017-10-30T19:13:23Z", "enable512e": false, "volumeUUID": "07f5841e-9d47-4d43-bce9-536465d6590b", "volumeAccessGroups": [], "totalSize": 10000269312, "blockSize": 4096, "access": "readWrite", "purgeTime": "2017-10-31T03:13:23Z", "accountID": 218, "status": "deleted", "lastAccessTime": null, "attributes": {}, "volumeConsistencyGroupUUID": "a989e846-fd49-4a37-b7e4-b8a6a71b8ec1", "volumePairs": [], "scsiNAADeviceID": "6f47acc1000000003932326d000000cb", "createTime": "2017-10-30T19:06:38Z", "virtualVolumeID": null, "name": "S3-Domestic-src-1", "volumeID": 203, "iqn": "iqn.2010-01.com.solidfire:922m.s3-domestic-src-1.203", "sliceCount": 1, "enableSnapMirrorReplication": false}, {"lastAccessTimeIO": null, "qos": {"burstIOPS": 15000, "curve": {"8192": 160, "32768": 500, "4096": 100, "1048576": 15000, "131072": 1950, "262144": 3900, "16384": 270, "65536": 1000, "524288": 7600}, "minIOPS": 50, "burstTime": 60, "maxIOPS": 15000}, "scsiEUIDeviceID": "3932326d000000ccf47acc0100000000", "qosPolicyID": null, "deleteTime": "2017-10-30T19:13:23Z", "enable512e": false, "volumeUUID": "5257e882-7870-43be-bce5-b031a063b0dc", "volumeAccessGroups": [], "totalSize": 10000269312, "blockSize": 4096, "access": "readWrite", "purgeTime": "2017-10-31T03:13:23Z", "accountID": 221, "status": "deleted", "lastAccessTime": null, "attributes": {}, "volumeConsistencyGroupUUID": "ba41943f-5e4b-42dc-b245-e479b919b91a", "volumePairs": [], "scsiNAADeviceID": "6f47acc1000000003932326d000000cc", "createTime": "2017-10-30T19:06:43Z", "virtualVolumeID": null, "name": "S3-Domestic-tgt-1", "volumeID": 204, "iqn": "iqn.2010-01.com.solidfire:922m.s3-domestic-tgt-1.204", "sliceCount": 1, "enableSnapMirrorReplication": false}]}}
2017-10-30 19:13:23.133663 DEBUG [sf_platform.core.retry_handlers.retry_wrapper:636] [MainProcess:MainThread] CallContext 61 SUCCEEDED.
2017-10-30 19:13:23.135247 DEBUG [sf_platform.core.retry_handlers.retry_wrapper:624] [MainProcess:MainThread] CallContext 62: UUID=62-6589ff15-bda6-11e7-89b9-6c0b84e27010, function=call_readonly_cluster_api, call_stack=[/home/hnathani/repos/suites_refresh/nathaniel/nathaniel-sr-autoplatform/sf_platform/cluster_api.py:get_api:852, from /home/hnathani/repos/suites_refresh/nathaniel/nathaniel-sr-autoplatform/sf_platform/api/ApiVolume.py:purge_deleted_volumes:1206, from /home/hnathani/repos/suites_refresh/nathaniel/nathaniel-sr-autotest-content/steps/AutotestVolume.py:delete_volumes:1984, from /home/hnathani/repos/suites_refresh/nathaniel/nathaniel-sr-autotest-content/tests/bulk_volume/cases/bulk_volume_operations.py:_teardown:692, from /home/hnathani/repos/suites_refresh/nathaniel/nathaniel-sr-autoplatform/valence_repo/valence/camelot/case.py:_internal_teardown:339]
2017-10-30 19:13:23.135643 DEBUG [autologger.main.log:241] [MainProcess:MainThread] JSON-RPC-POST: method=GetAPI, url=https://10.117.78.245/json-rpc/10.0, id=55
2017-10-30 19:13:23.135954 DEBUG [autologger.main.log:241] [MainProcess:MainThread] Sending HTTP POST request to server_url: https://10.117.78.245/json-rpc/10.0; {"params": {"__includeSecretMethods": true}, "method": "GetAPI", "id": 55}.
2017-10-30 19:13:23.869159 DEBUG [autologger.main.log:241] [MainProcess:MainThread] JSON-RPC-POST response: {"id": 55, "result": {"supportedVersions": ["1.0", "2.0", "3.0", "4.0", "5.0", "5.1", "6.0", "7.0", "7.1", "7.2", "7.3", "7.4", "8.0", "8.1", "8.2", "8.3", "8.4", "8.5", "8.6", "8.7", "9.0", "9.1", "9.2", "9.3", "10.0"], "10.0": ["APIWriteBlock", "AddAccount", "AddBlockToBS", "AddClusterAdmin", "AddDrives", "AddInitiatorsToVolumeAccessGroup", "AddLdapClusterAdmin", "AddLocalAdmin", "AddNodes", "AddVirtualNetwork", "AddVlanDevice", "AddVolumesToVolumeAccessGroup", "AptClearCache", "AptInstall", "AptPurgeOldKernels", "AptSearch", "AptUpdate", "AptUpgrade", "BDTPipeline", "BindVirtualVolumes", "BreakSnapMirrorVolume", "CancelClone", "CancelGroupClone", "CancelVirtualVolumeTask", "CheckBlock", "ClearClusterFaults", "CloneMultipleVolumes", "CloneVirtualVolume", "CloneVolume", "CloneVolumeFromDead", "ComparePlatformConfig", "CompleteClusterPairing", "CompleteVolumePairing", "ComputeVolumeChecksum", "CopyDiffsToVirtualVolume", "CopyVolume", "CopyVolumeToSnapshot", "CreateBackupTarget", "CreateClusterSupportBundle", "CreateDatabaseEntry", "CreateGroupSnapshot", "CreateInitiators", "CreateMultipleVolumes", "CreateQoSPolicy", "CreateSchedule", "CreateSnapMirrorEndpoint", "CreateSnapshot", "CreateStorageContainer", "CreateSupportBundle", "CreateVirtualVolume", "CreateVirtualVolumeHost", "CreateVolume", "CreateVolumeAccessGroup", "DebPkgGetControlInfo", "DeleteAllSupportBundles", "DeleteDatabaseEntry", "DeleteDownloads", "DeleteGroupSnapshot", "DeleteInitiators", "DeleteQoSPolicy", "DeleteSnapMirrorEndpoints", "DeleteSnapshot", "DeleteStorageContainers", "DeleteVirtualVolumeHosts", "DeleteVirtualVolumes", "DeleteVolume", "DeleteVolumeAccessGroup", "DeleteVolumes", "DemoteClusterMaster", "DisableBmcColdReset", "DisableEncryptionAtRest", "DisableLdapAuthentication", "DisableSnmp", "DisconnectISCSISessions", "Download", "EnableBmcColdReset", "EnableEncryptionAtRest", "EnableFeature", "EnableLdapAuthentication", "EnableSnmp", "FastCloneVirtualVolume", "FillSlice", "FindMismatchedSliceLBAs", "FinishUpgrade", "ForceRecycle", "ForceWholeFileSync", "GetAccountByID", "GetAccountByName", "GetAccountEfficiency", "GetAptSourceLinesFromPackage", "GetAptSourceLinesFromSystem", "GetAsyncResult", "GetBackupTarget", "GetBinAssignments", "GetClusterCapacity", "GetClusterConfig", "GetClusterFullThreshold", "GetClusterHardwareInfo", "GetClusterInfo", "GetClusterMasterNodeID", "GetClusterSettings", "GetClusterState", "GetClusterStats", "GetClusterVersionInfo", "GetCodeTimings", "GetCompleteStats", "GetConfig", "GetConnectivityReport", "GetConstants", "GetCurrentClusterAdmin", "GetDaemonStatus", "GetDatabaseEntry", "GetDebugOptions", "GetDefaultQoS", "GetDriveConfig", "GetDriveHardwareInfo", "GetDriveStats", "GetEncryptionAtRestInfo", "GetEnsembleConfig", "GetFeatureStatus", "GetFibreChannelVolumeAccessInfo", "GetFirewallRules", "GetGCStatus", "GetHardwareConfig", "GetHardwareInfo", "GetImmutableValues", "GetInterruptInfo", "GetIpmiConfig", "GetIpmiInfo", "GetLdapConfiguration", "GetLimits", "GetLocalAdmin", "GetLocalStats", "GetLoginBanner", "GetLoginSessionInfo", "GetNTPStatus", "GetNetworkConfig", "GetNetworkInterface", "GetNetworkInterfaceStats", "GetNetworkInterfaceStatus", "GetNodeConfig", "GetNodeConstants", "GetNodeHardwareInfo", "GetNodeSSLCertificate", "GetNodeStats", "GetNtpInfo", "GetNvramInfo", "GetOrigin", "GetPendingOperation", "GetPlatformConfig", "GetProcessInfo", "GetQoSPolicy", "GetRawHardwareInfo", "GetRawStats", "GetRemoteLoggingHosts", "GetReport", "GetRsyslogInfo", "GetRtfiGeneration", "GetRtfiGenerationNext", "GetSSLCertificate", "GetSchedule", "GetServiceManagerState", "GetServiceStatus", "GetSliceFileSizeReport", "GetSliceInfo", "GetSliceReserveUsedThresholdPct", "GetSnmpACL", "GetSnmpInfo", "GetSnmpState", "GetSnmpTrapInfo", "GetStartupFlags", "GetStorageContainerEfficiency", "GetSystemStatus", "GetTemporaryDBVersion", "GetThreadBacktraces", "GetTime", "GetTimezone", "GetTracingConfig", "GetVasaProviderInfo", "GetVersionInfo", "GetVirtualVolumeAllocatedBitmap", "GetVirtualVolumeCount", "GetVirtualVolumeTaskUpdate", "GetVirtualVolumeUnsharedBitmap", "GetVirtualVolumeUnsharedChunks", "GetVolumeAccessGroupEfficiency", "GetVolumeAccessGroupLunAssignments", "GetVolumeCount", "GetVolumeEfficiency", "GetVolumeSetEfficiency", "GetVolumeStats", "InstallCleanup", "InstallPlatformConfig", "InvokeSetVersion", "IsUpgradeInProgress", "KillProcesses", "ListAccounts", "ListActiveNodes", "ListActivePairedVolumes", "ListActiveVolumes", "ListAllNodes", "ListAptSourceLines", "ListAsyncResults", "ListBackupTargets", "ListBulkVolumeJobs", "ListClusterAdmins", "ListClusterFaults", "ListClusterPairs", "ListCoreFiles", "ListDatabaseChildren", "ListDatabaseChildrenData", "ListDeletedVolumes", "ListDownloads", "ListDriveHardware", "ListDriveStats", "ListDrives", "ListEvents", "ListFibreChannelPortInfo", "ListFibreChannelSessions", "ListGroupSnapshots", "ListISCSISessions", "ListInitiators", "ListMountedFileSystems", "ListNetworkInterfaces", "ListNetworkNamespaceInfo", "ListNodeFibreChannelPortInfo", "ListNodeStats", "ListPendingActiveNodes", "ListPendingNodes", "ListProtocolEndpoints", "ListQoSPolicies", "ListRepositories", "ListSchedules", "ListServices", "ListSliceBranchesByService", "ListSnapMirrorEndpoints", "ListSnapshots", "ListStorageContainers", "ListSyncJobs", "ListTests", "ListUtilities", "ListVirtualNetworks", "ListVirtualVolumeBindings", "ListVirtualVolumeHosts", "ListVirtualVolumeTasks", "ListVirtualVolumes", "ListVolumeAccessGroups", "ListVolumeStats", "ListVolumeStatsByAccount", "ListVolumeStatsByVirtualVolume", "ListVolumeStatsByVolume", "ListVolumeStatsByVolumeAccessGroup", "ListVolumes", "ListVolumesForAccount", "ModifyAccount", "ModifyBackupTarget", "ModifyClusterAdmin", "ModifyClusterFullThreshold", "ModifyGroupSnapshot", "ModifyInitiators", "ModifyQoSPolicy", "ModifySchedule", "ModifySliceReserveUsedThresholdPct", "ModifySnapMirrorEndpoint", "ModifySnapshot", "ModifyStorageContainer", "ModifyVasaProviderInfo", "ModifyVirtualNetwork", "ModifyVirtualVolume", "ModifyVirtualVolumeHost", "ModifyVirtualVolumeMetadata", "ModifyVlanDevice", "ModifyVolume", "ModifyVolumeAccessGroup", "ModifyVolumeAccessGroupLunAssignments", "ModifyVolumePair", "ModifyVolumes", "MovePrimariesAwayFromNode", "NotifyIntentToRestart", "PrepareVirtualSnapshot", "PurgeAllDeletedVolumes", "PurgeDeletedVolume", "PurgeDeletedVolumes", "QueryVirtualVolumeMetadata", "ReadLink", "ReadSliceLBA", "ReadSliceLBAChecksum", "ReassignSlice", "RebalanceSlices", "RebootNode", "ReconfigureEnsemble", "RegenerateClusterUuid", "ReleaseFreeMemory", "RemoveAccount", "RemoveBackupTarget", "RemoveBlockFromBS", "RemoveClusterAdmin", "RemoveClusterPair", "RemoveCoreFiles", "RemoveDrives", "RemoveInitiatorsFromVolumeAccessGroup", "RemoveNodeSSLCertificate", "RemoveNodes", "RemoveSSLCertificate", "RemoveVirtualNetwork", "RemoveVlanDevice", "RemoveVolumePair", "RemoveVolumesFromVolumeAccessGroup", "RenameNetworkInterfaces", "ResetConstants", "ResetDrives", "ResetNode", "ResetNodeConstants", "RestartNetworking", "RestartServices", "RestoreDeletedVolume", "RollbackToGroupSnapshot", "RollbackToSnapshot", "RollbackVirtualVolume", "RotateLogs", "SecureEraseDrives", "SetAptSourceLines", "SetClusterConfig", "SetClusterFullThresholds", "SetClusterSettings", "SetConfig", "SetConstants", "SetDaemonStatus", "SetDatabaseEntry", "SetDebugOptions", "SetDefaultQoS", "SetInitiatorID", "SetLoginBanner", "SetLoginSessionInfo", "SetNetworkConfig", "SetNetworkInterfaceStatus", "SetNodeConstants", "SetNodeSSLCertificate", "SetNtpInfo", "SetPlatformConfig", "SetRemoteLoggingHosts", "SetRepositories", "SetRsyslogInfo", "SetSSLCertificate", "SetSnmpACL", "SetSnmpInfo", "SetSnmpTrapInfo", "SetStartupFlags", "SetTemporaryDBVersion", "SetTime", "SetTimezone", "SetTracingConfig", "SetUpgradeNodeId", "Shutdown", "SnapshotVirtualVolume", "SnmpSendTestTraps", "StartBulkVolumeRead", "StartBulkVolumeWrite", "StartClusterBSCheck", "StartClusterPairing", "StartGC", "StartRtfi", "StartUpgrade", "StartVolumePairing", "StopClusterBSCheck", "TestClientConnectivity", "TestConnectEnsemble", "TestConnectMvip", "TestConnectSvip", "TestDrives", "TestHardwareConfig", "TestLdapAuthentication", "TestLocalConnectivity", "TestLocateCluster", "TestNetworkConfig", "TestPing", "TestRemoteConnectivity", "UnbindAllVirtualVolumesFromHost", "UnbindVirtualVolumes", "UpdateBulkVolumeStatus", "UpgradeStartupFlags"], "currentVersion": "10.0"}}
2017-10-30 19:13:23.869854 DEBUG [sf_platform.core.retry_handlers.retry_wrapper:636] [MainProcess:MainThread] CallContext 62 SUCCEEDED.
2017-10-30 19:13:23.871372 DEBUG [sf_platform.core.retry_handlers.retry_wrapper:624] [MainProcess:MainThread] CallContext 63: UUID=63-6589ff16-bda6-11e7-89b9-6c0b84e27010, function=call_readonly_cluster_api, call_stack=[/home/hnathani/repos/suites_refresh/nathaniel/nathaniel-sr-autoplatform/sf_platform/cluster_api.py:get_constants:3722, from /home/hnathani/repos/suites_refresh/nathaniel/nathaniel-sr-autoplatform/sf_platform/api/ApiVolume.py:purge_deleted_volumes:1207, from /home/hnathani/repos/suites_refresh/nathaniel/nathaniel-sr-autotest-content/steps/AutotestVolume.py:delete_volumes:1984, from /home/hnathani/repos/suites_refresh/nathaniel/nathaniel-sr-autotest-content/tests/bulk_volume/cases/bulk_volume_operations.py:_teardown:692, from /home/hnathani/repos/suites_refresh/nathaniel/nathaniel-sr-autoplatform/valence_repo/valence/camelot/case.py:_internal_teardown:339]
2017-10-30 19:13:23.871740 DEBUG [autologger.main.log:241] [MainProcess:MainThread] JSON-RPC-POST: method=GetConstants, url=https://10.117.78.245/json-rpc/10.0, id=56
2017-10-30 19:13:23.872019 DEBUG [autologger.main.log:241] [MainProcess:MainThread] Sending HTTP POST request to server_url: https://10.117.78.245/json-rpc/10.0; {"params": {}, "method": "GetConstants", "id": 56}.
2017-10-30 19:13:24.779305 DEBUG [autologger.main.log:241] [MainProcess:MainThread] JSON-RPC-POST response: {"id": 56, "result": {"cIOLatencyThresholdReplicationRemoteUS": "117498073", "lcSSync": 0, "cClusterFaultCheckIntervalMSec": 40000, "cExpireVolumeSnapshotsEnableSnapshotExpiration": true, "cBinSyncRequests": 20, "cSnapMirrorTransferTimeoutSeconds": 900, "cBulkVolumeServerStartupDelayMS": 5000, "cEnableTURVolumeReadyCheck": true, "cFlusherSecondaryRatio": 1, "cReattemptSliceAssignmentSecs": 10, "cSliceInitialSyncDelayMS": 14000, "laMS": 5, "cHangDetectEnabled": 1, "laUtil": 5, "cSnapMirrorExecutionLatencyThresholdMS": 100, "cAdditionIncrement": 1, "cMaxRemoteRepSnapshots": 2, "cEnableUnresponsiveServicesCache": 1, "cMaxVolumeWriteRequestBytes": 524288, "cBufferManagerHangTimeoutSeconds": 300, "cBDTBlockIDsInPipelineThreshold": 10000, "lcSOAP": 0, "laDirtyBlock": 5, "cSCSIUpdateVolumeInventoryInitialDelayMSec": 10, "cForceOrderedTaskAttributeInterval": 0, "cClusterMasterTimeout": "00:00:20.000000", "cBSUndiscardDiscardedBlocksOnRead": false, "cGCMaxOutstandingFilterMessages": 100, "cQoSThrottledLogLimitIntervals": 10, "cVvolPeCountPerNode": 1, "cISCSIMaxVolumeTargetSessionCommands": 32, "cBufferManagerEnableBackgroundFree": true, "cBSAgeToPruneRecentlyWrittenBlocks": "00:10:00.000000", "cChooseBinSyncPercentageWhenLatencyIsAcceptable": 40, "cRebalanceSizePowExpTimes100": 50, "cVvolsPerAccountLimitEventMargin": 500, "laDrive": 5, "cFailedReadLeaseMSec": 10000, "cBDTRetryDelayMS": 1000, "lcSSMonitor": 0, "cEnableBulkSliceBlocksVerification": 0, "cSliceSyncControllerHangTimeoutSeconds": 300, "cUpdateTaskReattemptDelayMS": 1000, "cISCSIDesiredImmediateData": true, "cHighMemoryWriteLockoutEnabled": true, "cEnableThinProvisioning": 1, "cDoNotAllowSimultaneousClusterFaultChecks": true, "cUseNewBinAssignmentAlgo": true, "lcBulk": 0, "lcUpgrade": 0, "cSCSITaskLimitPerITLNexus": 32, "lcAPIClient": 0, "cBufferManagerFlushInterval": 100, "cPerfRecorderEnable": 0, "laCS": 6, "cBSCheckPostThreadPoolSize": 8, "cClientQueueDepthBoundary": 8, "cLSFileSystemAsyncThreads": 5, "cNvramDeviceRadianLowerTempLimit": 52.0, "cStage2EventReportIntervalSecs": 3600, "lcIORouting": 0, "lcFeatureManager": 0, "lcISCSI": 0, "cRecompressCpuThreshold": 60, "cDisableReplicatedWrite": 0, "cBDTBlockIDQueryForceNonExistPct": 0, "cMaxVolumeReadRequestBytes": 524288, "cITLNexusBridgeLTQTimeLimitMS": 0, "cSSSegmentWriterDesiredBytesPerSecond": 0, "cSyncingChecksumChunkBytes": 4194304, "cClusterFaultMonitorFailedSpaceErrorPercentage": 25, "cLSActivePctForFullRead": 0.2, "cIORoutingReportNonOptimizedEventTimeMS": 3600000, "lcBootstrapper": 0, "cForceBinSyncWithoutChecks": -1, "cConstantGCWhenMemoryUsageErrorAndAbove": true, "cIOLatencyThresholdReadMetadataOneBlockUS": "13999770", "cRecentlyWrittenBlockCount": 500000, "cISCSIIncomingConnectionErrorRestart": true, "cSSDirectorEnableExpansionWithUnreplicatedSlices": false, "cDisableBinAssignmentUpdates": false, "cLSFileMaxBuffersToFlush": 1000, "laBDT": 5, "lcVAAI": 0, "cMinimumNumberOfMessagesToSend": 1, "cSSDirectorMovePrimariesBeforeRestart": true, "cMinIOPSAdjustment": 105, "cTickerHangTimeoutSeconds": 300, "cReportSlowStartOpcodes": 0, "cClusterFaultMonitorFailedSpaceCriticalPercentage": 80, "cCheckMemoryUsageBeforeBSMapResize": false, "cCrcErrorThreshold": 0, "cLSFileAsyncOperationTrackerCacheSizeToDumpState": 200, "cRebalancePrimaryScoreThresholdTimes100": 0, "cEnableVvolsPerAccountLimit": true, "cPlatformMonitorCheckInterval": "00:00:30.000000", "laPCache": 5, "cGCReverseCollectionOrderOptimizationEnable": false, "cVvolRebindTimeoutWaitingMSec": 600000, "cSyncingUnlockOnSteal": 0, "cUseMaxWriteLatencyForLocalWriteLatency": false, "cLdapClientAuthCacheTimeoutSecs": 300, "cBSRecycleAtPct": 0.05, "cSliceRotationCheckMS": 1000, "lcOWrite": 0, "cBinSyncRequestPerService": 2, "cFileSystemUsageComponentMonitorLowFreeSpaceResolvedPercent": 10.0, "laAPIClient": 5, "cPerSessionReadBytesActivityThreshold": 4096, "cIpmiComponentMonitorNumFailedSelfTestsForFault": 10, "cRPCThreadCountIOService": 4, "cIOLatencyThresholdVolumeReadCallbackUS": "18999688", "cSkipGC": false, "cUseWriterPreferredLockInWriteCombiner": 1, "cLdapSearchTimeoutSecs": 5, "cQoSThreads": 4, "cSliceFileMaxWriteBufferSize": 1048576, "cSnapMirrorFeatureAllowed": false, "cSnapMirrorHangTimeout": "00:05:00.000000", "cFillSliceSyncInterval": 10000, "laVvols": 5, "cSplitWriteBlocksFactor": 4, "cMtuCheckTimeout": "00:00:00.500000", "cBSCheckMaxOutstandingQueriesBackground": 2, "cForceCheckpointOnLSFSv2Upgrade": true, "cISCSIPeriodicCheckIntervalMSec": 3600000, "cRemoteProcessControlDefaultKillServiceSignal": "TERM", "cEnableHighMemorySyncPrevention": true, "cSmallLSFSDiskOverheadPercentage100Basis": 15, "laFeatureManager": 5, "cTakeoverThreadBacktraceInterval": "00:00:00.000000", "cClientWriteOpTimeoutMS": 1000, "cBinSyncReadTimeoutMS": 29000, "cBDTPipelineProcessingLimit": 5, "laFlow": 5, "laLSFiles": 5, "laLeader": 5, "cMaxVolumesLimitEventMargin": 100, "cBDTBlockIDQueryBatchSize": 500, "cMaximumNumberOfMessagesToSend": 100000, "cAssertFlushBlocks": 1, "cBulkVolumeRequestTimeoutMS": 5000, "cBSUsedSpacePercentageToLockOutWrites": 5, "cLSFileNumberOfLBIsInCheckpointRegion": 1753, "cISCSIDesiredMaxBurstLength": 262144, "cSliceLayoutMaxSlicesPerService": 10000, "cSnapshotDatabaseDelay": 600, "cKernelCrashDumpMakedumpfileLevel": 18446744073709551615, "cBSBlockIDFullQueryBatchSize": 1, "cTemporaryITLDelayedResponseMSec": 100, "lcSubProcess": 0, "cEnableReplicationTargetVolumeReads": 0, "cSliceBalanceReportInnerThoughtLimit": 50000, "cITLNexusBridgeLTQSizeLimit": 18446744073709551615, "cBufferManagerEnableBackgroundThresholdFlush": true, "cBulkVolumeUtilityThreads": 4, "cMaxSCSITaskLatencyAbortEventLimitMSec": 20000, "laAPI": 5, "cMaxISCSISessionLoginResponseLimitMSec": 10000, "lcFillSlice": 0, "cBufferManagerEnsureBuffersWaitThreshold": 1000, "cGroupSnapshotReadyTimeoutSec": 10, "cBufferManagerEnableBackgroundOptimisticFlush": true, "laISNS": 5, "cMovePrimariesOnShutdownTest": 0, "cSliceBalancerFullnessCheckerVolumeSamples": 100, "cSSThrottleStage2Pct": 0.02, "cLSFileMaxRangeSizeForInlineTrim": 1, "cBufferManagerBufferGCReadsFreePercent": 30, "cFilterBias": 100, "cRebalanceUsingDeviationsOnUpgrade": true, "cBSActivePctForFullRead": 0.2, "cLdapMaxGroupsPerUser": 1024, "cUnboundRPCTargetITLNexusRemovalMSecs": 30000, "laSOAP": 5, "cBSCheckGenerateEvents": 0, "cISCSILoginTimeoutMSec": 120000, "cSliceFileThrowOnBadChecksum": 0, "laFS": 5, "cMaxSCSITaskMgmtLatencyEventLimitMSec": 10000, "cBSCheckShuffleSliceOrder": true, "cStage4ThrottlingEnabled": true, "lcPackageManagement": 0, "laUnitTest": 8, "cSliceHeartbeatInterval": 1500, "cIOLatencyThresholdPrimaryCacheTotalUS": "40999327", "cClusterFullStage": 0, "cBSBlockIDLightQueryBatchSize": 100, "cISCSISocketBufferSize": 4194304, "cIOLatencyThresholdQosUS": "12499795", "cEnableISCSIDiscoveryLogging": 0, "cIOLatencyThresholdLSFSWriteUS": "35999409", "cIdleSocketCheckSeconds": 1, "cAllVvolsBindingsAreActive": false, "cTemporaryITLNexusExpirationMSecs": 60000, "cSliceBalanceClearDesiredReplicasOnTick": true, "cUpdateRtfiPendingNodeStatusTimeout": "00:00:05.000000", "laFirewall": 5, "cPostSliceCopy": 0, "cMaxQosDelayEventLimitMSec": 10000, "cBufferManagerMaxOutstandingFlushes": 10000, "cLowMemoryWarningPercent": 5.0, "cClusterFaultMonitorEnableExtraDebugInfo": true, "cVvolRebindTimeoutInprogressMSec": 1200000, "cBmcResetLoopUntilSleepSeconds": 1, "cRecompressionAlgorithm": 3, "cTrackRPCWireTime": 1, "cMtuCheckTotalTimeout": "00:00:30.000000", "cMinNumberOfCacheFilesForUnblockingHead": 3, "cSocketBufferIdleMS": 500, "lcShell": 0, "cDiskSegmentFileEnableSegmentReadOptimization": true, "cISCSITargetSummaryIntervalMSec": 300000, "cMaxSCSIWriteSameMBytes": 16, "cDriveUdevSleepDuration": "00:00:01.000000", "cRequireSmallServiceNotOverused": true, "laRemoteRep": 5, "cClusterBeaconExpireAvailableNodes": "00:00:15.000000", "cSCSITaskLoggingLowerBoundMSec": 100, "cLSFileSystemSpaceCalcThreads": 2, "cVvolTaskExpireSec": 172800, "cEnableSliceBlocksVerification": 0, "cFileRecycledLogThresholdSec": 300, "cSliceFileManagerGCThreadHangTimeoutSeconds": 3600, "cForceBiasedSelectionPrimary": 0, "laNvram": 5, "cSliceBalanceMaxDesiredConcurrentMigrations": 500, "cMaxVolumesPerMultiAPI": 500, "lcRemoteRep": 0, "cTemporaryITLNexusRemovalMSecs": 65000, "lcDirtyBlock": 0, "cBSEraseRecentWritesInterval": "00:00:05.000000", "cLatencyMaxMSec": 2000, "laShell": 5, "cSnapshotBeginRequestLatency": 10, "laReplication": 5, "cIOLatencyThresholdReadBlockClusterStorageUS": "109998196", "cClusterFullMaxSliceNodeFailuresLogAssignments": 0, "cSliceBalancerFullnessCheckerAgeOfSyntheticSamples": "24:00:00.000000", "cMtuCheckAttempts": 1, "cISCSIDesiredFirstBurstLength": 262144, "cSliceSyncStartLiveSyncThreadCount": 12, "laQoS": 5, "cLogHeartbeatRPCMessages": false, "cSCSITaskLoggingUpperBoundMSec": 10000, "cSyncingBufferBytes": 2097152, "cBackgroundFlushThresholdPercent": 55, "cSyncingMSleepOnSteal": 10, "cSCSI2ReserveDelayMSec": 0, "cSliceSyncDeadSyncThreadCount": 10, "cDriveStateChangeTimeout": "00:00:01.000000", "cMaxClusterFullRecentHistoryEntries": 3, "cSslCertificateExpirationWarningDays": 30, "cMinIOPSLatencyUS": 2000, "cPerSessionWriteDefault": 65536, "cEnableUnblockHeadOfSecondaryCache": "Disabled", "cRRQosTimeoutSec": 7, "lcFTC": 0, "lcRecorder": 0, "laNetworkNamespace": 5, "cChecksumInlineSyncEnd": 1, "cISCSILoginFailureDelayMSec": 4500, "laScheduler": 5, "cSnapCoordinatorHangTimeoutSeconds": 300, "lcDrive": 0, "cStartupReplayHangTimeoutSeconds": 1800, "cSSDirectorEnableExpansionWithUnmovedInProgressClones": false, "cSyncingUnlockOnStealMS": 2000, "cRebalancePrimaryIopsBackoff": 49, "cBDTMaxReadLBAs": 1000, "cMaximumReadSliceLbaNBlocks": 20480, "cChoosePrimaryPercentageWhenLatencyIsAcceptable": 50, "cRecompressUncompressedBlocks": 0, "cBSAutomaticCheckPostThreadPoolSize": 1, "lcVS": 0, "lcSnaps": 0, "cAlwaysForceRecycle": 0, "cRebalanceScoreThresholdTimes100": 0, "cLowMemoryHysteresisBytes": 0, "cDisableVolumeReadWrite": 0, "cClusterPairSoftwareDeltaMax": 1, "kSamplesToResetConsolidatedQueueStats": 30, "cEnableSpaceBasedRebalancing": true, "cEnableBlockIDVerifyRecompressIfNoChecksum": true, "cRestAPIServerShutdownKillTimeout": "00:00:20.000000", "cStage4ThrottlingBegin": 0, "cInlineVolumeReadOps": 0, "cDisablePrimaryCacheWrite": 0, "cForceBias": 0, "cSnapMirrorMaxReadWriteAttempts": 30, "cISNSClientEnabled": 0, "cBSAutomaticCheckNumThreads": 1, "cFileSystemUsageComponentMonitorLowFreeSpacePercent": 5.0, "cKernelCrashDumpDesiredState": "PlatformDefault", "cWaitingIoCheckTime": 16, "cEnableMetadataStageJumpLimiting": true, "cPerSessionWriteBytesActivityThreshold": 4096, "cClusterFullMaxSliceNodeFailuresStage4TestAll": 1, "lcBuffer": 0, "cSimulateBSFailures": 0, "kTruncatedBloomFilterHashCount": 4, "laDBServer": 6, "cIOLatencyThresholdReplicationLocalUS": "51999147", "laBulk": 5, "lcQoS": 0, "cEnableMaxVolumesLimit": true, "cMaxVolumesPerGroupSnapshot": 32, "cPrimaryFlusherWorkerThreads": 6, "cMaxEfficiencyGenerations": 2, "cDesiredSliceServicePort": "4002", "lcBSRecycle": 0, "cLocationStorageInitialSliceMapSize": 5120, "cPerSessionTaskActivityThreshold": 1, "cCheckVvolHostInitiatorName": true, "cBlockServerBloomFilterPercentageFullThreshold": 40, "cBlockIDQueryOpTimeoutMS": 29000, "cWorkerThreadGroup::WorkerThreadResourceUsageInterval": 5, "cAlwaysReturnAllocatedBitmap": false, "laBSDirector": 5, "cEnableRecompression": 1, "cAllowDriveTypeModificationOfSlotNum": 2, "cGroupSnapshotDeleteIntervalMS": 2000, "laTS": 5, "cSliceLayoutSizeFillBiasTimes100": 20, "cGCFilterMessageErrorCountFailureThreshold": 100, "laISCSI": 5, "cPerSessionReadDefault": 65536, "cLSFileAllocatedBufferLogThreshold": 10, "cISCSIInitiatorSocketBufferSize": 8388608, "laSSync": 5, "cLSFileNumBuffersPerFlushBatch": 10, "cRecorderSamplerThreads": 1, "cIOLatencyThresholdVolumeWriteCallbackUS": "25499581", "lcDB": 0, "cBSMapResizeAfterGCThreshold": "Error", "laConflict": 5, "lcSCache": 0, "cGCSendBloomFiltersInSeparateThreadEnable": false, "cRebalancePrimaryMinIopsRatioWeighting": 0, "cChecksumBeginRequestLatency": 10, "cLowMemoryWarningBytes": 0, "cOverrideBSKill": 0, "cVvolStaleOldNormalBindings": true, "lcBSCheck": 0, "cDefaultSnapshotTimeout": 60, "cClusterBeaconCheckExpiredNodesInterval": "00:00:02.000000", "cSCSIDelayedResponseMSec": 1000, "cSnapMirrorDelayedRetryMSec": 1000, "cLocationStorageSecondaryCacheInitialPerSliceMapSize": 128, "cISCSILoginRedirectDelayMSec": 500, "laBuffer": 5, "cNumSliceFileReadThreads": 12, "cCheckForSystemSliceDriveOnDriveAdd": true, "cMaxDrivesPerSliceService": 2, "cReplayWriteSameChunkSize": 1048576, "cConnectITLNexusBridgeRetryDelayMS": 1000, "laVASA": 5, "lcPipe": 0, "cSimConnectionGuardTimerMS": 600, "lcSnapMirror": 0, "cISCSIHostTouchSec": 3600, "cClusterMasterStartupKillTimeout": "00:01:45.000000", "laReports": 5, "laBinSync": 5, "laBS": 5, "cNumBytesToCheckForZeroDuringMDSDStartup": 4096, "laClone": 5, "cISCSISessionPingIntervalMSecs": 60000, "cBulkVolumeUnitTestDisable": 0, "lcSnapMirrorAgent": 0, "cSSDirectorEnableExpansionWithUnhealthyServices": false, "cISCSIDesiredMaxOutstandingR2T": 4, "cPrimaryCacheTryNextSetAttempts": 4, "cDBServerConnectionTimeout": "00:00:01.500000", "lcReports": 0, "lcAPI": 0, "cSSDirectorEnableExpansionWithSlicesPrimary": false, "cSliceSyncControllerAllowRevocation": 1, "cSliceFileLongPostTimeoutMS": 15000, "cSSHealthMonitorHealthSamplesMax": 20, "laRecovery": 5, "cEnableSSSegmentWriterThrottling": true, "cSnapshotReplicationEnabled": true, "cBufferManagerFreeTimestep": 5, "lcReplication": 0, "cVasaProviderControlPort": "9000", "cHeartbeatHangTimeoutSeconds": 300, "cDefaultSamplePeriodMSec": 500, "cLowMemoryHysteresisPercent": 1.0, "lcGC": 0, "lcProcess": 0, "cSCSITaskLoggingTransferSize": 0, "cEnableHighMemorySnapshotPrevention": true, "cDrivePrepareTimeout": "00:00:15.000000", "cMaxSCSIReadWriteMBytes": 2, "cQoSPolicyCountMax": 500, "cSecondaryFlusherWorkerThreads": 1, "laPipe": 5, "cSnapshotsMaxPerVolume": 32, "cISCSIMaxSessionReinstatementLimit": 200, "cClusterFaultMonitorEnableClusterFullOnIncompleteInfo": false, "cSocketBufferAvailableThresholdBytes": 0, "cKernelCrashDumpMinFreeGb": 18446744073709551615, "cForceSuccessOfBinSyncRequest": 0, "laVvolManager": 5, "cBufferManagerNumFlushThreads": 16, "cConsiderResponsiveDeadsInSupportingServices": 1, "cReplayChunkSize": 16384, "lcFlow": 0, "cLowMemoryCriticalBytes": 4294967296, "laEfficiency": 5, "cBSCheckIntervalSeconds": 0, "cMaxVolumesPerQoSPolicy": 500, "cMaxSCSITaskLatencySeconds": 300, "laSCSIDevice": 5, "cDBFUsageMinIOPS": 60, "cMaxQueuedBytesPerContext": 2097152, "cDisableBlockReadWrite": 0, "laBSCheck": 5, "cClusterFaultOnInterfaceStats": false, "cIOPathHangTimeoutMS": 30000, "laBootstrapper": 5, "cBSCheckPauseInterval": 1, "lcBinSync": 0, "cIOLatencyThresholdReadMetadataMultipleBlocksUS": "13999770", "cCreateVolumeSleepMillis": 200, "laVAAI": 5, "cVASARegisterDelayOnFailureMS": 1000, "cISCSIEnableSessionReinstatementCheck": 1, "cPerServiceReadOutstandingDataLimit": 104857600, "cFakeBSStatsError": 0, "cIpmiComponentMonitorNumFailedReadingsForFault": 5, "lcClone": 0, "cSliceSyncUseBulkBuffer": 1, "lcNvram": 0, "cVasaProviderAddress": "127.0.0.1", "cISCSISessionMonitorIntervalMSec": 10000, "cClusterBSCheckMode": 0, "cISNSClientRegisteredVolumeID": 0, "cNumDelayedSSCallbackThreads": 12, "cPerServiceWriteOutstandingDataLimit": 10485760, "cStage4ThrottlingMaxValue": 100, "cSequenceRRWrites": 1, "cNumHeartbeatThreads": 3, "cLocalLSFSSlicesFileOverheadLimitBytes": 16106127360, "cFcConfiguratorSingleThreadPort": false, "cIOLatencyThresholdLSFSLogWriteUS": "12499795", "cEnableCompression": 1, "cISCSIMaxClusterTargetSessionCommands": 2048, "cReplicateWriteThreads": 8, "laHeartbeat": 5, "cLSFileSystemHangTimeoutSeconds": 1800, "laISI": 5, "cVvolDBCruftScanIntervalMSec": 600000, "cSnapshotUnregisterDelayMS": 4000, "cIrqBalancerRebalanceIntervalMilliseconds": 3600000, "cMaxSliceWriteBlocks": 8, "cPostCallbackThreadCount": 8, "kMaxLatencyLimitMultiplier": 5, "cRebalancePrimaryIopsMultiplierTimes100": 1000000, "cSnapMirrorFullnesStageToBlockWrites": 4, "cSCSITaskLimitPerVVolITLNexus": 2048, "laBSMap": 5, "laCompression": 5, "laFillSlice": 5, "cScFullnessThresholdPercent": 20, "cISCSISessionVVolActiveCommandTracking": false, "lcRecovery": 0, "lcBSDirector": 0, "laVolume": 5, "cIORoutingReportNonOptimizedEventCheckIntervalMS": 300000, "cDisableQoS": 0, "cISCSIBindingTouchSec": 3600, "laNet": 5, "cFcConfiguratorNumThreads": 24, "cBSOpQueueHangTimeoutSeconds": 300, "cInlineVolumeWriteOps": 0, "cDriveEraseTimeout": "00:00:30.000000", "cClusterMasterShutdownKillTimeout": "00:01:00.000000", "cEnableISCSISessionPings": true, "cMSCrashOnLocalDriveRemoval": 0, "cRRTargetFreezeDelayTimeout": 16, "cSnapMirrorTransferTimeoutCheckSeconds": 300, "cGarbageCollectionIntervalOffsetSec": 0, "cNvramDeviceRadianUpperTempLimit": 55.0, "cPrimaryLeaseSpeedupFactor": 1, "cMaxQueuedRecorderEvents": 10240, "cDefaultLoopingThreadHangTime": 300, "cISCSISlowLoginRequestLoggingMSec": 10000, "cRtfiStatusInterval": "00:00:20.000000", "kFullBloomFilterHashCount": 1, "cAverageBlockSize": 1638, "cTraceBufferSize": 65536, "cBDTWriterBatchSize": 500, "lcLSFiles": 0, "lcScheduler": 0, "lcVASA": 0, "cInjectSSLoad": 0, "lcCompression": 0, "cBmcResetTimeoutMinutes": 5, "cPreventSyncWritesSSLoad": 80, "cBSIncorporateUnusableSpaceInUsedBytes": true, "laAll": 5, "cNumFillSlicePoolThreads": 10, "cConnectionActivityLoggingVolumeId": 0, "cSyncAfterCreateBranch": false, "laPackageManagement": 5, "cITLNexusReplacementMSecs": 50, "cLSFileMaxSyncRangeForSimpleLoop": 116281, "cMovePrimariesOnShutdown": 1, "cConnectionMonitorSimpleConnection": false, "cBinSyncIgnoreCheck": 0, "cISCSIEnableEventSuppression": 1, "cMaxRemoteRepBDT": 10, "lcCS": 0, "cVolumesPerAccountLimitEventMargin": 100, "laOWrite": 5, "cITLNexusBridgeLTQProcessingLimit": 32, "cDumpBacktracesOnSCSITaskEIOMSec": 0, "cPanicOnOops": true, "cISCSIMaxSessionSocketErrorLimit": 10, "cEnableEventSuppression": true, "cTimeUntilBSIsKilledMSec": 330000, "cMaxQueuedBytesPerSession": 41943040, "cMaxSCSITaskLatencyEventLimitMSec": 30000, "cTimeToDecreaseOutstandingNumberOfBlocksMilliseconds": 10000, "cInitiateShutdownDelay": 2, "cGlobalSchedulablePoolThreads": 2, "cGCMinimumOutstandingFilterMessagesPerBS": 2, "cMaxSCSIUnmapBlocks": 4294967295, "cBSCheckRetryXUBIDRead": true, "cIOLatencyThresholdReplicationTotalUS": "117498073", "cStage4ThrottlingMinValue": 0, "cLogUnusedParameters": false, "cPercentOfDriveSpaceBetweenCheckpoints": 10.0, "cBDTBatchReadQueueSizeLimit": 1000, "cBufferManagerFlushTimestep": 5, "cGCMonitorGCRuntimeEstimateMultiplier": 2.0, "cDriveUnlockTimeout": "00:00:30.000000", "cBufferManagerMaxFreeBuffersPerCall": 100, "cMultiplicativeDecreaseFactor": 10, "cMinVolumeWriteRequestBytes": 65536, "lcBlocks": 0, "lcEvent": 0, "cGCBlockIDHashPrefetchLevel": 4, "cZeroIOPSLatencyUS": 6000, "cIOLatencyThresholdTotalSliceReadUS": "110998179", "cClusterPairUpgradeEnforced": true, "cClonesMaxSimultaneousPerVolume": 2, "cSyncingYieldOnSteal": 0, "cSliceRebalanceScoringAlgorithm": 3, "cHangDetectIntervalSeconds": 30, "cHighMemorySyncLockoutEnabled": true, "cNumberOfBSReadRetries": 4, "cBinAssignmentsDontKeepPRDReplicas": -1, "cPrimaryQueueLatencyLimitUS": 250, "cAllowBSMapResizeAfterGC": true, "cSSHealthMonitorHealthSamplesMin": 5, "cClonesMaxSimultaneousPerNode": 8, "cEnableConnectionMonitorISCSILogging": false, "cIncludeHeadroomInBlockStageCalculation": true, "lcVvols": 0, "laBSRecycle": 5, "cForceSliceBlocksDeepCopyFromBuffer": 0, "laSubProcess": 5, "cISCSIDesiredInitialR2T": true, "cEnableVolumesPerAccountLimit": true, "cSchedulerDisabled": false, "cFrameErrorThreshold": 0, "cSliceFileManagerNumGCThreads": 4, "lcFlusher": 0, "lcBDT": 0, "laSnmpTrapSender": 5, "cLSSliceFileSizeRequestFastMode": 1, "lcTS": 0, "cBulkVolumeSlicesReadyTimeoutSec": 10, "cSServiceSocketBufferSize": 8388608, "cITLNexusBridgeExcessiveExceptionTimeLimitMS": 10000, "cRecentScalingFactor": 30, "laBlocks": 5, "cClusterStorageKnownBlocksCacheSize": 0, "cBulkVolumeMaxTransferSize": 1048576, "cLSFileLogUseBulkBuffer": 0, "cKernelCrashDumpDirectory": "", "cBDTBatchReadTimeLimitMS": 20000, "laSnapMirror": 5, "cEventUnusedParameters": false, "cLdapMaxServerCount": 4, "cBurstTimeSec": 60, "cSnapMirrorPostedLatencyThresholdMS": 100, "cMaxIncomingSliceSyncs": 10, "cRebalanceIopsBackoff": 49, "cUseIdealIopsRatio": true, "lcISNS": 0, "cRecentlyReadBlockCount": 10000, "cBSCheckPauseMSec": 100, "cEnableISCSILoginFailureLogging": 0, "laDiskSegment": 5, "cNumHeartbeatTakeoverThreads": 3, "cISCSIMaxSessionLoginTimeoutLimit": 20, "cEnableSliceFileIncrementalSyncing": 1, "cWorkerThreadGroup::WorkerThreadCollectStatistics": 1, "cEraseRangesAtOnce": 512, "cSnapMirrorDelayThreadPoolSize": 4, "cVvolSnapExpireSec": 3000, "cDisablePCacheCleanFiles": false, "cBufferManagerBackgroundFreePercent": 25, "cChecksumSyncEnd": 1, "cFlusherDisable": false, "lcSlice": 0, "cVirtualNetworkAddressThresholdWarningPercent": 0, "cQoSMinIOPSDefault": 50, "cVASAStartupWaitTimeMS": 5000, "cISCSIMaxIncomingConnectionErrorLimit": 5, "cISCSIVvolPeProviderMonitorIntervalMSec": 5000, "cSCSIUpdateVolumeInventoryRetryDelayMSec": 10, "lcSnmpTrapSender": 0, "cSSDirectorEnableExpansionWithUnresponsiveServices": false, "cBSOpQueueReadThreads": 6, "lcVolume": 0, "cMinVolumeReadRequestBytes": 65536, "cWaitForLocalBSStartupTimeoutRatio": 100, "cSSThrottleStage1Pct": 0.05, "cGCLimitCollectorThreadCPUs": true, "cDefaultNumberOfBlocksInWriteBlocksMessage": 4000, "cRtfiApiTimeout": "00:01:00.000000", "cISNSClientPollMSecs": 5000, "cLSFileLockAquireLogTimeOutMS": 1000, "laFlusher": 5, "cSocketBufferSize": 0, "cRecorderSamplerMaxRecordFrequencySec": 0, "cSizeOfWriteBlocksMessageBytes": 6291456, "cDemoteClusterMasterDelayMSec": 3000, "cPanicOnAssertViolation": true, "lcDBServer": 0, "cCPUStatsSamplePeriodMSec": 5000, "cClientReadOpTimeoutMS": 1000, "cFlusherMainThrottleMS": 1000, "cLdapConnectTimeoutSecs": 2, "cClusterFaultMonitorExtraInfoFileGroup": {"directory": "/var/log/clusterfaults", "maxFileCount": 50, "deletePolicy": "FileName", "ignoreDirectories": null, "maxFileSizeTotal": 1073741824}, "cGlobalPoolThreads": 8, "cBSNumParallelBinsAtStartup": 4, "cVvolManagerPEForceFailbackSec": 300, "cFcConfiguratorSingleThreadSetup": false, "cSliceLbaLiteVolumeID": 0, "cRPCThreadCount": 8, "cLSDDMaxRecyclngReadSizeKB": 512, "cITLNexusBridgeUnresponsiveRPCTargetTimeLimitMS": 10000, "cLSFileMaxRangeSizeForInlineShare": 1, "cUpdateRtfiPendingNodePurgeThreshold": "24:00:00.000000", "cSocketBufferCompactThresholdBytes": 0, "cEnableAutoInstall": true, "cRemoteRepAsyncDelayExceededTime": "06:00:00.000000", "cLSFileValidateChecksumsOnDiskRead": true, "laCStore": 5, "cBinSyncSecondsAllowedToAccumulate": 1, "cNetworkFaultRecoveryRestartTime": "00:15:00.000000", "cBSPostWriteBlocks": 1, "cUseHeartbeatIndirectInfo": 1, "cBServiceFillSliceReportSuccessEvent": true, "cSliceFileSystemOverheadPercentage": 10, "cBDTBatchReadProcessingLimit": 5000, "cLSFileLockHeldLogTimeOutMS": 1500, "cBSCheckEnableBulkAllocationForSSReads": true, "cNumberOfOutstandingBlocksToIncrement": 200, "cBDTSourceBatchSize": 512, "cMinISCSISessionUsableLimitMSec": 10000, "cISCSISessionActiveCommandTracking": true, "cLastAccessTimeSaveIntervalSec": 3600, "cMinFlushTrialsBeforeAbandonFlushSet": 2, "cDelayedThreadPoolThreads": 2, "cSSHealthMonitorHealthSamplesConsideredPermanent": 10, "lcIIC": 0, "cVirtualNetworkFaultOnNoAvailableAddresses": true, "kMaxQueuedSegmentWrites": 20, "laRecorder": 5, "cClearCachedServiceInfos": false, "lcPCache": 0, "cSliceBalancerFullnessCheckerPerNodeSyncTime": "03:00:00.000000", "cSliceFileMinBlocksForBulk": 4, "laProcess": 5, "cBSThrottleStage2Pct": 0.02, "cBSCheckSSBlockIDQueryBatchSize": 50000, "cFlusherPersistThreads": 1, "laBSFlow": 5, "cEnablePrimaryOpsInline": 1, "cConstantGCInBlockStage4and5": true, "laSocket": 5, "lcBSM": 0, "lcFS": 0, "cDBFUsageMaxIOPS": 38, "cSliceSyncStartDeadSyncThreadCount": 12, "cSSSegmentWriterMinDesiredMBPerSecond": 10, "cFailedLoginSleep": "00:00:01.000000", "cIOCounterIntervalMS": 1500, "cMinAgeOfFlushSetToBeUnblocked": 5, "cDEBUGReturnXUBID": 0, "cLowMemoryErrorPercent": 5.0, "cConnectionMonitorHangTimeoutAdjustment": "00:02:00.000000", "cIOLatencyLoggingLevel": 1, "cEnableFcAlua": 0, "cLocationStoragePrimaryCacheInitialPerSliceMapSize": 16384, "cFindMismatchedSliceLBAsMaxMismatches": 10000, "cDisableSliceFileWriteChecksum": 0, "cExcessiveLogReplayTimeSec": 2700, "cRemoveFromCacheTimeSec": 300, "lcISI": 0, "laVS": 5, "cMaxIOPSLatencyUS": 1000, "cBinAssignmentsBalancedCouplingThreshold": 0.05, "cBSAutomaticCheckPauseMSec": 600, "cSSSegmentWriterDesiredBytesPerSleep": 0, "cISCSITargetOffloadThreads": 64, "cRefreshSliceCacheSizeIntervalMS": 60000, "cSliceSyncHangTimeoutSeconds": 300, "laFTC": 5, "cVvolRebindTimeoutNoneMSec": 10000, "cBatchReadOpTimeoutMS": 29000, "cPersistActiveBranch": 1, "cMaximumDriveFailureCount": 8, "cISCSIDesiredMaxRecvDataSegmentLength": 262144, "lcHeartbeat": 0, "lcCStore": 0, "cLSFileSystemAsyncOperationInterval": 100, "cMinSliceWriteBlocks": 2, "cGCInterval": "01:00:00.000000", "cSliceFileMinBlocksToSync": 4, "lcConflict": 0, "cLowMemoryCriticalPercent": 0.5, "cSliceSyncLiveSyncThreadCount": 6, "lcEfficiency": 0, "laTrace": 5, "cBSOpQueueWriteThreads": 8, "cIOThreadsPerSession": 4, "lcBSMap": 0, "cSnapMirrorPostThreadPoolSize": 8, "cDecompressBlocksAtEndOfRead": 0, "laBSM": 5, "cMinimumSnapshotTimeout": 40, "cBSCancelGracefulBinSyncing": -1, "cMaxSCSITaskDestructDelayMSec": 500, "cClusterFaultMonitorMinValidFibreChannelNodeCount": 2, "cBmcResetDurationMinutes": 20160, "cBulkJobsMaxSimultaneousPerNode": 8, "laDB": 6, "cSchedulerIntervalSec": 300, "cMinFlushSetFullPercentageForRotation": 80, "cBVCoordinatorHangTimeoutSeconds": 300, "cIgnoreUnresponsiveBServices": 0, "cInitiatorInitiatorCountMax": 10000, "lcTrace": 0, "laIPC": 5, "cNtpUpdateClockOnRestart": 0, "cBServiceSocketBufferSize": 12582912, "cRemotePollIntervalMS": 60000, "cDBFThrottlePower": 2, "laIORouting": 5, "cChecksumUtilsThreadCount": 4, "lcBSFlow": 0, "cISCSIMaxFcNodeSessionCommands": 2048, "cVvolHostExpireSec": 172800, "cITNexusEnableFCITLNexusInlineCreation": true, "cBinBloomFilterBits": 131072, "cKernelCrashDumpKernelOptions": "", "cIncludeHeadroomInRoomToSyncBinsCheck": true, "cEnableChecksumsCompressionFormat": true, "laSCache": 5, "cClusterFullMetadataStageJumpPersistenceMS": 600000, "cSSRecycleAtPct": 0.1, "cSliceSyncControllerThreadCount": 4, "lcFirewall": 0, "cDisableIOPathHealthCheck": 1, "cForceRebalanceOnServiceStart": true, "cBSMapPreventResizeThreshold": "Critical", "cSnapshotReplicationBlockedByStage4ClusterFullness": true, "cBackgroundFlushBuffersPerPass": 10, "cBufferManagerFreeInterval": 500, "cEnableMaxVvolsLimit": true, "laSSMonitor": 5, "cPercentageOfSectorsToCheckAreZeroed": 0.01, "lcIPC": 0, "cBinSyncHeadroomPercent": 3.0, "cBmcResetLoopUntilRetrySeconds": 10, "cSliceLayoutDBLoadParallelism": 4, "cSleepOnSendFiltersMS": 100, "cEnableWriteIncarnCheck": 1, "cConsolidatedQueueStatLogIntervalMS": 300000, "lcNet": 0, "cISNSClientQueryMSecs": 60000, "cRemoteRepPauseLimitMB": 3000, "cLSFileAsyncSyncOnAppendSize": 131072, "cSSDirectorEnableExpansionWithUnmovedPrimaries": false, "cWriteThrottlingEnabledOnStartup": false, "cFlowControlThresholdPercentage": 50, "cSliceBulkBufferSizeGB": 0, "cBinSyncWriteMiBPerSecond": 0, "cLowMemoryErrorBytes": 0, "cSliceBalanceEnableAutoTimerIopsRebalancing": 1, "cBinSyncNewServiceWriteMiBPerSecond": 0, "cSliceErrorCallbackHangTimeout": "00:10:00.000000", "cRebalanceIopsMultiplierTimes100": 1000000, "cForceBinSyncFromDeadServices": -1, "cIORoutingReportNonOptimizedEventMinCommandCount": 1000, "cIrqBalancerErrorRetryIntervalMilliseconds": 60000, "cDeadCheckIntervalMS": 500, "cBSCheckMaxOutstandingQueries": 2, "cBlockDataTransferWriteTimeoutMS": 59000, "cBlockAsyncDiscardTimeoutMS": 1000, "cBulkVolumeUnregisterDelayMS": 4000, "cSnapshotThreadCount": 16, "cSliceFileHangTimeoutSeconds": 300, "lcDiskSegment": 0, "cCheckRemoteRPCConnectionsPeriod": "00:10:00.000000", "cRecompressMaxAllowedCompressionRatio": 4.0, "lcBS": 0, "cClusterSearchIntervalVarianceMSec": 500, "cSSDirectorAddWaitingServicesOnTick": true, "cBDTMaxRetryAttempts": 9223372036854775807, "laIIC": 5, "cHangDetectSignaledWaitSeconds": 10, "lcMS": 0, "cClusterFaultMonitorMaxValidFibreChannelNodeCount": 4, "cMinPCacheFreeSegments": 30, "cFcConfiguratorSingleThreadTeardown": false, "lcUtil": 0, "cPRDSyncing": -1, "cISCSILUN": 0, "laSnaps": 5, "cISCSITargetSocketThreads": 8, "cMtuCheckDefaultMtu": 0, "cBulkJobsMaxSimultaneousPerVolume": 2, "cDisableSliceFileReadChecksum": 0, "cMinIOPSSSLoadIncrement": 1, "cFlusherFlushHangTimeoutSeconds": 300, "cReadWriteThreads": 14, "cBSDisableMetadataOwnerCallbackForBSCheck": false, "cEraseSectorsAtOnce": 65535, "cReplicationRetryAttempts": 1, "cQoSBurstIOPSDefault": 15000, "cVolumeAccessGroupFibreChannelVolumeAccessMax": 16384, "cLSFileSystemAsyncOperationsToPerform": 1000, "cReportAllDataError": 0, "laSlice": 5, "cBSUnusableSpacePercent": 7, "laUpgrade": 5, "cStage4ThrottlingEnd": 100, "cGCMaxFilterMessageErrorsToLog": 20, "cBackgroundFlushThresholdCountMaximum": 4000000, "cBatchReadSizeMax": 2000, "cThrottleHelperCreditsToPostOnModeSwitch": 6, "cEnableCompressionFormatChecksumEvents": true, "laSnapMirrorAgent": 5, "cClearCacheIntervalMS": 300000, "cMaxVvolsLimitEventMargin": 1000, "cLSDDMaxRecyclngThrottledReadSizeKB": 10240, "cForceSliceBlocksDeepCopyAssignment": 0, "lcLeader": 0, "lcSocket": 0, "cSetBSOpQueueReadThreadsBasedOnBinCoupling": true, "cEnableCompressionFormatChecksumChecks": true, "cBufferManagerBufferGCReads": true, "cBSMapResizeMemoryUpdateThreshold": "Error", "cForceRecycleFileWithFullRead": true, "cIORoutingReportVvolRebindEventTimeMS": 60000, "cBSThrottleStage1Pct": 0.03, "cDriveSmartTimeout": "00:00:15.000000", "cSchedulerTimeOffsetSec": 0, "cQoSMaxIOPSDefault": 15000, "cBSKeepDiscardedBlocksInMap": false, "cSyncingStealLoopTimerLogTimeout": 10000, "lcAll": 0, "cVvolManagerUpdateIntervalMSec": 15000, "cFakeThickProvisionedVolumeID": 0, "lcNetworkNamespace": 0, "lcUnitTest": 0, "cPrimaryCacheAlwaysVerifyChecksums": 0, "cDBFUsageMax": 87, "lcSCSIDevice": 0, "cClonesMaxSimultaneousPerVvol": 8, "cFakeBSUsedSpaceGB": 0, "cDatabaseRoleSampling": false, "cDriveIdentifyTimeout": "00:00:15.000000", "cRecorderSamplerHangDetectSec": 0, "lcVvolManager": 0, "laEvent": 5, "cGCMonitorEnableGCMonitor": true, "cBSCheckNumThreads": 8, "laGC": 5}}
2017-10-30 19:13:24.795409 DEBUG [sf_platform.core.retry_handlers.retry_wrapper:636] [MainProcess:MainThread] CallContext 63 SUCCEEDED.
2017-10-30 19:13:24.795715 INFO [sf_platform.api.ApiVolume.purge_deleted_volumes:1222] [MainProcess:MainThread] Purging volumes: [203, 204].
2017-10-30 19:13:24.797107 DEBUG [sf_platform.core.retry_handlers.retry_wrapper:624] [MainProcess:MainThread] CallContext 64: UUID=64-66f9fd0e-bda6-11e7-89b9-6c0b84e27010, function=call_cluster_api, call_stack=[/home/hnathani/repos/suites_refresh/nathaniel/nathaniel-sr-autoplatform/sf_platform/cluster_api.py:purge_deleted_volumes:1573, from /home/hnathani/repos/suites_refresh/nathaniel/nathaniel-sr-autoplatform/sf_platform/api/decorators.py:assured_only_one:393, from /home/hnathani/repos/suites_refresh/nathaniel/nathaniel-sr-autoplatform/sf_platform/api/ApiVolume.py:purge_deleted_volumes:1223, from /home/hnathani/repos/suites_refresh/nathaniel/nathaniel-sr-autotest-content/steps/AutotestVolume.py:delete_volumes:1984, from /home/hnathani/repos/suites_refresh/nathaniel/nathaniel-sr-autotest-content/tests/bulk_volume/cases/bulk_volume_operations.py:_teardown:692]
2017-10-30 19:13:24.797445 DEBUG [autologger.main.log:241] [MainProcess:MainThread] JSON-RPC-POST: method=PurgeDeletedVolumes, url=https://10.117.78.245/json-rpc/10.0, id=57
2017-10-30 19:13:24.797734 DEBUG [autologger.main.log:241] [MainProcess:MainThread] Sending HTTP POST request to server_url: https://10.117.78.245/json-rpc/10.0; {"params": {"volumeIDs": [203, 204]}, "method": "PurgeDeletedVolumes", "id": 57}.
2017-10-30 19:13:25.542176 DEBUG [autologger.main.log:241] [MainProcess:MainThread] JSON-RPC-POST response: {"id": 57, "result": {}}
2017-10-30 19:13:25.542628 DEBUG [sf_platform.core.retry_handlers.retry_wrapper:636] [MainProcess:MainThread] CallContext 64 SUCCEEDED.
2017-10-30 19:13:25.544111 DEBUG [sf_platform.core.retry_handlers.retry_wrapper:624] [MainProcess:MainThread] CallContext 65: UUID=65-66f9fd0f-bda6-11e7-89b9-6c0b84e27010, function=call_readonly_cluster_api, call_stack=[/home/hnathani/repos/suites_refresh/nathaniel/nathaniel-sr-autoplatform/sf_platform/cluster_api.py:list_deleted_volumes:1039, from /home/hnathani/repos/suites_refresh/nathaniel/nathaniel-sr-autoplatform/sf_platform/api/ApiVolume.py:purge_deleted_volumes:1226, from /home/hnathani/repos/suites_refresh/nathaniel/nathaniel-sr-autotest-content/steps/AutotestVolume.py:delete_volumes:1984, from /home/hnathani/repos/suites_refresh/nathaniel/nathaniel-sr-autotest-content/tests/bulk_volume/cases/bulk_volume_operations.py:_teardown:692, from /home/hnathani/repos/suites_refresh/nathaniel/nathaniel-sr-autoplatform/valence_repo/valence/camelot/case.py:_internal_teardown:339]
2017-10-30 19:13:25.544532 DEBUG [autologger.main.log:241] [MainProcess:MainThread] JSON-RPC-POST: method=ListDeletedVolumes, url=https://10.117.78.245/json-rpc/10.0, id=58
2017-10-30 19:13:25.544841 DEBUG [autologger.main.log:241] [MainProcess:MainThread] Sending HTTP POST request to server_url: https://10.117.78.245/json-rpc/10.0; {"params": {}, "method": "ListDeletedVolumes", "id": 58}.
2017-10-30 19:13:26.276754 DEBUG [autologger.main.log:241] [MainProcess:MainThread] JSON-RPC-POST response: {"id": 58, "result": {"volumes": []}}
2017-10-30 19:13:26.277209 DEBUG [sf_platform.core.retry_handlers.retry_wrapper:636] [MainProcess:MainThread] CallContext 65 SUCCEEDED.
2017-10-30 19:13:26.277675 INFO [steps.AutotestAccount.delete_accounts:146] [MainProcess:MainThread] Deleting accounts: [216, 217, 218, 219, 220].
2017-10-30 19:13:26.278013 INFO [steps.AutotestAccount.delete_account:130] [MainProcess:MainThread] Deleting account: 216.
2017-10-30 19:13:26.279631 DEBUG [sf_platform.core.retry_handlers.retry_wrapper:624] [MainProcess:MainThread] CallContext 66: UUID=66-67dc339a-bda6-11e7-89b9-6c0b84e27010, function=call_cluster_api, call_stack=[/home/hnathani/repos/suites_refresh/nathaniel/nathaniel-sr-autoplatform/sf_platform/cluster_api.py:remove_account:5182, from /home/hnathani/repos/suites_refresh/nathaniel/nathaniel-sr-autotest-content/steps/AutotestAccount.py:delete_account:131, from /home/hnathani/repos/suites_refresh/nathaniel/nathaniel-sr-autotest-content/steps/AutotestAccount.py:delete_accounts:148, from /home/hnathani/repos/suites_refresh/nathaniel/nathaniel-sr-autotest-content/tests/bulk_volume/cases/bulk_volume_operations.py:_teardown:698, from /home/hnathani/repos/suites_refresh/nathaniel/nathaniel-sr-autoplatform/valence_repo/valence/camelot/case.py:_internal_teardown:339]
2017-10-30 19:13:26.280033 DEBUG [autologger.main.log:241] [MainProcess:MainThread] JSON-RPC-POST: method=RemoveAccount, url=https://10.117.78.245/json-rpc/10.0, id=59
2017-10-30 19:13:26.280334 DEBUG [autologger.main.log:241] [MainProcess:MainThread] Sending HTTP POST request to server_url: https://10.117.78.245/json-rpc/10.0; {"params": {"accountID": 216}, "method": "RemoveAccount", "id": 59}.
2017-10-30 19:13:27.016456 DEBUG [autologger.main.log:241] [MainProcess:MainThread] JSON-RPC-POST response: {"id": 59, "result": {}}
2017-10-30 19:13:27.016905 DEBUG [sf_platform.core.retry_handlers.retry_wrapper:636] [MainProcess:MainThread] CallContext 66 SUCCEEDED.
2017-10-30 19:13:27.023062 INFO [steps.AutotestAccount.delete_account:130] [MainProcess:MainThread] Deleting account: 217.
2017-10-30 19:13:27.024587 DEBUG [sf_platform.core.retry_handlers.retry_wrapper:624] [MainProcess:MainThread] CallContext 67: UUID=67-67dc339b-bda6-11e7-89b9-6c0b84e27010, function=call_cluster_api, call_stack=[/home/hnathani/repos/suites_refresh/nathaniel/nathaniel-sr-autoplatform/sf_platform/cluster_api.py:remove_account:5182, from /home/hnathani/repos/suites_refresh/nathaniel/nathaniel-sr-autotest-content/steps/AutotestAccount.py:delete_account:131, from /home/hnathani/repos/suites_refresh/nathaniel/nathaniel-sr-autotest-content/steps/AutotestAccount.py:delete_accounts:148, from /home/hnathani/repos/suites_refresh/nathaniel/nathaniel-sr-autotest-content/tests/bulk_volume/cases/bulk_volume_operations.py:_teardown:698, from /home/hnathani/repos/suites_refresh/nathaniel/nathaniel-sr-autoplatform/valence_repo/valence/camelot/case.py:_internal_teardown:339]
2017-10-30 19:13:27.024980 DEBUG [autologger.main.log:241] [MainProcess:MainThread] JSON-RPC-POST: method=RemoveAccount, url=https://10.117.78.245/json-rpc/10.0, id=60
2017-10-30 19:13:27.025284 DEBUG [autologger.main.log:241] [MainProcess:MainThread] Sending HTTP POST request to server_url: https://10.117.78.245/json-rpc/10.0; {"params": {"accountID": 217}, "method": "RemoveAccount", "id": 60}.
2017-10-30 19:13:27.758690 DEBUG [autologger.main.log:241] [MainProcess:MainThread] JSON-RPC-POST response: {"id": 60, "result": {}}
2017-10-30 19:13:27.759092 DEBUG [sf_platform.core.retry_handlers.retry_wrapper:636] [MainProcess:MainThread] CallContext 67 SUCCEEDED.
2017-10-30 19:13:27.759333 INFO [steps.AutotestAccount.delete_account:130] [MainProcess:MainThread] Deleting account: 218.
2017-10-30 19:13:27.760674 DEBUG [sf_platform.core.retry_handlers.retry_wrapper:624] [MainProcess:MainThread] CallContext 68: UUID=68-67dc339c-bda6-11e7-89b9-6c0b84e27010, function=call_cluster_api, call_stack=[/home/hnathani/repos/suites_refresh/nathaniel/nathaniel-sr-autoplatform/sf_platform/cluster_api.py:remove_account:5182, from /home/hnathani/repos/suites_refresh/nathaniel/nathaniel-sr-autotest-content/steps/AutotestAccount.py:delete_account:131, from /home/hnathani/repos/suites_refresh/nathaniel/nathaniel-sr-autotest-content/steps/AutotestAccount.py:delete_accounts:148, from /home/hnathani/repos/suites_refresh/nathaniel/nathaniel-sr-autotest-content/tests/bulk_volume/cases/bulk_volume_operations.py:_teardown:698, from /home/hnathani/repos/suites_refresh/nathaniel/nathaniel-sr-autoplatform/valence_repo/valence/camelot/case.py:_internal_teardown:339]
2017-10-30 19:13:27.761037 DEBUG [autologger.main.log:241] [MainProcess:MainThread] JSON-RPC-POST: method=RemoveAccount, url=https://10.117.78.245/json-rpc/10.0, id=61
2017-10-30 19:13:27.761313 DEBUG [autologger.main.log:241] [MainProcess:MainThread] Sending HTTP POST request to server_url: https://10.117.78.245/json-rpc/10.0; {"params": {"accountID": 218}, "method": "RemoveAccount", "id": 61}.
2017-10-30 19:13:28.494570 DEBUG [autologger.main.log:241] [MainProcess:MainThread] JSON-RPC-POST response: {"id": 61, "result": {}}
2017-10-30 19:13:28.494920 DEBUG [sf_platform.core.retry_handlers.retry_wrapper:636] [MainProcess:MainThread] CallContext 68 SUCCEEDED.
2017-10-30 19:13:28.495121 INFO [steps.AutotestAccount.delete_account:130] [MainProcess:MainThread] Deleting account: 219.
2017-10-30 19:13:28.496341 DEBUG [sf_platform.core.retry_handlers.retry_wrapper:624] [MainProcess:MainThread] CallContext 69: UUID=69-692e7302-bda6-11e7-89b9-6c0b84e27010, function=call_cluster_api, call_stack=[/home/hnathani/repos/suites_refresh/nathaniel/nathaniel-sr-autoplatform/sf_platform/cluster_api.py:remove_account:5182, from /home/hnathani/repos/suites_refresh/nathaniel/nathaniel-sr-autotest-content/steps/AutotestAccount.py:delete_account:131, from /home/hnathani/repos/suites_refresh/nathaniel/nathaniel-sr-autotest-content/steps/AutotestAccount.py:delete_accounts:148, from /home/hnathani/repos/suites_refresh/nathaniel/nathaniel-sr-autotest-content/tests/bulk_volume/cases/bulk_volume_operations.py:_teardown:698, from /home/hnathani/repos/suites_refresh/nathaniel/nathaniel-sr-autoplatform/valence_repo/valence/camelot/case.py:_internal_teardown:339]
2017-10-30 19:13:28.496654 DEBUG [autologger.main.log:241] [MainProcess:MainThread] JSON-RPC-POST: method=RemoveAccount, url=https://10.117.78.245/json-rpc/10.0, id=62
2017-10-30 19:13:28.496889 DEBUG [autologger.main.log:241] [MainProcess:MainThread] Sending HTTP POST request to server_url: https://10.117.78.245/json-rpc/10.0; {"params": {"accountID": 219}, "method": "RemoveAccount", "id": 62}.
2017-10-30 19:13:29.232294 DEBUG [autologger.main.log:241] [MainProcess:MainThread] JSON-RPC-POST response: {"id": 62, "result": {}}
2017-10-30 19:13:29.232670 DEBUG [sf_platform.core.retry_handlers.retry_wrapper:636] [MainProcess:MainThread] CallContext 69 SUCCEEDED.
2017-10-30 19:13:29.232882 INFO [steps.AutotestAccount.delete_account:130] [MainProcess:MainThread] Deleting account: 220.
2017-10-30 19:13:29.234092 DEBUG [sf_platform.core.retry_handlers.retry_wrapper:624] [MainProcess:MainThread] CallContext 70: UUID=70-692e7303-bda6-11e7-89b9-6c0b84e27010, function=call_cluster_api, call_stack=[/home/hnathani/repos/suites_refresh/nathaniel/nathaniel-sr-autoplatform/sf_platform/cluster_api.py:remove_account:5182, from /home/hnathani/repos/suites_refresh/nathaniel/nathaniel-sr-autotest-content/steps/AutotestAccount.py:delete_account:131, from /home/hnathani/repos/suites_refresh/nathaniel/nathaniel-sr-autotest-content/steps/AutotestAccount.py:delete_accounts:148, from /home/hnathani/repos/suites_refresh/nathaniel/nathaniel-sr-autotest-content/tests/bulk_volume/cases/bulk_volume_operations.py:_teardown:698, from /home/hnathani/repos/suites_refresh/nathaniel/nathaniel-sr-autoplatform/valence_repo/valence/camelot/case.py:_internal_teardown:339]
2017-10-30 19:13:29.234431 DEBUG [autologger.main.log:241] [MainProcess:MainThread] JSON-RPC-POST: method=RemoveAccount, url=https://10.117.78.245/json-rpc/10.0, id=63
2017-10-30 19:13:29.234674 DEBUG [autologger.main.log:241] [MainProcess:MainThread] Sending HTTP POST request to server_url: https://10.117.78.245/json-rpc/10.0; {"params": {"accountID": 220}, "method": "RemoveAccount", "id": 63}.
2017-10-30 19:13:29.996658 DEBUG [autologger.main.log:241] [MainProcess:MainThread] JSON-RPC-POST response: {"id": 63, "result": {}}
2017-10-30 19:13:29.997009 DEBUG [sf_platform.core.retry_handlers.retry_wrapper:636] [MainProcess:MainThread] CallContext 70 SUCCEEDED.
2017-10-30 19:13:29.997219 INFO [steps.AutotestAccount.delete_accounts:146] [MainProcess:MainThread] Deleting accounts: [221, 222, 223].
2017-10-30 19:13:29.997399 INFO [steps.AutotestAccount.delete_account:130] [MainProcess:MainThread] Deleting account: 221.
2017-10-30 19:13:29.998655 DEBUG [sf_platform.core.retry_handlers.retry_wrapper:624] [MainProcess:MainThread] CallContext 71: UUID=71-692e7304-bda6-11e7-89b9-6c0b84e27010, function=call_cluster_api, call_stack=[/home/hnathani/repos/suites_refresh/nathaniel/nathaniel-sr-autoplatform/sf_platform/cluster_api.py:remove_account:5182, from /home/hnathani/repos/suites_refresh/nathaniel/nathaniel-sr-autotest-content/steps/AutotestAccount.py:delete_account:131, from /home/hnathani/repos/suites_refresh/nathaniel/nathaniel-sr-autotest-content/steps/AutotestAccount.py:delete_accounts:148, from /home/hnathani/repos/suites_refresh/nathaniel/nathaniel-sr-autotest-content/tests/bulk_volume/cases/bulk_volume_operations.py:_teardown:700, from /home/hnathani/repos/suites_refresh/nathaniel/nathaniel-sr-autoplatform/valence_repo/valence/camelot/case.py:_internal_teardown:339]
2017-10-30 19:13:29.998960 DEBUG [autologger.main.log:241] [MainProcess:MainThread] JSON-RPC-POST: method=RemoveAccount, url=https://10.117.78.245/json-rpc/10.0, id=64
2017-10-30 19:13:29.999190 DEBUG [autologger.main.log:241] [MainProcess:MainThread] Sending HTTP POST request to server_url: https://10.117.78.245/json-rpc/10.0; {"params": {"accountID": 221}, "method": "RemoveAccount", "id": 64}.
2017-10-30 19:13:30.732736 DEBUG [autologger.main.log:241] [MainProcess:MainThread] JSON-RPC-POST response: {"id": 64, "result": {}}
2017-10-30 19:13:30.733245 DEBUG [sf_platform.core.retry_handlers.retry_wrapper:636] [MainProcess:MainThread] CallContext 71 SUCCEEDED.
2017-10-30 19:13:30.733526 INFO [steps.AutotestAccount.delete_account:130] [MainProcess:MainThread] Deleting account: 222.
2017-10-30 19:13:30.735047 DEBUG [sf_platform.core.retry_handlers.retry_wrapper:624] [MainProcess:MainThread] CallContext 72: UUID=72-6a840b86-bda6-11e7-89b9-6c0b84e27010, function=call_cluster_api, call_stack=[/home/hnathani/repos/suites_refresh/nathaniel/nathaniel-sr-autoplatform/sf_platform/cluster_api.py:remove_account:5182, from /home/hnathani/repos/suites_refresh/nathaniel/nathaniel-sr-autotest-content/steps/AutotestAccount.py:delete_account:131, from /home/hnathani/repos/suites_refresh/nathaniel/nathaniel-sr-autotest-content/steps/AutotestAccount.py:delete_accounts:148, from /home/hnathani/repos/suites_refresh/nathaniel/nathaniel-sr-autotest-content/tests/bulk_volume/cases/bulk_volume_operations.py:_teardown:700, from /home/hnathani/repos/suites_refresh/nathaniel/nathaniel-sr-autoplatform/valence_repo/valence/camelot/case.py:_internal_teardown:339]
2017-10-30 19:13:30.735446 DEBUG [autologger.main.log:241] [MainProcess:MainThread] JSON-RPC-POST: method=RemoveAccount, url=https://10.117.78.245/json-rpc/10.0, id=65
2017-10-30 19:13:30.735730 DEBUG [autologger.main.log:241] [MainProcess:MainThread] Sending HTTP POST request to server_url: https://10.117.78.245/json-rpc/10.0; {"params": {"accountID": 222}, "method": "RemoveAccount", "id": 65}.
2017-10-30 19:13:31.472126 DEBUG [autologger.main.log:241] [MainProcess:MainThread] JSON-RPC-POST response: {"id": 65, "result": {}}
2017-10-30 19:13:31.472581 DEBUG [sf_platform.core.retry_handlers.retry_wrapper:636] [MainProcess:MainThread] CallContext 72 SUCCEEDED.
2017-10-30 19:13:31.473079 INFO [steps.AutotestAccount.delete_account:130] [MainProcess:MainThread] Deleting account: 223.
2017-10-30 19:13:31.474740 DEBUG [sf_platform.core.retry_handlers.retry_wrapper:624] [MainProcess:MainThread] CallContext 73: UUID=73-6a840b87-bda6-11e7-89b9-6c0b84e27010, function=call_cluster_api, call_stack=[/home/hnathani/repos/suites_refresh/nathaniel/nathaniel-sr-autoplatform/sf_platform/cluster_api.py:remove_account:5182, from /home/hnathani/repos/suites_refresh/nathaniel/nathaniel-sr-autotest-content/steps/AutotestAccount.py:delete_account:131, from /home/hnathani/repos/suites_refresh/nathaniel/nathaniel-sr-autotest-content/steps/AutotestAccount.py:delete_accounts:148, from /home/hnathani/repos/suites_refresh/nathaniel/nathaniel-sr-autotest-content/tests/bulk_volume/cases/bulk_volume_operations.py:_teardown:700, from /home/hnathani/repos/suites_refresh/nathaniel/nathaniel-sr-autoplatform/valence_repo/valence/camelot/case.py:_internal_teardown:339]
2017-10-30 19:13:31.475140 DEBUG [autologger.main.log:241] [MainProcess:MainThread] JSON-RPC-POST: method=RemoveAccount, url=https://10.117.78.245/json-rpc/10.0, id=66
2017-10-30 19:13:31.475442 DEBUG [autologger.main.log:241] [MainProcess:MainThread] Sending HTTP POST request to server_url: https://10.117.78.245/json-rpc/10.0; {"params": {"accountID": 223}, "method": "RemoveAccount", "id": 66}.
2017-10-30 19:13:32.207700 DEBUG [autologger.main.log:241] [MainProcess:MainThread] JSON-RPC-POST response: {"id": 66, "result": {}}
2017-10-30 19:13:32.208116 DEBUG [sf_platform.core.retry_handlers.retry_wrapper:636] [MainProcess:MainThread] CallContext 73 SUCCEEDED.
2017-10-30 19:13:32.208421 INFO [valence.camelot.suite.run_tests:227] [MainProcess:MainThread] Test Case 0: TcBulkVolSFtoSFS3Swift returned status passed
2017-10-30 19:13:32.208700 DEBUG [valence.camelot.suite._log_threads:355] [MainProcess:MainThread] Suite threads info (should be len=1)  : [<_MainThread(MainThread, started 140583595407104)>]
2017-10-30 19:13:32.208926 DEBUG [valence.camelot.suite._log_threads:358] [MainProcess:MainThread] Suite processes info (should be len=0): []
2017-10-30 19:13:32.209878 DEBUG [valence.camelot.history.record:42] [MainProcess:MainThread] recorded w/stack: execute || > UTC[2017-10-30 19:13:32.209706] LOC[2017-10-30 14:13:32.209706] [camelot/suite.py:162]: Test Suite: Starting Teardown of TsBulkVolOperationsSFtoSFS3Swift
2017-10-30 19:13:32.210135 INFO [valence.camelot.suite._record:310] [MainProcess:MainThread] 

=========================================================================================================
Test Suite: Starting Teardown of TsBulkVolOperationsSFtoSFS3Swift
=========================================================================================================

2017-10-30 19:13:32.210385 DEBUG [valence.camelot.suite._log_threads:355] [MainProcess:MainThread] Suite threads info (should be len=1)  : [<_MainThread(MainThread, started 140583595407104)>]
2017-10-30 19:13:32.210588 DEBUG [valence.camelot.suite._log_threads:358] [MainProcess:MainThread] Suite processes info (should be len=0): []
2017-10-30 19:13:32.210789 INFO [valence.camelot.suite.create_final_report:189] [MainProcess:MainThread] 

=========================================================================================================
Final Report
=========================================================================================================

2017-10-30 19:13:32.211198 INFO [valence.camelot.suite.create_final_report:190] [MainProcess:MainThread] SuiteResult<name=TsBulkVolOperationsSFtoSFS3Swift, status=PASSED, execution_time=0:07:07.317118>
2017-10-30 19:13:32.211510 INFO [valence.camelot.suite.create_final_report:199] [MainProcess:MainThread] 

# History of TsBulkVolOperationsSFtoSFS3Swift[camelot/suite.py:136]
|> UTC[2017-10-30 19:06:24.892556] LOC[2017-10-30 14:06:24.892556] [camelot/suite.py:342]: All Test Case Preconditions
|> UTC[2017-10-30 19:06:24.894108] LOC[2017-10-30 14:06:24.894108] [camelot/suite.py:143]: Test Suite: Starting Setup of TsBulkVolOperationsSFtoSFS3Swift
|> UTC[2017-10-30 19:13:32.209706] LOC[2017-10-30 14:13:32.209706] [camelot/suite.py:162]: Test Suite: Starting Teardown of TsBulkVolOperationsSFtoSFS3Swift
2017-10-30 19:13:32.211721 INFO [valence.camelot.suite.create_final_report:208] [MainProcess:MainThread] Output files dir: /home/hnathani/vl_artifacts/TsBulkVolOperationsSFtoSFS3Swift-2017-10-30T14.06.19
2017-10-30 19:13:32.218639 DEBUG [valence.driver.main._post_to_groot:98] [MainProcess:MainThread] Posting to groot
